Component: ARM Compiler 5.05 update 1 (build 106) Tool: armlink [4d0efa]

==============================================================================

Section Cross References

    startup_stm32f100xb.o(RESET) refers to startup_stm32f100xb.o(STACK) for __initial_sp
    startup_stm32f100xb.o(RESET) refers to startup_stm32f100xb.o(.text) for Reset_Handler
    startup_stm32f100xb.o(RESET) refers to stm32f1xx_it.o(i.SysTick_Handler) for SysTick_Handler
    startup_stm32f100xb.o(RESET) refers to stm32f1xx_it.o(i.DMA1_Channel4_IRQHandler) for DMA1_Channel4_IRQHandler
    startup_stm32f100xb.o(RESET) refers to stm32f1xx_it.o(i.DMA1_Channel5_IRQHandler) for DMA1_Channel5_IRQHandler
    startup_stm32f100xb.o(RESET) refers to stm32f1xx_it.o(i.USART1_IRQHandler) for USART1_IRQHandler
    startup_stm32f100xb.o(.text) refers to system_stm32f1xx.o(i.SystemInit) for SystemInit
    startup_stm32f100xb.o(.text) refers to entry.o(.ARM.Collect$$$$00000000) for __main
    stm32f1xx_hal_gpio.o(i.HAL_GPIO_EXTI_IRQHandler) refers to stm32f1xx_hal_gpio.o(i.HAL_GPIO_EXTI_Callback) for HAL_GPIO_EXTI_Callback
    stm32f1xx_hal_flash_ex.o(i.FLASH_MassErase) refers to stm32f1xx_hal_flash.o(.bss) for pFlash
    stm32f1xx_hal_flash_ex.o(i.FLASH_OB_DisableWRP) refers to stm32f1xx_hal_flash.o(i.FLASH_WaitForLastOperation) for FLASH_WaitForLastOperation
    stm32f1xx_hal_flash_ex.o(i.FLASH_OB_DisableWRP) refers to stm32f1xx_hal_flash_ex.o(i.HAL_FLASHEx_OBErase) for HAL_FLASHEx_OBErase
    stm32f1xx_hal_flash_ex.o(i.FLASH_OB_DisableWRP) refers to stm32f1xx_hal_flash.o(.bss) for pFlash
    stm32f1xx_hal_flash_ex.o(i.FLASH_OB_EnableWRP) refers to stm32f1xx_hal_flash.o(i.FLASH_WaitForLastOperation) for FLASH_WaitForLastOperation
    stm32f1xx_hal_flash_ex.o(i.FLASH_OB_EnableWRP) refers to stm32f1xx_hal_flash_ex.o(i.HAL_FLASHEx_OBErase) for HAL_FLASHEx_OBErase
    stm32f1xx_hal_flash_ex.o(i.FLASH_OB_EnableWRP) refers to stm32f1xx_hal_flash.o(.bss) for pFlash
    stm32f1xx_hal_flash_ex.o(i.FLASH_OB_RDP_LevelConfig) refers to stm32f1xx_hal_flash.o(i.FLASH_WaitForLastOperation) for FLASH_WaitForLastOperation
    stm32f1xx_hal_flash_ex.o(i.FLASH_OB_RDP_LevelConfig) refers to stm32f1xx_hal_flash.o(.bss) for pFlash
    stm32f1xx_hal_flash_ex.o(i.FLASH_PageErase) refers to stm32f1xx_hal_flash.o(.bss) for pFlash
    stm32f1xx_hal_flash_ex.o(i.HAL_FLASHEx_Erase) refers to stm32f1xx_hal_flash.o(i.FLASH_WaitForLastOperation) for FLASH_WaitForLastOperation
    stm32f1xx_hal_flash_ex.o(i.HAL_FLASHEx_Erase) refers to stm32f1xx_hal_flash_ex.o(i.FLASH_MassErase) for FLASH_MassErase
    stm32f1xx_hal_flash_ex.o(i.HAL_FLASHEx_Erase) refers to stm32f1xx_hal_flash_ex.o(i.FLASH_PageErase) for FLASH_PageErase
    stm32f1xx_hal_flash_ex.o(i.HAL_FLASHEx_Erase) refers to stm32f1xx_hal_flash.o(.bss) for pFlash
    stm32f1xx_hal_flash_ex.o(i.HAL_FLASHEx_Erase_IT) refers to stm32f1xx_hal_flash_ex.o(i.FLASH_PageErase) for FLASH_PageErase
    stm32f1xx_hal_flash_ex.o(i.HAL_FLASHEx_Erase_IT) refers to stm32f1xx_hal_flash_ex.o(i.FLASH_MassErase) for FLASH_MassErase
    stm32f1xx_hal_flash_ex.o(i.HAL_FLASHEx_Erase_IT) refers to stm32f1xx_hal_flash.o(.bss) for pFlash
    stm32f1xx_hal_flash_ex.o(i.HAL_FLASHEx_OBErase) refers to stm32f1xx_hal_flash_ex.o(i.FLASH_OB_GetRDP) for FLASH_OB_GetRDP
    stm32f1xx_hal_flash_ex.o(i.HAL_FLASHEx_OBErase) refers to stm32f1xx_hal_flash.o(i.FLASH_WaitForLastOperation) for FLASH_WaitForLastOperation
    stm32f1xx_hal_flash_ex.o(i.HAL_FLASHEx_OBErase) refers to stm32f1xx_hal_flash_ex.o(i.FLASH_OB_RDP_LevelConfig) for FLASH_OB_RDP_LevelConfig
    stm32f1xx_hal_flash_ex.o(i.HAL_FLASHEx_OBErase) refers to stm32f1xx_hal_flash.o(.bss) for pFlash
    stm32f1xx_hal_flash_ex.o(i.HAL_FLASHEx_OBGetConfig) refers to stm32f1xx_hal_flash_ex.o(i.FLASH_OB_GetRDP) for FLASH_OB_GetRDP
    stm32f1xx_hal_flash_ex.o(i.HAL_FLASHEx_OBProgram) refers to stm32f1xx_hal_flash_ex.o(i.FLASH_OB_DisableWRP) for FLASH_OB_DisableWRP
    stm32f1xx_hal_flash_ex.o(i.HAL_FLASHEx_OBProgram) refers to stm32f1xx_hal_flash_ex.o(i.FLASH_OB_EnableWRP) for FLASH_OB_EnableWRP
    stm32f1xx_hal_flash_ex.o(i.HAL_FLASHEx_OBProgram) refers to stm32f1xx_hal_flash_ex.o(i.FLASH_OB_RDP_LevelConfig) for FLASH_OB_RDP_LevelConfig
    stm32f1xx_hal_flash_ex.o(i.HAL_FLASHEx_OBProgram) refers to stm32f1xx_hal_flash.o(i.FLASH_WaitForLastOperation) for FLASH_WaitForLastOperation
    stm32f1xx_hal_flash_ex.o(i.HAL_FLASHEx_OBProgram) refers to stm32f1xx_hal_flash.o(.bss) for pFlash
    stm32f1xx_hal.o(i.HAL_DeInit) refers to stm32f1xx_hal.o(i.HAL_MspDeInit) for HAL_MspDeInit
    stm32f1xx_hal.o(i.HAL_Delay) refers to stm32f1xx_hal.o(i.HAL_GetTick) for HAL_GetTick
    stm32f1xx_hal.o(i.HAL_GetTick) refers to stm32f1xx_hal.o(.data) for .data
    stm32f1xx_hal.o(i.HAL_IncTick) refers to stm32f1xx_hal.o(.data) for .data
    stm32f1xx_hal.o(i.HAL_Init) refers to stm32f1xx_hal_cortex.o(i.HAL_NVIC_SetPriorityGrouping) for HAL_NVIC_SetPriorityGrouping
[...]
    Removing stm32f1xx_hal_cortex.o(i.HAL_NVIC_ClearPendingIRQ), (22 bytes).
    Removing stm32f1xx_hal_cortex.o(i.HAL_NVIC_GetActive), (32 bytes).
    Removing stm32f1xx_hal_cortex.o(i.HAL_NVIC_GetPendingIRQ), (32 bytes).
    Removing stm32f1xx_hal_cortex.o(i.HAL_NVIC_GetPriority), (82 bytes).
    Removing stm32f1xx_hal_cortex.o(i.HAL_NVIC_GetPriorityGrouping), (16 bytes).
    Removing stm32f1xx_hal_cortex.o(i.HAL_NVIC_SetPendingIRQ), (22 bytes).
    Removing stm32f1xx_hal_cortex.o(i.HAL_NVIC_SystemReset), (36 bytes).
    Removing stm32f1xx_hal_tim_ex.o(.rev16_text), (4 bytes).
    Removing stm32f1xx_hal_tim_ex.o(.revsh_text), (4 bytes).
    Removing stm32f1xx_hal_tim_ex.o(.rrx_text), (6 bytes).
    Removing stm32f1xx_hal_rcc.o(.rev16_text), (4 bytes).
    Removing stm32f1xx_hal_rcc.o(.revsh_text), (4 bytes).
    Removing stm32f1xx_hal_rcc.o(.rrx_text), (6 bytes).
    Removing stm32f1xx_hal_rcc.o(i.HAL_RCC_CSSCallback), (2 bytes).
    Removing stm32f1xx_hal_rcc.o(i.HAL_RCC_DeInit), (68 bytes).
    Removing stm32f1xx_hal_rcc.o(i.HAL_RCC_DisableCSS), (12 bytes).
    Removing stm32f1xx_hal_rcc.o(i.HAL_RCC_EnableCSS), (12 bytes).
    Removing stm32f1xx_hal_rcc.o(i.HAL_RCC_GetClockConfig), (52 bytes).
    Removing stm32f1xx_hal_rcc.o(i.HAL_RCC_GetOscConfig), (144 bytes).
    Removing stm32f1xx_hal_rcc.o(i.HAL_RCC_MCOConfig), (72 bytes).
    Removing stm32f1xx_hal_rcc.o(i.HAL_RCC_NMI_IRQHandler), (24 bytes).
    Removing stm32f1xx_hal_pwr.o(.rev16_text), (4 bytes).
    Removing stm32f1xx_hal_pwr.o(.revsh_text), (4 bytes).
    Removing stm32f1xx_hal_pwr.o(.rrx_text), (6 bytes).
    Removing stm32f1xx_hal_pwr.o(i.HAL_PWR_ConfigPVD), (124 bytes).
    Removing stm32f1xx_hal_pwr.o(i.HAL_PWR_DeInit), (24 bytes).
    Removing stm32f1xx_hal_pwr.o(i.HAL_PWR_DisableBkUpAccess), (12 bytes).
    Removing stm32f1xx_hal_pwr.o(i.HAL_PWR_DisablePVD), (12 bytes).
    Removing stm32f1xx_hal_pwr.o(i.HAL_PWR_DisableSEVOnPend), (16 bytes).
    Removing stm32f1xx_hal_pwr.o(i.HAL_PWR_DisableSleepOnExit), (16 bytes).
    Removing stm32f1xx_hal_pwr.o(i.HAL_PWR_DisableWakeUpPin), (28 bytes).
    Removing stm32f1xx_hal_pwr.o(i.HAL_PWR_EnableBkUpAccess), (12 bytes).
    Removing stm32f1xx_hal_pwr.o(i.HAL_PWR_EnablePVD), (12 bytes).
    Removing stm32f1xx_hal_pwr.o(i.HAL_PWR_EnableSEVOnPend), (16 bytes).
    Removing stm32f1xx_hal_pwr.o(i.HAL_PWR_EnableSleepOnExit), (16 bytes).
    Removing stm32f1xx_hal_pwr.o(i.HAL_PWR_EnableWakeUpPin), (28 bytes).
    Removing stm32f1xx_hal_pwr.o(i.HAL_PWR_EnterSLEEPMode), (32 bytes).
    Removing stm32f1xx_hal_pwr.o(i.HAL_PWR_EnterSTANDBYMode), (32 bytes).
    Removing stm32f1xx_hal_pwr.o(i.HAL_PWR_EnterSTOPMode), (68 bytes).
    Removing stm32f1xx_hal_pwr.o(i.HAL_PWR_PVDCallback), (2 bytes).
    Removing stm32f1xx_hal_pwr.o(i.HAL_PWR_PVD_IRQHandler), (28 bytes).
    Removing stm32f1xx_hal_pwr.o(i.PWR_OverloadWfe), (6 bytes).
    Removing stm32f1xx_hal_flash.o(.rev16_text), (4 bytes).
    Removing stm32f1xx_hal_flash.o(.revsh_text), (4 bytes).
    Removing stm32f1xx_hal_flash.o(.rrx_text), (6 bytes).
    Removing stm32f1xx_hal_flash.o(i.FLASH_Program_HalfWord), (28 bytes).
    Removing stm32f1xx_hal_flash.o(i.FLASH_SetErrorCode), (92 bytes).
    Removing stm32f1xx_hal_flash.o(i.FLASH_WaitForLastOperation), (84 bytes).
    Removing stm32f1xx_hal_flash.o(i.HAL_FLASH_EndOfOperationCallback), (2 bytes).
    Removing stm32f1xx_hal_flash.o(i.HAL_FLASH_GetError), (12 bytes).
    Removing stm32f1xx_hal_flash.o(i.HAL_FLASH_IRQHandler), (260 bytes).
    Removing stm32f1xx_hal_flash.o(i.HAL_FLASH_Lock), (20 bytes).
    Removing stm32f1xx_hal_flash.o(i.HAL_FLASH_OB_Launch), (4 bytes).
    Removing stm32f1xx_hal_flash.o(i.HAL_FLASH_OB_Lock), (20 bytes).
    Removing stm32f1xx_hal_flash.o(i.HAL_FLASH_OB_Unlock), (36 bytes).
    Removing stm32f1xx_hal_flash.o(i.HAL_FLASH_OperationErrorCallback), (2 bytes).
    Removing stm32f1xx_hal_flash.o(i.HAL_FLASH_Program), (128 bytes).
    Removing stm32f1xx_hal_flash.o(i.HAL_FLASH_Program_IT), (100 bytes).
    Removing stm32f1xx_hal_flash.o(i.HAL_FLASH_Unlock), (36 bytes).
    Removing stm32f1xx_hal_flash.o(.bss), (32 bytes).
    Removing stm32f1xx_hal_uart.o(.rev16_text), (4 bytes).
    Removing stm32f1xx_hal_uart.o(.revsh_text), (4 bytes).
    Removing stm32f1xx_hal_uart.o(.rrx_text), (6 bytes).
    Removing stm32f1xx_hal_uart.o(i.HAL_HalfDuplex_EnableReceiver), (50 bytes).
    Removing stm32f1xx_hal_uart.o(i.HAL_HalfDuplex_EnableTransmitter), (50 bytes).
    Removing stm32f1xx_hal_uart.o(i.HAL_HalfDuplex_Init), (108 bytes).
    Removing stm32f1xx_hal_uart.o(i.HAL_LIN_Init), (122 bytes).
    Removing stm32f1xx_hal_uart.o(i.HAL_LIN_SendBreak), (46 bytes).
    Removing stm32f1xx_hal_uart.o(i.HAL_MultiProcessor_EnterMuteMode), (46 bytes).
    Removing stm32f1xx_hal_uart.o(i.HAL_MultiProcessor_ExitMuteMode), (46 bytes).
    Removing stm32f1xx_hal_uart.o(i.HAL_MultiProcessor_Init), (130 bytes).
    Removing stm32f1xx_hal_uart.o(i.HAL_UART_Abort), (104 bytes).
    Removing stm32f1xx_hal_uart.o(i.HAL_UART_AbortCpltCallback), (2 bytes).
    Removing stm32f1xx_hal_uart.o(i.HAL_UART_AbortReceive), (68 bytes).
    Removing stm32f1xx_hal_uart.o(i.HAL_UART_AbortReceiveCpltCallback), (2 bytes).
    Removing stm32f1xx_hal_uart.o(i.HAL_UART_AbortReceive_IT), (92 bytes).
    Removing stm32f1xx_hal_uart.o(i.HAL_UART_AbortTransmit), (58 bytes).
    Removing stm32f1xx_hal_uart.o(i.HAL_UART_AbortTransmitCpltCallback), (2 bytes).
    Removing stm32f1xx_hal_uart.o(i.HAL_UART_AbortTransmit_IT), (84 bytes).
    Removing stm32f1xx_hal_uart.o(i.HAL_UART_Abort_IT), (172 bytes).
    Removing stm32f1xx_hal_uart.o(i.HAL_UART_DMAPause), (102 bytes).
    Removing stm32f1xx_hal_uart.o(i.HAL_UART_DMAResume), (94 bytes).
    Removing stm32f1xx_hal_uart.o(i.HAL_UART_DMAStop), (88 bytes).
    Removing stm32f1xx_hal_uart.o(i.HAL_UART_DeInit), (40 bytes).
    Removing stm32f1xx_hal_uart.o(i.HAL_UART_GetError), (4 bytes).
    Removing stm32f1xx_hal_uart.o(i.HAL_UART_GetState), (10 bytes).
    Removing stm32f1xx_hal_uart.o(i.HAL_UART_MspDeInit), (2 bytes).
    Removing stm32f1xx_hal_uart.o(i.HAL_UART_MspInit), (2 bytes).
    Removing stm32f1xx_hal_uart.o(i.HAL_UART_Receive), (184 bytes).
    Removing stm32f1xx_hal_uart.o(i.HAL_UART_Receive_IT), (82 bytes).
    Removing stm32f1xx_hal_uart.o(i.HAL_UART_Transmit_IT), (62 bytes).
    Removing stm32f1xx_hal_uart.o(i.HAL_UART_TxCpltCallback), (2 bytes).
    Removing stm32f1xx_hal_uart.o(i.UART_DMARxAbortCallback), (42 bytes).
    Removing stm32f1xx_hal_uart.o(i.UART_DMARxOnlyAbortCallback), (20 bytes).
    Removing stm32f1xx_hal_uart.o(i.UART_DMATxAbortCallback), (42 bytes).
    Removing stm32f1xx_hal_uart.o(i.UART_DMATxOnlyAbortCallback), (20 bytes).
    Removing stm32f1xx_hal_gpio_ex.o(.rev16_text), (4 bytes).
    Removing stm32f1xx_hal_gpio_ex.o(.revsh_text), (4 bytes).
    Removing stm32f1xx_hal_gpio_ex.o(.rrx_text), (6 bytes).
    Removing stm32f1xx_hal_gpio_ex.o(i.HAL_GPIOEx_ConfigEventout), (20 bytes).
    Removing stm32f1xx_hal_gpio_ex.o(i.HAL_GPIOEx_DisableEventout), (16 bytes).
    Removing stm32f1xx_hal_gpio_ex.o(i.HAL_GPIOEx_EnableEventout), (16 bytes).
    Removing stm32f1xx_hal_dma.o(.rev16_text), (4 bytes).
    Removing stm32f1xx_hal_dma.o(.revsh_text), (4 bytes).
    Removing stm32f1xx_hal_dma.o(.rrx_text), (6 bytes).
    Removing stm32f1xx_hal_dma.o(i.HAL_DMA_Abort), (48 bytes).
    Removing stm32f1xx_hal_dma.o(i.HAL_DMA_GetError), (4 bytes).
    Removing stm32f1xx_hal_dma.o(i.HAL_DMA_GetState), (6 bytes).
    Removing stm32f1xx_hal_dma.o(i.HAL_DMA_PollForTransfer), (532 bytes).
    Removing stm32f1xx_hal_dma.o(i.HAL_DMA_RegisterCallback), (74 bytes).
    Removing stm32f1xx_hal_dma.o(i.HAL_DMA_Start), (80 bytes).
    Removing stm32f1xx_hal_dma.o(i.HAL_DMA_UnRegisterCallback), (82 bytes).
    Removing stm32f1xx_hal_tim.o(.rev16_text), (4 bytes).
    Removing stm32f1xx_hal_tim.o(.revsh_text), (4 bytes).
    Removing stm32f1xx_hal_tim.o(.rrx_text), (6 bytes).
    Removing stm32f1xx_hal_rcc_ex.o(.rev16_text), (4 bytes).
    Removing stm32f1xx_hal_rcc_ex.o(.revsh_text), (4 bytes).
    Removing stm32f1xx_hal_rcc_ex.o(.rrx_text), (6 bytes).
    Removing stm32f1xx_hal_rcc_ex.o(i.HAL_RCCEx_GetPeriphCLKConfig), (32 bytes).
    Removing stm32f1xx_hal_rcc_ex.o(i.HAL_RCCEx_GetPeriphCLKFreq), (92 bytes).
    Removing stm32f1xx_hal_rcc_ex.o(i.HAL_RCCEx_PeriphCLKConfig), (220 bytes).
    Removing system_stm32f1xx.o(.rev16_text), (4 bytes).
    Removing system_stm32f1xx.o(.revsh_text), (4 bytes).
    Removing system_stm32f1xx.o(.rrx_text), (6 bytes).
    Removing system_stm32f1xx.o(i.SystemCoreClockUpdate), (112 bytes).
    Removing main.o(.rev16_text), (4 bytes).
    Removing main.o(.revsh_text), (4 bytes).
    Removing main.o(.rrx_text), (6 bytes).
    Removing usart.o(.rev16_text), (4 bytes).
    Removing usart.o(.revsh_text), (4 bytes).
    Removing usart.o(.rrx_text), (6 bytes).
    Removing usart.o(i.HAL_USART_Read), (4 bytes).
    Removing usart.o(i.HAL_USART_RxBufLen), (4 bytes).
    Removing stm32f1xx_hal_msp.o(.rev16_text), (4 bytes).
    Removing stm32f1xx_hal_msp.o(.revsh_text), (4 bytes).
    Removing stm32f1xx_hal_msp.o(.rrx_text), (6 bytes).
    Removing gpio.o(.rev16_text), (4 bytes).
    Removing gpio.o(.revsh_text), (4 bytes).
    Removing gpio.o(.rrx_text), (6 bytes).
    Removing stm32f1xx_it.o(.rev16_text), (4 bytes).
    Removing stm32f1xx_it.o(.revsh_text), (4 bytes).
    Removing stm32f1xx_it.o(.rrx_text), (6 bytes).
    Removing nbbc95.o(.rev16_text), (4 bytes).
    Removing nbbc95.o(.revsh_text), (4 bytes).
    Removing nbbc95.o(.rrx_text), (6 bytes).
    Removing nbbc95.o(i.NBHexStrToNum), (96 bytes).
    Removing nbbc95.o(i.NBModuleMain), (16 bytes).
    Removing nbbc95.o(.constdata), (6 bytes).
    Removing nbbc95.o(.constdata), (3 bytes).
    Removing nbbc95.o(.constdata), (3 bytes).
    Removing nbbc95.o(.conststring), (8 bytes).
    Removing nbbc95.o(.conststring), (12 bytes).
    Removing nbbc95.o(.conststring), (9 bytes).
    Removing nbbc95.o(.conststring), (9 bytes).
    Removing nbbc95.o(.conststring), (9 bytes).
    Removing nbbc95.o(.conststring), (12 bytes).
    Removing nbbc95.o(.data), (4 bytes).
    Removing nbbc95.o(.data), (4 bytes).
    Removing nbbc95.o(.data), (4 bytes).
    Removing nbbc95.o(.data), (4 bytes).
    Removing nbbc95.o(.data), (4 bytes).
    Removing nbbc95.o(.data), (4 bytes).
    Removing dma.o(.rev16_text), (4 bytes).
    Removing dma.o(.revsh_text), (4 bytes).
    Removing dma.o(.rrx_text), (6 bytes).
    Removing dma_fun.o(.rev16_text), (4 bytes).
    Removing dma_fun.o(.revsh_text), (4 bytes).
    Removing dma_fun.o(.rrx_text), (6 bytes).
    Removing nbbc95_cfg.o(.rev16_text), (4 bytes).
    Removing nbbc95_cfg.o(.revsh_text), (4 bytes).
    Removing nbbc95_cfg.o(.rrx_text), (6 bytes).
    Removing uarttimerpoll.o(.rev16_text), (4 bytes).
    Removing uarttimerpoll.o(.revsh_text), (4 bytes).
    Removing uarttimerpoll.o(.rrx_text), (6 bytes).
    Removing dadd.o(.text), (334 bytes).
    Removing dmul.o(.text), (228 bytes).
    Removing ddiv.o(.text), (222 bytes).
    Removing dfixul.o(.text), (48 bytes).
    Removing cdrcmple.o(.text), (48 bytes).
    Removing depilogue.o(.text), (186 bytes).

227 unused section(s) (total 8901 bytes) removed from the image.

==============================================================================

Image Symbol Table

    Local Symbols

    Symbol Name                              Value     Ov Type        Size  Object(Section)

    ../Drivers/STM32F1xx_HAL_Driver/Src/stm32f1xx_hal.c 0x00000000   Number         0  stm32f1xx_hal.o ABSOLUTE
    ../Drivers/STM32F1xx_HAL_Driver/Src/stm32f1xx_hal_cortex.c 0x00000000   Number         0  stm32f1xx_hal_cortex.o ABSOLUTE
    ../Drivers/STM32F1xx_HAL_Driver/Src/stm32f1xx_hal_dma.c 0x00000000   Number         0  stm32f1xx_hal_dma.o ABSOLUTE
    ../Drivers/STM32F1xx_HAL_Driver/Src/stm32f1xx_hal_flash.c 0x00000000   Number         0  stm32f1xx_hal_flash.o ABSOLUTE
    ../Drivers/STM32F1xx_HAL_Driver/Src/stm32f1xx_hal_flash_ex.c 0x00000000   Number         0  stm32f1xx_hal_flash_ex.o ABSOLUTE
    ../Drivers/STM32F1xx_HAL_Driver/Src/stm32f1xx_hal_gpio.c 0x00000000   Number         0  stm32f1xx_hal_gpio.o ABSOLUTE
    ../Drivers/STM32F1xx_HAL_Driver/Src/stm32f1xx_hal_gpio_ex.c 0x00000000   Number         0  stm32f1xx_hal_gpio_ex.o ABSOLUTE
    ../Drivers/STM32F1xx_HAL_Driver/Src/stm32f1xx_hal_pwr.c 0x00000000   Number         0  stm32f1xx_hal_pwr.o ABSOLUTE
    ../Drivers/STM32F1xx_HAL_Driver/Src/stm32f1xx_hal_rcc.c 0x00000000   Number         0  stm32f1xx_hal_rcc.o ABSOLUTE
    ../Drivers/STM32F1xx_HAL_Driver/Src/stm32f1xx_hal_rcc_ex.c 0x00000000   Number         0  stm32f1xx_hal_rcc_ex.o ABSOLUTE
    ../Drivers/STM32F1xx_HAL_Driver/Src/stm32f1xx_hal_tim.c 0x00000000   Number         0  stm32f1xx_hal_tim.o ABSOLUTE
    ../Drivers/STM32F1xx_HAL_Driver/Src/stm32f1xx_hal_tim_ex.c 0x00000000   Number         0  stm32f1xx_hal_tim_ex.o ABSOLUTE
    ../Drivers/STM32F1xx_HAL_Driver/Src/stm32f1xx_hal_uart.c 0x00000000   Number         0  stm32f1xx_hal_uart.o ABSOLUTE
    ../Src/dma.c                             0x00000000   Number         0  dma.o ABSOLUTE
    ../Src/gpio.c                            0x00000000   Number         0  gpio.o ABSOLUTE
    ../Src/main.c                            0x00000000   Number         0  main.o ABSOLUTE
    ../Src/stm32f1xx_hal_msp.c               0x00000000   Number         0  stm32f1xx_hal_msp.o ABSOLUTE
    ../Src/stm32f1xx_it.c                    0x00000000   Number         0  stm32f1xx_it.o ABSOLUTE
    ../Src/system_stm32f1xx.c                0x00000000   Number         0  system_stm32f1xx.o ABSOLUTE
    ../Src/usart.c                           0x00000000   Number         0  usart.o ABSOLUTE
    ../clib/microlib/ctype/ctype.c           0x00000000   Number         0  isalnum_o.o ABSOLUTE
    ../clib/microlib/ctype/ctype.c           0x00000000   Number         0  isblank_o.o ABSOLUTE
    ../clib/microlib/ctype/ctype.c           0x00000000   Number         0  iscntrl_o.o ABSOLUTE
    ../clib/microlib/ctype/ctype.c           0x00000000   Number         0  isdigit_o.o ABSOLUTE
    ../clib/microlib/ctype/ctype.c           0x00000000   Number         0  isgraph_o.o ABSOLUTE
    ../clib/microlib/ctype/ctype.c           0x00000000   Number         0  islower_o.o ABSOLUTE
    ../clib/microlib/ctype/ctype.c           0x00000000   Number         0  isxdigit_o.o ABSOLUTE
    ../clib/microlib/ctype/ctype.c           0x00000000   Number         0  isprint_o.o ABSOLUTE
    ../clib/microlib/ctype/ctype.c           0x00000000   Number         0  ispunct_o.o ABSOLUTE
    ../clib/microlib/ctype/ctype.c           0x00000000   Number         0  isalpha_o.o ABSOLUTE
    ../clib/microlib/ctype/ctype.c           0x00000000   Number         0  ctype_o.o ABSOLUTE
    ../clib/microlib/ctype/ctype.c           0x00000000   Number         0  isspace_o.o ABSOLUTE
    ../clib/microlib/ctype/ctype.c           0x00000000   Number         0  isupper_o.o ABSOLUTE
    ../clib/microlib/division.c              0x00000000   Number         0  uldiv.o ABSOLUTE
    ../clib/microlib/division.c              0x00000000   Number         0  uidiv.o ABSOLUTE
    ../clib/microlib/errno.c                 0x00000000   Number         0  errno.o ABSOLUTE
    ../clib/microlib/init/entry.s            0x00000000   Number         0  entry9b.o ABSOLUTE
    ../clib/microlib/init/entry.s            0x00000000   Number         0  entry9a.o ABSOLUTE
    ../clib/microlib/init/entry.s            0x00000000   Number         0  entry8b.o ABSOLUTE
    ../clib/microlib/init/entry.s            0x00000000   Number         0  entry8a.o ABSOLUTE
    ../clib/microlib/init/entry.s            0x00000000   Number         0  entry7b.o ABSOLUTE
    ../clib/microlib/init/entry.s            0x00000000   Number         0  entry7a.o ABSOLUTE
    ../clib/microlib/init/entry.s            0x00000000   Number         0  entry5.o ABSOLUTE
    ../clib/microlib/init/entry.s            0x00000000   Number         0  entry2.o ABSOLUTE
    ../clib/microlib/init/entry.s            0x00000000   Number         0  entry10a.o ABSOLUTE
    ../clib/microlib/init/entry.s            0x00000000   Number         0  entry.o ABSOLUTE
    ../clib/microlib/init/entry.s            0x00000000   Number         0  entry11b.o ABSOLUTE
    ../clib/microlib/init/entry.s            0x00000000   Number         0  entry11a.o ABSOLUTE
    ../clib/microlib/init/entry.s            0x00000000   Number         0  entry10b.o ABSOLUTE
    ../clib/microlib/longlong.c              0x00000000   Number         0  llshl.o ABSOLUTE
    ../clib/microlib/longlong.c              0x00000000   Number         0  llsshr.o ABSOLUTE
    ../clib/microlib/longlong.c              0x00000000   Number         0  llushr.o ABSOLUTE
    ../clib/microlib/printf/printf.c         0x00000000   Number         0  printf4.o ABSOLUTE
    ../clib/microlib/printf/printf.c         0x00000000   Number         0  printfa.o ABSOLUTE
    ../clib/microlib/printf/printf.c         0x00000000   Number         0  printfb.o ABSOLUTE
    ../clib/microlib/printf/printf.c         0x00000000   Number         0  printf8.o ABSOLUTE
    ../clib/microlib/printf/printf.c         0x00000000   Number         0  printf7.o ABSOLUTE
    ../clib/microlib/printf/printf.c         0x00000000   Number         0  printf6.o ABSOLUTE
    ../clib/microlib/printf/printf.c         0x00000000   Number         0  printf5.o ABSOLUTE
    ../clib/microlib/printf/printf.c         0x00000000   Number         0  printf0.o ABSOLUTE
    ../clib/microlib/printf/printf.c         0x00000000   Number         0  printf1.o ABSOLUTE
    ../clib/microlib/printf/printf.c         0x00000000   Number         0  printf2.o ABSOLUTE
    ../clib/microlib/printf/printf.c         0x00000000   Number         0  printf3.o ABSOLUTE
    ../clib/microlib/printf/stubs.s          0x00000000   Number         0  stubs.o ABSOLUTE
    ../clib/microlib/stdio/streams.c         0x00000000   Number         0  stdout.o ABSOLUTE
    ../clib/microlib/string/memcpy.c         0x00000000   Number         0  memcpyb.o ABSOLUTE
    ../clib/microlib/string/memcpy.c         0x00000000   Number         0  memcpya.o ABSOLUTE
    ../clib/microlib/string/memset.c         0x00000000   Number         0  memseta.o ABSOLUTE
    ../clib/microlib/string/strchr.c         0x00000000   Number         0  strchr.o ABSOLUTE
    ../clib/microlib/string/strlen.c         0x00000000   Number         0  strlen.o ABSOLUTE
    ../clib/microlib/string/strstr.c         0x00000000   Number         0  strstr.o ABSOLUTE
    ../clib/microlib/string/strtok.c         0x00000000   Number         0  strtok_r.o ABSOLUTE
    ../clib/microlib/string/strtok.c         0x00000000   Number         0  strtok.o ABSOLUTE
    ../clib/microlib/stubs.s                 0x00000000   Number         0  iusefp.o ABSOLUTE
    ../clib/scanf.c                          0x00000000   Number         0  _strtoul.o ABSOLUTE
    ../clib/scanf.c                          0x00000000   Number         0  _chval.o ABSOLUTE
    ../clib/scanf.c                          0x00000000   Number         0  strtoul.o ABSOLUTE
    ../fplib/microlib/fpadd.c                0x00000000   Number         0  dadd.o ABSOLUTE
    ../fplib/microlib/fpdiv.c                0x00000000   Number         0  ddiv.o ABSOLUTE
    ../fplib/microlib/fpepilogue.c           0x00000000   Number         0  depilogue.o ABSOLUTE
    ../fplib/microlib/fpfix.c                0x00000000   Number         0  dfixul.o ABSOLUTE
    ../fplib/microlib/fpmul.c                0x00000000   Number         0  dmul.o ABSOLUTE
    ..\Drivers\STM32F1xx_HAL_Driver\Src\stm32f1xx_hal.c 0x00000000   Number         0  stm32f1xx_hal.o ABSOLUTE
    ..\Drivers\STM32F1xx_HAL_Driver\Src\stm32f1xx_hal_cortex.c 0x00000000   Number         0  stm32f1xx_hal_cortex.o ABSOLUTE
    ..\Drivers\STM32F1xx_HAL_Driver\Src\stm32f1xx_hal_dma.c 0x00000000   Number         0  stm32f1xx_hal_dma.o ABSOLUTE
    ..\Drivers\STM32F1xx_HAL_Driver\Src\stm32f1xx_hal_flash.c 0x00000000   Number         0  stm32f1xx_hal_flash.o ABSOLUTE
    ..\Drivers\STM32F1xx_HAL_Driver\Src\stm32f1xx_hal_flash_ex.c 0x00000000   Number         0  stm32f1xx_hal_flash_ex.o ABSOLUTE
    ..\Drivers\STM32F1xx_HAL_Driver\Src\stm32f1xx_hal_gpio.c 0x00000000   Number         0  stm32f1xx_hal_gpio.o ABSOLUTE
    ..\Drivers\STM32F1xx_HAL_Driver\Src\stm32f1xx_hal_gpio_ex.c 0x00000000   Number         0  stm32f1xx_hal_gpio_ex.o ABSOLUTE
    ..\Drivers\STM32F1xx_HAL_Driver\Src\stm32f1xx_hal_pwr.c 0x00000000   Number         0  stm32f1xx_hal_pwr.o ABSOLUTE
    ..\Drivers\STM32F1xx_HAL_Driver\Src\stm32f1xx_hal_rcc.c 0x00000000   Number         0  stm32f1xx_hal_rcc.o ABSOLUTE
    ..\Drivers\STM32F1xx_HAL_Driver\Src\stm32f1xx_hal_rcc_ex.c 0x00000000   Number         0  stm32f1xx_hal_rcc_ex.o ABSOLUTE
    ..\Drivers\STM32F1xx_HAL_Driver\Src\stm32f1xx_hal_tim.c 0x00000000   Number         0  stm32f1xx_hal_tim.o ABSOLUTE
    ..\Drivers\STM32F1xx_HAL_Driver\Src\stm32f1xx_hal_tim_ex.c 0x00000000   Number         0  stm32f1xx_hal_tim_ex.o ABSOLUTE
    ..\Drivers\STM32F1xx_HAL_Driver\Src\stm32f1xx_hal_uart.c 0x00000000   Number         0  stm32f1xx_hal_uart.o ABSOLUTE
    ..\Src\NBBC95.c                          0x00000000   Number         0  nbbc95.o ABSOLUTE
    ..\Src\NBBC95_cfg.c                      0x00000000   Number         0  nbbc95_cfg.o ABSOLUTE
    ..\Src\dma.c                             0x00000000   Number         0  dma.o ABSOLUTE
    ..\Src\dma_fun.c                         0x00000000   Number         0  dma_fun.o ABSOLUTE
    ..\Src\gpio.c                            0x00000000   Number         0  gpio.o ABSOLUTE
    ..\Src\main.c                            0x00000000   Number         0  main.o ABSOLUTE
    ..\Src\stm32f1xx_hal_msp.c               0x00000000   Number         0  stm32f1xx_hal_msp.o ABSOLUTE
    ..\Src\stm32f1xx_it.c                    0x00000000   Number         0  stm32f1xx_it.o ABSOLUTE
    ..\Src\system_stm32f1xx.c                0x00000000   Number         0  system_stm32f1xx.o ABSOLUTE
    ..\Src\uartTimerPoll.c                   0x00000000   Number         0  uarttimerpoll.o ABSOLUTE
    ..\Src\usart.c                           0x00000000   Number         0  usart.o ABSOLUTE
    ..\\Src\\NBBC95.c                        0x00000000   Number         0  nbbc95.o ABSOLUTE
    ..\\Src\\NBBC95_cfg.c                    0x00000000   Number         0  nbbc95_cfg.o ABSOLUTE
    ..\\Src\\dma_fun.c                       0x00000000   Number         0  dma_fun.o ABSOLUTE
    ..\\Src\\uartTimerPoll.c                 0x00000000   Number         0  uarttimerpoll.o ABSOLUTE
    cdrcmple.s                               0x00000000   Number         0  cdrcmple.o ABSOLUTE
    dc.s                                     0x00000000   Number         0  dc.o ABSOLUTE
    handlers.s                               0x00000000   Number         0  handlers.o ABSOLUTE
    init.s                                   0x00000000   Number         0  init.o ABSOLUTE
    startup_stm32f100xb.s                    0x00000000   Number         0  startup_stm32f100xb.o ABSOLUTE
    RESET                                    0x08000000   Section      288  startup_stm32f100xb.o(RESET)
    .ARM.Collect$$$$00000000                 0x08000120   Section        0  entry.o(.ARM.Collect$$$$00000000)
    .ARM.Collect$$$$00000001                 0x08000120   Section        4  entry2.o(.ARM.Collect$$$$00000001)
    .ARM.Collect$$$$00000004                 0x08000124   Section        4  entry5.o(.ARM.Collect$$$$00000004)
    .ARM.Collect$$$$00000008                 0x08000128   Section        0  entry7b.o(.ARM.Collect$$$$00000008)
    .ARM.Collect$$$$0000000A                 0x08000128   Section        0  entry8b.o(.ARM.Collect$$$$0000000A)
    .ARM.Collect$$$$0000000B                 0x08000128   Section        8  entry9a.o(.ARM.Collect$$$$0000000B)
    .ARM.Collect$$$$0000000D                 0x08000130   Section        0  entry10a.o(.ARM.Collect$$$$0000000D)
    .ARM.Collect$$$$0000000F                 0x08000130   Section        0  entry11a.o(.ARM.Collect$$$$0000000F)
    .ARM.Collect$$$$00002712                 0x08000130   Section        4  entry2.o(.ARM.Collect$$$$00002712)
    __lit__00000000                          0x08000130   Data           4  entry2.o(.ARM.Collect$$$$00002712)
    .text                                    0x08000134   Section       36  startup_stm32f100xb.o(.text)
    .text                                    0x08000158   Section        0  memcpya.o(.text)
    .text                                    0x0800017c   Section        0  memseta.o(.text)
    .text                                    0x080001a0   Section        0  strstr.o(.text)
    .text                                    0x080001c4   Section        0  strchr.o(.text)
    .text                                    0x080001d8   Section        0  strlen.o(.text)
    .text                                    0x080001e8   Section        0  strtok.o(.text)
    .text                                    0x0800022c   Section        0  strtoul.o(.text)
    .text                                    0x0800029e   Section        0  uidiv.o(.text)
    .text                                    0x080002cc   Section        0  ctype_o.o(.text)
    .text                                    0x080002d4   Section        0  _strtoul.o(.text)
    .text                                    0x08000374   Section       36  init.o(.text)
    .text                                    0x08000398   Section        0  _chval.o(.text)
    i.DMA1_Channel4_IRQHandler               0x080003b4   Section        0  stm32f1xx_it.o(i.DMA1_Channel4_IRQHandler)
    i.DMA1_Channel5_IRQHandler               0x080003c0   Section        0  stm32f1xx_it.o(i.DMA1_Channel5_IRQHandler)
    i.DMA_SetConfig                          0x080003cc   Section        0  stm32f1xx_hal_dma.o(i.DMA_SetConfig)
    DMA_SetConfig                            0x080003cd   Thumb Code    42  stm32f1xx_hal_dma.o(i.DMA_SetConfig)
    i.GotoNextCmd                            0x080003f8   Section        0  nbbc95.o(i.GotoNextCmd)
    GotoNextCmd                              0x080003f9   Thumb Code   310  nbbc95.o(i.GotoNextCmd)
    i.HAL_DMA_Abort_IT                       0x08000564   Section        0  stm32f1xx_hal_dma.o(i.HAL_DMA_Abort_IT)
    i.HAL_DMA_DeInit                         0x080005fc   Section        0  stm32f1xx_hal_dma.o(i.HAL_DMA_DeInit)
    i.HAL_DMA_IRQHandler                     0x08000650   Section        0  stm32f1xx_hal_dma.o(i.HAL_DMA_IRQHandler)
    i.HAL_DMA_Init                           0x080007a4   Section        0  stm32f1xx_hal_dma.o(i.HAL_DMA_Init)
    i.HAL_DMA_Start_IT                       0x08000808   Section        0  stm32f1xx_hal_dma.o(i.HAL_DMA_Start_IT)
    i.HAL_DMA_UsartInit                      0x08000878   Section        0  usart.o(i.HAL_DMA_UsartInit)
    i.HAL_GPIO_DeInit                        0x080008a4   Section        0  stm32f1xx_hal_gpio.o(i.HAL_GPIO_DeInit)
    i.HAL_GPIO_Init                          0x08000988   Section        0  stm32f1xx_hal_gpio.o(i.HAL_GPIO_Init)
    i.HAL_GetTick                            0x08000b44   Section        0  stm32f1xx_hal.o(i.HAL_GetTick)
    i.HAL_IncTick                            0x08000b50   Section        0  stm32f1xx_hal.o(i.HAL_IncTick)
    i.HAL_Init                               0x08000b60   Section        0  stm32f1xx_hal.o(i.HAL_Init)
    i.HAL_InitTick                           0x08000b78   Section        0  stm32f1xx_hal.o(i.HAL_InitTick)
    i.HAL_MspInit                            0x08000ba0   Section        0  stm32f1xx_hal_msp.o(i.HAL_MspInit)
    i.HAL_NVIC_DisableIRQ                    0x08000c24   Section        0  stm32f1xx_hal_cortex.o(i.HAL_NVIC_DisableIRQ)
    i.HAL_NVIC_EnableIRQ                     0x08000c3a   Section        0  stm32f1xx_hal_cortex.o(i.HAL_NVIC_EnableIRQ)
    i.HAL_NVIC_SetPriority                   0x08000c50   Section        0  stm32f1xx_hal_cortex.o(i.HAL_NVIC_SetPriority)
    i.HAL_NVIC_SetPriorityGrouping           0x08000c90   Section        0  stm32f1xx_hal_cortex.o(i.HAL_NVIC_SetPriorityGrouping)
    i.HAL_RCC_ClockConfig                    0x08000cb4   Section        0  stm32f1xx_hal_rcc.o(i.HAL_RCC_ClockConfig)
    i.HAL_RCC_GetHCLKFreq                    0x08000db0   Section        0  stm32f1xx_hal_rcc.o(i.HAL_RCC_GetHCLKFreq)
    i.HAL_RCC_GetPCLK1Freq                   0x08000dbc   Section        0  stm32f1xx_hal_rcc.o(i.HAL_RCC_GetPCLK1Freq)
    i.HAL_RCC_GetPCLK2Freq                   0x08000ddc   Section        0  stm32f1xx_hal_rcc.o(i.HAL_RCC_GetPCLK2Freq)
    i.HAL_RCC_GetSysClockFreq                0x08000dfc   Section        0  stm32f1xx_hal_rcc.o(i.HAL_RCC_GetSysClockFreq)
    i.HAL_RCC_OscConfig                      0x08000e78   Section        0  stm32f1xx_hal_rcc.o(i.HAL_RCC_OscConfig)
    i.HAL_SYSTICK_CLKSourceConfig            0x0800117c   Section        0  stm32f1xx_hal_cortex.o(i.HAL_SYSTICK_CLKSourceConfig)
    i.HAL_SYSTICK_Callback                   0x08001194   Section        0  stm32f1xx_hal_cortex.o(i.HAL_SYSTICK_Callback)
    i.HAL_SYSTICK_Config                     0x08001196   Section        0  stm32f1xx_hal_cortex.o(i.HAL_SYSTICK_Config)
    i.HAL_SYSTICK_IRQHandler                 0x080011be   Section        0  stm32f1xx_hal_cortex.o(i.HAL_SYSTICK_IRQHandler)
    i.HAL_UART_ErrorCallback                 0x080011c6   Section        0  stm32f1xx_hal_uart.o(i.HAL_UART_ErrorCallback)
    i.HAL_UART_IRQHandler                    0x080011c8   Section        0  stm32f1xx_hal_uart.o(i.HAL_UART_IRQHandler)
    i.HAL_UART_Init                          0x080012d8   Section        0  stm32f1xx_hal_uart.o(i.HAL_UART_Init)
    i.HAL_UART_MspDeInit                     0x0800133c   Section        0  usart.o(i.HAL_UART_MspDeInit)
    i.HAL_UART_MspInit                       0x080013a0   Section        0  usart.o(i.HAL_UART_MspInit)
    i.HAL_UART_Receive_DMA                   0x080014b0   Section        0  stm32f1xx_hal_uart.o(i.HAL_UART_Receive_DMA)
    i.HAL_UART_RxCpltCallback                0x08001548   Section        0  stm32f1xx_hal_uart.o(i.HAL_UART_RxCpltCallback)
    i.HAL_UART_RxHalfCpltCallback            0x0800154a   Section        0  stm32f1xx_hal_uart.o(i.HAL_UART_RxHalfCpltCallback)
    i.HAL_UART_Transmit                      0x0800154c   Section        0  stm32f1xx_hal_uart.o(i.HAL_UART_Transmit)
    i.HAL_UART_Transmit_DMA                  0x08001608   Section        0  stm32f1xx_hal_uart.o(i.HAL_UART_Transmit_DMA)
    i.HAL_UART_TxCpltCallback                0x08001688   Section        0  dma_fun.o(i.HAL_UART_TxCpltCallback)
    i.HAL_UART_TxHalfCpltCallback            0x080016d0   Section        0  stm32f1xx_hal_uart.o(i.HAL_UART_TxHalfCpltCallback)
    i.HAL_USART_Close                        0x080016d4   Section        0  usart.o(i.HAL_USART_Close)
    i.HAL_USART_Poll                         0x080016e0   Section        0  usart.o(i.HAL_USART_Poll)
    i.HAL_USART_Write                        0x08001728   Section        0  usart.o(i.HAL_USART_Write)
    i.InitATcmd                              0x08001750   Section        0  nbbc95.o(i.InitATcmd)
    i.MX_DMA_Init                            0x0800177c   Section        0  dma.o(i.MX_DMA_Init)
    i.MX_GPIO_Init                           0x08001798   Section        0  gpio.o(i.MX_GPIO_Init)
    i.MX_USART1_UART_Init                    0x080017d4   Section        0  usart.o(i.MX_USART1_UART_Init)
    i.MX_USART2_UART_Init                    0x08001820   Section        0  usart.o(i.MX_USART2_UART_Init)
    i.NBSendMsg                              0x0800186c   Section        0  nbbc95.o(i.NBSendMsg)
    i.NB_MsgreportCallback                   0x08001aac   Section        0  main.o(i.NB_MsgreportCallback)
    i.NB_Strtoul                             0x08001ae4   Section        0  nbbc95.o(i.NB_Strtoul)
    i.NBbc95SendCMD_Usart                    0x08001aec   Section        0  nbbc95.o(i.NBbc95SendCMD_Usart)
    i.NVIC_SetPriority                       0x08001b28   Section        0  stm32f1xx_hal_cortex.o(i.NVIC_SetPriority)
    NVIC_SetPriority                         0x08001b29   Thumb Code    32  stm32f1xx_hal_cortex.o(i.NVIC_SetPriority)
    i.ResetReceBuf                           0x08001b48   Section        0  nbbc95.o(i.ResetReceBuf)
    ResetReceBuf                             0x08001b49   Thumb Code    10  nbbc95.o(i.ResetReceBuf)
    i.ResetState                             0x08001b58   Section        0  nbbc95.o(i.ResetState)
    ResetState                               0x08001b59   Thumb Code    10  nbbc95.o(i.ResetState)
    i.SignNBModule                           0x08001b68   Section        0  nbbc95.o(i.SignNBModule)
    i.SysTick_Handler                        0x08001b78   Section        0  stm32f1xx_it.o(i.SysTick_Handler)
    i.SystemClock_Config                     0x08001b86   Section        0  main.o(i.SystemClock_Config)
    i.SystemInit                             0x08001be8   Section        0  system_stm32f1xx.o(i.SystemInit)
    i.TimerPoll                              0x08001c34   Section        0  uarttimerpoll.o(i.TimerPoll)
    i.TimerSet                               0x08001c74   Section        0  uarttimerpoll.o(i.TimerSet)
    i.TimerStart                             0x08001c80   Section        0  uarttimerpoll.o(i.TimerStart)
    i.TimerStop                              0x08001c98   Section        0  uarttimerpoll.o(i.TimerStop)
    i.UART_DMAAbortOnError                   0x08001ca4   Section        0  stm32f1xx_hal_uart.o(i.UART_DMAAbortOnError)
    UART_DMAAbortOnError                     0x08001ca5   Thumb Code    16  stm32f1xx_hal_uart.o(i.UART_DMAAbortOnError)
    i.UART_DMAError                          0x08001cb4   Section        0  stm32f1xx_hal_uart.o(i.UART_DMAError)
    UART_DMAError                            0x08001cb5   Thumb Code    74  stm32f1xx_hal_uart.o(i.UART_DMAError)
    i.UART_DMAReceiveCplt                    0x08001cfe   Section        0  stm32f1xx_hal_uart.o(i.UART_DMAReceiveCplt)
    UART_DMAReceiveCplt                      0x08001cff   Thumb Code    60  stm32f1xx_hal_uart.o(i.UART_DMAReceiveCplt)
    i.UART_DMARxHalfCplt                     0x08001d3a   Section        0  stm32f1xx_hal_uart.o(i.UART_DMARxHalfCplt)
    UART_DMARxHalfCplt                       0x08001d3b   Thumb Code    10  stm32f1xx_hal_uart.o(i.UART_DMARxHalfCplt)
    i.UART_DMATransmitCplt                   0x08001d44   Section        0  stm32f1xx_hal_uart.o(i.UART_DMATransmitCplt)
    UART_DMATransmitCplt                     0x08001d45   Thumb Code    46  stm32f1xx_hal_uart.o(i.UART_DMATransmitCplt)
    i.UART_DMATxHalfCplt                     0x08001d72   Section        0  stm32f1xx_hal_uart.o(i.UART_DMATxHalfCplt)
    UART_DMATxHalfCplt                       0x08001d73   Thumb Code    10  stm32f1xx_hal_uart.o(i.UART_DMATxHalfCplt)
    i.UART_EndRxTransfer                     0x08001d7c   Section        0  stm32f1xx_hal_uart.o(i.UART_EndRxTransfer)
    UART_EndRxTransfer                       0x08001d7d   Thumb Code    28  stm32f1xx_hal_uart.o(i.UART_EndRxTransfer)
    i.UART_EndTxTransfer                     0x08001d98   Section        0  stm32f1xx_hal_uart.o(i.UART_EndTxTransfer)
    UART_EndTxTransfer                       0x08001d99   Thumb Code    18  stm32f1xx_hal_uart.o(i.UART_EndTxTransfer)
    i.UART_Receive_IT                        0x08001daa   Section        0  stm32f1xx_hal_uart.o(i.UART_Receive_IT)
    UART_Receive_IT                          0x08001dab   Thumb Code   150  stm32f1xx_hal_uart.o(i.UART_Receive_IT)
    i.UART_SetConfig                         0x08001e40   Section        0  stm32f1xx_hal_uart.o(i.UART_SetConfig)
    UART_SetConfig                           0x08001e41   Thumb Code   666  stm32f1xx_hal_uart.o(i.UART_SetConfig)
    i.UART_Transmit_IT                       0x080020e0   Section        0  stm32f1xx_hal_uart.o(i.UART_Transmit_IT)
    UART_Transmit_IT                         0x080020e1   Thumb Code    98  stm32f1xx_hal_uart.o(i.UART_Transmit_IT)
    i.UART_WaitOnFlagUntilTimeout            0x08002142   Section        0  stm32f1xx_hal_uart.o(i.UART_WaitOnFlagUntilTimeout)
    UART_WaitOnFlagUntilTimeout              0x08002143   Thumb Code   100  stm32f1xx_hal_uart.o(i.UART_WaitOnFlagUntilTimeout)
    i.USART1_IRQHandler                      0x080021a8   Section        0  stm32f1xx_it.o(i.USART1_IRQHandler)
    i._Error_Handler                         0x080021b4   Section        0  main.o(i._Error_Handler)
    i.__0printf$6                            0x080021b8   Section        0  printf6.o(i.__0printf$6)
    i.__0snprintf$6                          0x080021d8   Section        0  printf6.o(i.__0snprintf$6)
    i.__aeabi_errno_addr                     0x08002200   Section        0  errno.o(i.__aeabi_errno_addr)
    i.__scatterload_copy                     0x08002208   Section       14  handlers.o(i.__scatterload_copy)
    i.__scatterload_null                     0x08002216   Section        2  handlers.o(i.__scatterload_null)
    i.__scatterload_zeroinit                 0x08002218   Section       14  handlers.o(i.__scatterload_zeroinit)
    i._printf_core                           0x08002228   Section        0  printf6.o(i._printf_core)
    _printf_core                             0x08002229   Thumb Code   748  printf6.o(i._printf_core)
    i._printf_post_padding                   0x08002518   Section        0  printf6.o(i._printf_post_padding)
    _printf_post_padding                     0x08002519   Thumb Code    36  printf6.o(i._printf_post_padding)
    i._printf_pre_padding                    0x0800253c   Section        0  printf6.o(i._printf_pre_padding)
    _printf_pre_padding                      0x0800253d   Thumb Code    46  printf6.o(i._printf_pre_padding)
    i._snputc                                0x0800256a   Section        0  printf6.o(i._snputc)
    _snputc                                  0x0800256b   Thumb Code    22  printf6.o(i._snputc)
    i.addr_adjust                            0x08002580   Section        0  nbbc95.o(i.addr_adjust)
    i.bc95Main                               0x080025e0   Section        0  nbbc95.o(i.bc95Main)
    i.bc95ResultHandle                       0x0800271c   Section        0  nbbc95.o(i.bc95ResultHandle)
    i.bc95_AsynNotification                  0x08002780   Section        0  nbbc95.o(i.bc95_AsynNotification)
    i.bc95_SerialReceCallBack                0x0800286c   Section        0  nbbc95.o(i.bc95_SerialReceCallBack)
    bc95_SerialReceCallBack                  0x0800286d   Thumb Code    94  nbbc95.o(i.bc95_SerialReceCallBack)
    i.bc95_SetEvent                          0x080028e0   Section        0  nbbc95.o(i.bc95_SetEvent)
    bc95_SetEvent                            0x080028e1   Thumb Code    10  nbbc95.o(i.bc95_SetEvent)
    i.bc95_TimerOutCallback                  0x080028f0   Section        0  nbbc95.o(i.bc95_TimerOutCallback)
    bc95_TimerOutCallback                    0x080028f1   Thumb Code     6  nbbc95.o(i.bc95_TimerOutCallback)
    i.closeUdp_bc95                          0x080028f6   Section        0  nbbc95.o(i.closeUdp_bc95)
    i.cmdIsPass                              0x08002908   Section        0  nbbc95.o(i.cmdIsPass)
    cmdIsPass                                0x08002909   Thumb Code    64  nbbc95.o(i.cmdIsPass)
    i.createUDPServer_bc95                   0x08002958   Section        0  nbbc95.o(i.createUDPServer_bc95)
    i.formatATcmd                            0x08002968   Section        0  nbbc95.o(i.formatATcmd)
    i.fputc                                  0x080029f4   Section        0  usart.o(i.fputc)
    i.getMISIInfo_bc95                       0x08002a0c   Section        0  nbbc95.o(i.getMISIInfo_bc95)
    i.getModuleInfo_bc95                     0x08002a1c   Section        0  nbbc95.o(i.getModuleInfo_bc95)
    i.getRegisterInfo_bc95                   0x08002a2c   Section        0  nbbc95.o(i.getRegisterInfo_bc95)
    i.initNBModule                           0x08002a3c   Section        0  nbbc95.o(i.initNBModule)
    i.initbc95                               0x08002a4c   Section        0  nbbc95.o(i.initbc95)
    i.isNetSign_bc95                         0x08002a8c   Section        0  nbbc95.o(i.isNetSign_bc95)
    i.main                                   0x08002acc   Section        0  main.o(i.main)
    i.openNBModule                           0x08002bec   Section        0  nbbc95.o(i.openNBModule)
    i.openbc95                               0x08002c0c   Section        0  nbbc95.o(i.openbc95)
    i.recFromUdp_bc95                        0x08002c40   Section        0  nbbc95.o(i.recFromUdp_bc95)
    i.sendToUdp_bc95                         0x08002cac   Section        0  nbbc95.o(i.sendToUdp_bc95)
    i.usartDMA_Avail                         0x08002cbc   Section        0  dma_fun.o(i.usartDMA_Avail)
    i.usartDMA_Init                          0x08002ce8   Section        0  dma_fun.o(i.usartDMA_Init)
    i.usartDMA_Poll_RecAvail                 0x08002d34   Section        0  dma_fun.o(i.usartDMA_Poll_RecAvail)
    i.usartDMA_Read                          0x08002e34   Section        0  dma_fun.o(i.usartDMA_Read)
    i.usartDMA_Write                         0x08002e80   Section        0  dma_fun.o(i.usartDMA_Write)
    i.usart_dma_send                         0x08002f08   Section        0  usart.o(i.usart_dma_send)
    usart_dma_send                           0x08002f09   Thumb Code    10  usart.o(i.usart_dma_send)
    .constdata                               0x08002f18   Section       16  system_stm32f1xx.o(.constdata)
    .constdata                               0x08002f28   Section        8  system_stm32f1xx.o(.constdata)
    .constdata                               0x08002f30   Section       56  nbbc95.o(.constdata)
    .constdata                               0x08002f68   Section      129  ctype_o.o(.constdata)
    .constdata                               0x08002fec   Section        4  ctype_o.o(.constdata)
    table                                    0x08002fec   Data           4  ctype_o.o(.constdata)
    .conststring                             0x08002ff0   Section      159  nbbc95.o(.conststring)
    .data                                    0x20000000   Section        4  stm32f1xx_hal.o(.data)
    .data                                    0x20000004   Section        4  system_stm32f1xx.o(.data)
    .data                                    0x20000008   Section        1  main.o(.data)
    .data                                    0x2000000c   Section        4  usart.o(.data)
    bc95_rec_cb                              0x2000000c   Data           4  usart.o(.data)
    .data                                    0x20000010   Section       80  nbbc95.o(.data)
    bc95_event_reg                           0x20000010   Data           2  nbbc95.o(.data)
    nb_state                                 0x20000058   Data           8  nbbc95.o(.data)
    .data                                    0x20000060   Section        8  dma_fun.o(.data)
    hDMAUsart                                0x20000060   Data           4  dma_fun.o(.data)
    dmaSendData_cb                           0x20000064   Data           4  dma_fun.o(.data)
    .data                                    0x20000068   Section       12  nbbc95_cfg.o(.data)
    .data                                    0x20000074   Section       12  nbbc95_cfg.o(.data)
    .data                                    0x20000080   Section       12  nbbc95_cfg.o(.data)
    .data                                    0x2000008c   Section       12  nbbc95_cfg.o(.data)
    .data                                    0x20000098   Section       16  uarttimerpoll.o(.data)
    .data                                    0x200000a8   Section        4  strtok.o(.data)
    state                                    0x200000a8   Data           4  strtok.o(.data)
    .data                                    0x200000ac   Section        4  stdout.o(.data)
    .data                                    0x200000b0   Section        4  errno.o(.data)
    _errno                                   0x200000b0   Data           4  errno.o(.data)
    .bss                                     0x200000b4   Section      520  usart.o(.bss)
    msgbuf                                   0x200000b4   Data         256  usart.o(.bss)
    .bss                                     0x200002bc   Section     1092  nbbc95.o(.bss)
    atcmd                                    0x200006e8   Data          24  nbbc95.o(.bss)
    .bss                                     0x20000700   Section      792  dma_fun.o(.bss)
    dmaR_Conf                                0x20000700   Data         792  dma_fun.o(.bss)
    STACK                                    0x20000a18   Section     1024  startup_stm32f100xb.o(STACK)

    Global Symbols

    Symbol Name                              Value     Ov Type        Size  Object(Section)

    BuildAttributes$$THM_ISAv4$P$D$K$B$S$PE$A:L22UL41UL21$X:L11$S22US41US21$IEEE1$IW$USESV6$~STKCKD$USESV7$~SHL$OSPACE$ROPI$EBA8$MICROLIB$REQ8$PRES8$EABIv2 0x00000000   Number         0  anon$$obj.o ABSOLUTE
    __ARM_use_no_argv                        0x00000000   Number         0  main.o ABSOLUTE
    _printf_a                                0x00000000   Number         0  stubs.o ABSOLUTE
    _printf_c                                0x00000000   Number         0  stubs.o ABSOLUTE
    _printf_charcount                        0x00000000   Number         0  stubs.o ABSOLUTE
    _printf_d                                0x00000000   Number         0  stubs.o ABSOLUTE
    _printf_e                                0x00000000   Number         0  stubs.o ABSOLUTE
    _printf_f                                0x00000000   Number         0  stubs.o ABSOLUTE
    _printf_flags                            0x00000000   Number         0  stubs.o ABSOLUTE
    _printf_fp_dec                           0x00000000   Number         0  stubs.o ABSOLUTE
    _printf_fp_hex                           0x00000000   Number         0  stubs.o ABSOLUTE
    _printf_g                                0x00000000   Number         0  stubs.o ABSOLUTE
    _printf_i                                0x00000000   Number         0  stubs.o ABSOLUTE
    _printf_int_dec                          0x00000000   Number         0  stubs.o ABSOLUTE
    _printf_l                                0x00000000   Number         0  stubs.o ABSOLUTE
    _printf_lc                               0x00000000   Number         0  stubs.o ABSOLUTE
    _printf_ll                               0x00000000   Number         0  stubs.o ABSOLUTE
    _printf_lld                              0x00000000   Number         0  stubs.o ABSOLUTE
    _printf_lli                              0x00000000   Number         0  stubs.o ABSOLUTE
    _printf_llo                              0x00000000   Number         0  stubs.o ABSOLUTE
    _printf_llu                              0x00000000   Number         0  stubs.o ABSOLUTE
    _printf_llx                              0x00000000   Number         0  stubs.o ABSOLUTE
    _printf_longlong_dec                     0x00000000   Number         0  stubs.o ABSOLUTE
    _printf_longlong_hex                     0x00000000   Number         0  stubs.o ABSOLUTE
    _printf_longlong_oct                     0x00000000   Number         0  stubs.o ABSOLUTE
    _printf_ls                               0x00000000   Number         0  stubs.o ABSOLUTE
    _printf_mbtowc                           0x00000000   Number         0  stubs.o ABSOLUTE
    _printf_n                                0x00000000   Number         0  stubs.o ABSOLUTE
    _printf_o                                0x00000000   Number         0  stubs.o ABSOLUTE
    _printf_p                                0x00000000   Number         0  stubs.o ABSOLUTE
    _printf_percent                          0x00000000   Number         0  stubs.o ABSOLUTE
    _printf_pre_padding                      0x00000000   Number         0  stubs.o ABSOLUTE
    _printf_return_value                     0x00000000   Number         0  stubs.o ABSOLUTE
    _printf_s                                0x00000000   Number         0  stubs.o ABSOLUTE
    _printf_sizespec                         0x00000000   Number         0  stubs.o ABSOLUTE
    _printf_str                              0x00000000   Number         0  stubs.o ABSOLUTE
    _printf_truncate_signed                  0x00000000   Number         0  stubs.o ABSOLUTE
    _printf_truncate_unsigned                0x00000000   Number         0  stubs.o ABSOLUTE
    _printf_u                                0x00000000   Number         0  stubs.o ABSOLUTE
    _printf_wc                               0x00000000   Number         0  stubs.o ABSOLUTE
    _printf_wctomb                           0x00000000   Number         0  stubs.o ABSOLUTE
    _printf_widthprec                        0x00000000   Number         0  stubs.o ABSOLUTE
    _printf_x                                0x00000000   Number         0  stubs.o ABSOLUTE
    __cpp_initialize__aeabi_                  - Undefined Weak Reference
    __cxa_finalize                            - Undefined Weak Reference
    __decompress                              - Undefined Weak Reference
    _clock_init                               - Undefined Weak Reference
    _microlib_exit                            - Undefined Weak Reference
    __Vectors_Size                           0x00000120   Number         0  startup_stm32f100xb.o ABSOLUTE
    __Vectors                                0x08000000   Data           4  startup_stm32f100xb.o(RESET)
    __Vectors_End                            0x08000120   Data           0  startup_stm32f100xb.o(RESET)
    __main                                   0x08000121   Thumb Code     0  entry.o(.ARM.Collect$$$$00000000)
    _main_stk                                0x08000121   Thumb Code     0  entry2.o(.ARM.Collect$$$$00000001)
    _main_scatterload                        0x08000125   Thumb Code     0  entry5.o(.ARM.Collect$$$$00000004)
    __main_after_scatterload                 0x08000129   Thumb Code     0  entry5.o(.ARM.Collect$$$$00000004)
    _main_clock                              0x08000129   Thumb Code     0  entry7b.o(.ARM.Collect$$$$00000008)
    _main_cpp_init                           0x08000129   Thumb Code     0  entry8b.o(.ARM.Collect$$$$0000000A)
    _main_init                               0x08000129   Thumb Code     0  entry9a.o(.ARM.Collect$$$$0000000B)
    __rt_final_cpp                           0x08000131   Thumb Code     0  entry10a.o(.ARM.Collect$$$$0000000D)
    __rt_final_exit                          0x08000131   Thumb Code     0  entry11a.o(.ARM.Collect$$$$0000000F)
    Reset_Handler                            0x08000135   Thumb Code     8  startup_stm32f100xb.o(.text)
    NMI_Handler                              0x0800013d   Thumb Code     2  startup_stm32f100xb.o(.text)
    HardFault_Handler                        0x0800013f   Thumb Code     2  startup_stm32f100xb.o(.text)
    MemManage_Handler                        0x08000141   Thumb Code     2  startup_stm32f100xb.o(.text)
    BusFault_Handler                         0x08000143   Thumb Code     2  startup_stm32f100xb.o(.text)
    UsageFault_Handler                       0x08000145   Thumb Code     2  startup_stm32f100xb.o(.text)
    SVC_Handler                              0x08000147   Thumb Code     2  startup_stm32f100xb.o(.text)
    DebugMon_Handler                         0x08000149   Thumb Code     2  startup_stm32f100xb.o(.text)
    PendSV_Handler                           0x0800014b   Thumb Code     2  startup_stm32f100xb.o(.text)
    ADC1_IRQHandler                          0x0800014f   Thumb Code     0  startup_stm32f100xb.o(.text)
    CEC_IRQHandler                           0x0800014f   Thumb Code     0  startup_stm32f100xb.o(.text)
    DMA1_Channel1_IRQHandler                 0x0800014f   Thumb Code     0  startup_stm32f100xb.o(.text)
    DMA1_Channel2_IRQHandler                 0x0800014f   Thumb Code     0  startup_stm32f100xb.o(.text)
    DMA1_Channel3_IRQHandler                 0x0800014f   Thumb Code     0  startup_stm32f100xb.o(.text)
    DMA1_Channel6_IRQHandler                 0x0800014f   Thumb Code     0  startup_stm32f100xb.o(.text)
    DMA1_Channel7_IRQHandler                 0x0800014f   Thumb Code     0  startup_stm32f100xb.o(.text)
    EXTI0_IRQHandler                         0x0800014f   Thumb Code     0  startup_stm32f100xb.o(.text)
    EXTI15_10_IRQHandler                     0x0800014f   Thumb Code     0  startup_stm32f100xb.o(.text)
    EXTI1_IRQHandler                         0x0800014f   Thumb Code     0  startup_stm32f100xb.o(.text)
    EXTI2_IRQHandler                         0x0800014f   Thumb Code     0  startup_stm32f100xb.o(.text)
    EXTI3_IRQHandler                         0x0800014f   Thumb Code     0  startup_stm32f100xb.o(.text)
    EXTI4_IRQHandler                         0x0800014f   Thumb Code     0  startup_stm32f100xb.o(.text)
    EXTI9_5_IRQHandler                       0x0800014f   Thumb Code     0  startup_stm32f100xb.o(.text)
    FLASH_IRQHandler                         0x0800014f   Thumb Code     0  startup_stm32f100xb.o(.text)
    I2C1_ER_IRQHandler                       0x0800014f   Thumb Code     0  startup_stm32f100xb.o(.text)
    I2C1_EV_IRQHandler                       0x0800014f   Thumb Code     0  startup_stm32f100xb.o(.text)
    I2C2_ER_IRQHandler                       0x0800014f   Thumb Code     0  startup_stm32f100xb.o(.text)
    I2C2_EV_IRQHandler                       0x0800014f   Thumb Code     0  startup_stm32f100xb.o(.text)
    PVD_IRQHandler                           0x0800014f   Thumb Code     0  startup_stm32f100xb.o(.text)
    RCC_IRQHandler                           0x0800014f   Thumb Code     0  startup_stm32f100xb.o(.text)
    RTC_Alarm_IRQHandler                     0x0800014f   Thumb Code     0  startup_stm32f100xb.o(.text)
    RTC_IRQHandler                           0x0800014f   Thumb Code     0  startup_stm32f100xb.o(.text)
    SPI1_IRQHandler                          0x0800014f   Thumb Code     0  startup_stm32f100xb.o(.text)
    SPI2_IRQHandler                          0x0800014f   Thumb Code     0  startup_stm32f100xb.o(.text)
    TAMPER_IRQHandler                        0x0800014f   Thumb Code     0  startup_stm32f100xb.o(.text)
    TIM1_BRK_TIM15_IRQHandler                0x0800014f   Thumb Code     0  startup_stm32f100xb.o(.text)
    TIM1_CC_IRQHandler                       0x0800014f   Thumb Code     0  startup_stm32f100xb.o(.text)
    TIM1_TRG_COM_TIM17_IRQHandler            0x0800014f   Thumb Code     0  startup_stm32f100xb.o(.text)
    TIM1_UP_TIM16_IRQHandler                 0x0800014f   Thumb Code     0  startup_stm32f100xb.o(.text)
    TIM2_IRQHandler                          0x0800014f   Thumb Code     0  startup_stm32f100xb.o(.text)
    TIM3_IRQHandler                          0x0800014f   Thumb Code     0  startup_stm32f100xb.o(.text)
    TIM4_IRQHandler                          0x0800014f   Thumb Code     0  startup_stm32f100xb.o(.text)
    TIM6_DAC_IRQHandler                      0x0800014f   Thumb Code     0  startup_stm32f100xb.o(.text)
    TIM7_IRQHandler                          0x0800014f   Thumb Code     0  startup_stm32f100xb.o(.text)
    USART2_IRQHandler                        0x0800014f   Thumb Code     0  startup_stm32f100xb.o(.text)
    USART3_IRQHandler                        0x0800014f   Thumb Code     0  startup_stm32f100xb.o(.text)
    WWDG_IRQHandler                          0x0800014f   Thumb Code     0  startup_stm32f100xb.o(.text)
    __aeabi_memcpy                           0x08000159   Thumb Code    36  memcpya.o(.text)
    __aeabi_memcpy4                          0x08000159   Thumb Code     0  memcpya.o(.text)
    __aeabi_memcpy8                          0x08000159   Thumb Code     0  memcpya.o(.text)
    __aeabi_memset                           0x0800017d   Thumb Code    14  memseta.o(.text)
    __aeabi_memset4                          0x0800017d   Thumb Code     0  memseta.o(.text)
    __aeabi_memset8                          0x0800017d   Thumb Code     0  memseta.o(.text)
    __aeabi_memclr                           0x0800018b   Thumb Code     4  memseta.o(.text)
    __aeabi_memclr4                          0x0800018b   Thumb Code     0  memseta.o(.text)
    __aeabi_memclr8                          0x0800018b   Thumb Code     0  memseta.o(.text)
    _memset$wrapper                          0x0800018f   Thumb Code    18  memseta.o(.text)
    strstr                                   0x080001a1   Thumb Code    36  strstr.o(.text)
    strchr                                   0x080001c5   Thumb Code    20  strchr.o(.text)
    strlen                                   0x080001d9   Thumb Code    14  strlen.o(.text)
    strtok                                   0x080001e9   Thumb Code    62  strtok.o(.text)
    strtoul                                  0x0800022d   Thumb Code   114  strtoul.o(.text)
    __aeabi_uidiv                            0x0800029f   Thumb Code     0  uidiv.o(.text)
    __aeabi_uidivmod                         0x0800029f   Thumb Code    44  uidiv.o(.text)
    __rt_ctype_table                         0x080002cd   Thumb Code     4  ctype_o.o(.text)
    _strtoul                                 0x080002d5   Thumb Code   158  _strtoul.o(.text)
    __scatterload                            0x08000375   Thumb Code    28  init.o(.text)
    __scatterload_rt2                        0x08000375   Thumb Code     0  init.o(.text)
    _chval                                   0x08000399   Thumb Code    28  _chval.o(.text)
    DMA1_Channel4_IRQHandler                 0x080003b5   Thumb Code     6  stm32f1xx_it.o(i.DMA1_Channel4_IRQHandler)
    DMA1_Channel5_IRQHandler                 0x080003c1   Thumb Code     6  stm32f1xx_it.o(i.DMA1_Channel5_IRQHandler)
    HAL_DMA_Abort_IT                         0x08000565   Thumb Code   148  stm32f1xx_hal_dma.o(i.HAL_DMA_Abort_IT)
    HAL_DMA_DeInit                           0x080005fd   Thumb Code    76  stm32f1xx_hal_dma.o(i.HAL_DMA_DeInit)
    HAL_DMA_IRQHandler                       0x08000651   Thumb Code   316  stm32f1xx_hal_dma.o(i.HAL_DMA_IRQHandler)
    HAL_DMA_Init                             0x080007a5   Thumb Code    92  stm32f1xx_hal_dma.o(i.HAL_DMA_Init)
    HAL_DMA_Start_IT                         0x08000809   Thumb Code   112  stm32f1xx_hal_dma.o(i.HAL_DMA_Start_IT)
    HAL_DMA_UsartInit                        0x08000879   Thumb Code    28  usart.o(i.HAL_DMA_UsartInit)
    HAL_GPIO_DeInit                          0x080008a5   Thumb Code   204  stm32f1xx_hal_gpio.o(i.HAL_GPIO_DeInit)
    HAL_GPIO_Init                            0x08000989   Thumb Code   408  stm32f1xx_hal_gpio.o(i.HAL_GPIO_Init)
    HAL_GetTick                              0x08000b45   Thumb Code     6  stm32f1xx_hal.o(i.HAL_GetTick)
    HAL_IncTick                              0x08000b51   Thumb Code    10  stm32f1xx_hal.o(i.HAL_IncTick)
    HAL_Init                                 0x08000b61   Thumb Code    22  stm32f1xx_hal.o(i.HAL_Init)
    HAL_InitTick                             0x08000b79   Thumb Code    34  stm32f1xx_hal.o(i.HAL_InitTick)
    HAL_MspInit                              0x08000ba1   Thumb Code   122  stm32f1xx_hal_msp.o(i.HAL_MspInit)
    HAL_NVIC_DisableIRQ                      0x08000c25   Thumb Code    22  stm32f1xx_hal_cortex.o(i.HAL_NVIC_DisableIRQ)
    HAL_NVIC_EnableIRQ                       0x08000c3b   Thumb Code    22  stm32f1xx_hal_cortex.o(i.HAL_NVIC_EnableIRQ)
    HAL_NVIC_SetPriority                     0x08000c51   Thumb Code    60  stm32f1xx_hal_cortex.o(i.HAL_NVIC_SetPriority)
    HAL_NVIC_SetPriorityGrouping             0x08000c91   Thumb Code    26  stm32f1xx_hal_cortex.o(i.HAL_NVIC_SetPriorityGrouping)
    HAL_RCC_ClockConfig                      0x08000cb5   Thumb Code   238  stm32f1xx_hal_rcc.o(i.HAL_RCC_ClockConfig)
    HAL_RCC_GetHCLKFreq                      0x08000db1   Thumb Code     6  stm32f1xx_hal_rcc.o(i.HAL_RCC_GetHCLKFreq)
    HAL_RCC_GetPCLK1Freq                     0x08000dbd   Thumb Code    20  stm32f1xx_hal_rcc.o(i.HAL_RCC_GetPCLK1Freq)
    HAL_RCC_GetPCLK2Freq                     0x08000ddd   Thumb Code    20  stm32f1xx_hal_rcc.o(i.HAL_RCC_GetPCLK2Freq)
    HAL_RCC_GetSysClockFreq                  0x08000dfd   Thumb Code    78  stm32f1xx_hal_rcc.o(i.HAL_RCC_GetSysClockFreq)
    HAL_RCC_OscConfig                        0x08000e79   Thumb Code   750  stm32f1xx_hal_rcc.o(i.HAL_RCC_OscConfig)
    HAL_SYSTICK_CLKSourceConfig              0x0800117d   Thumb Code    24  stm32f1xx_hal_cortex.o(i.HAL_SYSTICK_CLKSourceConfig)
    HAL_SYSTICK_Callback                     0x08001195   Thumb Code     2  stm32f1xx_hal_cortex.o(i.HAL_SYSTICK_Callback)
    HAL_SYSTICK_Config                       0x08001197   Thumb Code    40  stm32f1xx_hal_cortex.o(i.HAL_SYSTICK_Config)
    HAL_SYSTICK_IRQHandler                   0x080011bf   Thumb Code     8  stm32f1xx_hal_cortex.o(i.HAL_SYSTICK_IRQHandler)
    HAL_UART_ErrorCallback                   0x080011c7   Thumb Code     2  stm32f1xx_hal_uart.o(i.HAL_UART_ErrorCallback)
    HAL_UART_IRQHandler                      0x080011c9   Thumb Code   266  stm32f1xx_hal_uart.o(i.HAL_UART_IRQHandler)
    HAL_UART_Init                            0x080012d9   Thumb Code    98  stm32f1xx_hal_uart.o(i.HAL_UART_Init)
    HAL_UART_MspDeInit                       0x0800133d   Thumb Code    84  usart.o(i.HAL_UART_MspDeInit)
    HAL_UART_MspInit                         0x080013a1   Thumb Code   232  usart.o(i.HAL_UART_MspInit)
    HAL_UART_Receive_DMA                     0x080014b1   Thumb Code   138  stm32f1xx_hal_uart.o(i.HAL_UART_Receive_DMA)
    HAL_UART_RxCpltCallback                  0x08001549   Thumb Code     2  stm32f1xx_hal_uart.o(i.HAL_UART_RxCpltCallback)
    HAL_UART_RxHalfCpltCallback              0x0800154b   Thumb Code     2  stm32f1xx_hal_uart.o(i.HAL_UART_RxHalfCpltCallback)
    HAL_UART_Transmit                        0x0800154d   Thumb Code   186  stm32f1xx_hal_uart.o(i.HAL_UART_Transmit)
    HAL_UART_Transmit_DMA                    0x08001609   Thumb Code   114  stm32f1xx_hal_uart.o(i.HAL_UART_Transmit_DMA)
    HAL_UART_TxCpltCallback                  0x08001689   Thumb Code    64  dma_fun.o(i.HAL_UART_TxCpltCallback)
    HAL_UART_TxHalfCpltCallback              0x080016d1   Thumb Code     2  stm32f1xx_hal_uart.o(i.HAL_UART_TxHalfCpltCallback)
    HAL_USART_Close                          0x080016d5   Thumb Code     6  usart.o(i.HAL_USART_Close)
    HAL_USART_Poll                           0x080016e1   Thumb Code    54  usart.o(i.HAL_USART_Poll)
    HAL_USART_Write                          0x08001729   Thumb Code    30  usart.o(i.HAL_USART_Write)
    InitATcmd                                0x08001751   Thumb Code    38  nbbc95.o(i.InitATcmd)
    MX_DMA_Init                              0x0800177d   Thumb Code    22  dma.o(i.MX_DMA_Init)
    MX_GPIO_Init                             0x08001799   Thumb Code    54  gpio.o(i.MX_GPIO_Init)
    MX_USART1_UART_Init                      0x080017d5   Thumb Code    52  usart.o(i.MX_USART1_UART_Init)
    MX_USART2_UART_Init                      0x08001821   Thumb Code    52  usart.o(i.MX_USART2_UART_Init)
    NBSendMsg                                0x0800186d   Thumb Code   532  nbbc95.o(i.NBSendMsg)
    NB_MsgreportCallback                     0x08001aad   Thumb Code    38  main.o(i.NB_MsgreportCallback)
    NB_Strtoul                               0x08001ae5   Thumb Code     8  nbbc95.o(i.NB_Strtoul)
    NBbc95SendCMD_Usart                      0x08001aed   Thumb Code    50  nbbc95.o(i.NBbc95SendCMD_Usart)
    SignNBModule                             0x08001b69   Thumb Code    16  nbbc95.o(i.SignNBModule)
    SysTick_Handler                          0x08001b79   Thumb Code    14  stm32f1xx_it.o(i.SysTick_Handler)
    SystemClock_Config                       0x08001b87   Thumb Code    96  main.o(i.SystemClock_Config)
    SystemInit                               0x08001be9   Thumb Code    60  system_stm32f1xx.o(i.SystemInit)
    TimerPoll                                0x08001c35   Thumb Code    58  uarttimerpoll.o(i.TimerPoll)
    TimerSet                                 0x08001c75   Thumb Code     6  uarttimerpoll.o(i.TimerSet)
    TimerStart                               0x08001c81   Thumb Code    18  uarttimerpoll.o(i.TimerStart)
    TimerStop                                0x08001c99   Thumb Code     8  uarttimerpoll.o(i.TimerStop)
    USART1_IRQHandler                        0x080021a9   Thumb Code     6  stm32f1xx_it.o(i.USART1_IRQHandler)
    _Error_Handler                           0x080021b5   Thumb Code     2  main.o(i._Error_Handler)
    __0printf$6                              0x080021b9   Thumb Code    22  printf6.o(i.__0printf$6)
    __1printf$6                              0x080021b9   Thumb Code     0  printf6.o(i.__0printf$6)
    __2printf                                0x080021b9   Thumb Code     0  printf6.o(i.__0printf$6)
    __0snprintf$6                            0x080021d9   Thumb Code    36  printf6.o(i.__0snprintf$6)
    __1snprintf$6                            0x080021d9   Thumb Code     0  printf6.o(i.__0snprintf$6)
    __2snprintf                              0x080021d9   Thumb Code     0  printf6.o(i.__0snprintf$6)
    __aeabi_errno_addr                       0x08002201   Thumb Code     4  errno.o(i.__aeabi_errno_addr)
    __rt_errno_addr                          0x08002201   Thumb Code     0  errno.o(i.__aeabi_errno_addr)
    __scatterload_copy                       0x08002209   Thumb Code    14  handlers.o(i.__scatterload_copy)
    __scatterload_null                       0x08002217   Thumb Code     2  handlers.o(i.__scatterload_null)
    __scatterload_zeroinit                   0x08002219   Thumb Code    14  handlers.o(i.__scatterload_zeroinit)
    addr_adjust                              0x08002581   Thumb Code    90  nbbc95.o(i.addr_adjust)
    bc95Main                                 0x080025e1   Thumb Code   298  nbbc95.o(i.bc95Main)
    bc95ResultHandle                         0x0800271d   Thumb Code    92  nbbc95.o(i.bc95ResultHandle)
    bc95_AsynNotification                    0x08002781   Thumb Code   198  nbbc95.o(i.bc95_AsynNotification)
    closeUdp_bc95                            0x080028f7   Thumb Code    16  nbbc95.o(i.closeUdp_bc95)
    createUDPServer_bc95                     0x08002959   Thumb Code    16  nbbc95.o(i.createUDPServer_bc95)
    formatATcmd                              0x08002969   Thumb Code   102  nbbc95.o(i.formatATcmd)
    fputc                                    0x080029f5   Thumb Code    20  usart.o(i.fputc)
    getMISIInfo_bc95                         0x08002a0d   Thumb Code    16  nbbc95.o(i.getMISIInfo_bc95)
    getModuleInfo_bc95                       0x08002a1d   Thumb Code    16  nbbc95.o(i.getModuleInfo_bc95)
    getRegisterInfo_bc95                     0x08002a2d   Thumb Code    16  nbbc95.o(i.getRegisterInfo_bc95)
    initNBModule                             0x08002a3d   Thumb Code    16  nbbc95.o(i.initNBModule)
    initbc95                                 0x08002a4d   Thumb Code    54  nbbc95.o(i.initbc95)
    isNetSign_bc95                           0x08002a8d   Thumb Code    54  nbbc95.o(i.isNetSign_bc95)
    main                                     0x08002acd   Thumb Code   174  main.o(i.main)
    openNBModule                             0x08002bed   Thumb Code    28  nbbc95.o(i.openNBModule)
    openbc95                                 0x08002c0d   Thumb Code    40  nbbc95.o(i.openbc95)
    recFromUdp_bc95                          0x08002c41   Thumb Code    90  nbbc95.o(i.recFromUdp_bc95)
    sendToUdp_bc95                           0x08002cad   Thumb Code    16  nbbc95.o(i.sendToUdp_bc95)
    usartDMA_Avail                           0x08002cbd   Thumb Code    38  dma_fun.o(i.usartDMA_Avail)
    usartDMA_Init                            0x08002ce9   Thumb Code    66  dma_fun.o(i.usartDMA_Init)
    usartDMA_Poll_RecAvail                   0x08002d35   Thumb Code   242  dma_fun.o(i.usartDMA_Poll_RecAvail)
    usartDMA_Read                            0x08002e35   Thumb Code    70  dma_fun.o(i.usartDMA_Read)
    usartDMA_Write                           0x08002e81   Thumb Code   132  dma_fun.o(i.usartDMA_Write)
    AHBPrescTable                            0x08002f18   Data          16  system_stm32f1xx.o(.constdata)
    APBPrescTable                            0x08002f28   Data           8  system_stm32f1xx.o(.constdata)
    bc95UDPCreateProcess                     0x08002f30   Data           3  nbbc95.o(.constdata)
    bc95InitProcess                          0x08002f33   Data          11  nbbc95.o(.constdata)
    bc95fun                                  0x08002f40   Data          40  nbbc95.o(.constdata)
    __ctype_table                            0x08002f68   Data         129  ctype_o.o(.constdata)
    Region$$Table$$Base                      0x08003090   Number         0  anon$$obj.o(Region$$Table)
    Region$$Table$$Limit                     0x080030b0   Number         0  anon$$obj.o(Region$$Table)
    uwTick                                   0x20000000   Data           4  stm32f1xx_hal.o(.data)
    SystemCoreClock                          0x20000004   Data           4  system_stm32f1xx.o(.data)
    nb_state                                 0x20000008   Data           1  main.o(.data)
    AT                                       0x20000014   Data           4  nbbc95.o(.data)
    AT_CMEE                                  0x20000018   Data           4  nbbc95.o(.data)
    AT_CGMM                                  0x2000001c   Data           4  nbbc95.o(.data)
    AT_CGMR                                  0x20000020   Data           4  nbbc95.o(.data)
    AT_NBAND                                 0x20000024   Data           4  nbbc95.o(.data)
    AT_CGSN                                  0x20000028   Data           4  nbbc95.o(.data)
    AT_CIMI                                  0x2000002c   Data           4  nbbc95.o(.data)
    AT_CGATT                                 0x20000030   Data           4  nbbc95.o(.data)
    AT_CSQ                                   0x20000034   Data           4  nbbc95.o(.data)
    AT_CEREG                                 0x20000038   Data           4  nbbc95.o(.data)
    AT_NSORF                                 0x2000003c   Data           4  nbbc95.o(.data)
    AT_CFUN                                  0x20000040   Data           4  nbbc95.o(.data)
    AT_CSCON                                 0x20000044   Data           4  nbbc95.o(.data)
    AT_NSMI                                  0x20000048   Data           4  nbbc95.o(.data)
    AT_NNMI                                  0x2000004c   Data           4  nbbc95.o(.data)
    AT_NSOCL                                 0x20000050   Data           4  nbbc95.o(.data)
    AT_NSOCR                                 0x20000054   Data           4  nbbc95.o(.data)
    UartTimerFun                             0x20000068   Data          12  nbbc95_cfg.o(.data)
    Serial_fun                               0x20000074   Data          12  nbbc95_cfg.o(.data)
    HWAtrrs_object                           0x20000080   Data          12  nbbc95_cfg.o(.data)
    bc95_cfg                                 0x2000008c   Data          12  nbbc95_cfg.o(.data)
    TickOpenFlag                             0x20000098   Data           1  uarttimerpoll.o(.data)
    TickStart                                0x2000009c   Data           4  uarttimerpoll.o(.data)
    TickDelta                                0x200000a0   Data           4  uarttimerpoll.o(.data)
    TimerOutCb                               0x200000a4   Data           4  uarttimerpoll.o(.data)
    __stdout                                 0x200000ac   Data           4  stdout.o(.data)
    huart1                                   0x200001b4   Data          64  usart.o(.bss)
    huart2                                   0x200001f4   Data          64  usart.o(.bss)
    hdma_usart1_rx                           0x20000234   Data          68  usart.o(.bss)
    hdma_usart1_tx                           0x20000278   Data          68  usart.o(.bss)
    NBCmdBufSend                             0x200002bc   Data         514  nbbc95.o(.bss)
    NBCmdBufRec                              0x200004be   Data         514  nbbc95.o(.bss)
    bc95_status                              0x200006c0   Data          40  nbbc95.o(.bss)
    __initial_sp                             0x20000e18   Data           0  startup_stm32f100xb.o(STACK)



==============================================================================

Memory Map of the image

  Image Entry point : 0x08000121

  Load Region LR_IROM1 (Base: 0x08000000, Size: 0x00003164, Max: 0x00010000, ABSOLUTE)

    Execution Region ER_IROM1 (Base: 0x08000000, Size: 0x000030b0, Max: 0x00010000, ABSOLUTE)

    Base Addr    Size         Type   Attr      Idx    E Section Name        Object

    0x08000000   0x00000120   Data   RO            3    RESET               startup_stm32f100xb.o
    0x08000120   0x00000000   Code   RO         2026  * .ARM.Collect$$$$00000000  mc_w.l(entry.o)
    0x08000120   0x00000004   Code   RO         2312    .ARM.Collect$$$$00000001  mc_w.l(entry2.o)
    0x08000124   0x00000004   Code   RO         2315    .ARM.Collect$$$$00000004  mc_w.l(entry5.o)
    0x08000128   0x00000000   Code   RO         2317    .ARM.Collect$$$$00000008  mc_w.l(entry7b.o)
    0x08000128   0x00000000   Code   RO         2319    .ARM.Collect$$$$0000000A  mc_w.l(entry8b.o)
    0x08000128   0x00000008   Code   RO         2320    .ARM.Collect$$$$0000000B  mc_w.l(entry9a.o)
    0x08000130   0x00000000   Code   RO         2322    .ARM.Collect$$$$0000000D  mc_w.l(entry10a.o)
    0x08000130   0x00000000   Code   RO         2324    .ARM.Collect$$$$0000000F  mc_w.l(entry11a.o)
    0x08000130   0x00000004   Code   RO         2313    .ARM.Collect$$$$00002712  mc_w.l(entry2.o)
    0x08000134   0x00000024   Code   RO            4    .text               startup_stm32f100xb.o
    0x08000158   0x00000024   Code   RO         2031    .text               mc_w.l(memcpya.o)
    0x0800017c   0x00000024   Code   RO         2033    .text               mc_w.l(memseta.o)
    0x080001a0   0x00000024   Code   RO         2035    .text               mc_w.l(strstr.o)
    0x080001c4   0x00000014   Code   RO         2037    .text               mc_w.l(strchr.o)
    0x080001d8   0x0000000e   Code   RO         2039    .text               mc_w.l(strlen.o)
    0x080001e6   0x00000002   PAD
    0x080001e8   0x00000044   Code   RO         2041    .text               mc_w.l(strtok.o)
    0x0800022c   0x00000072   Code   RO         2310    .text               mc_w.l(strtoul.o)
    0x0800029e   0x0000002c   Code   RO         2327    .text               mc_w.l(uidiv.o)
    0x080002ca   0x00000002   PAD
    0x080002cc   0x00000008   Code   RO         2331    .text               mc_w.l(ctype_o.o)
    0x080002d4   0x0000009e   Code   RO         2366    .text               mc_w.l(_strtoul.o)
    0x08000372   0x00000002   PAD
    0x08000374   0x00000024   Code   RO         2379    .text               mc_w.l(init.o)
    0x08000398   0x0000001c   Code   RO         2385    .text               mc_w.l(_chval.o)
    0x080003b4   0x0000000c   Code   RO         1607    i.DMA1_Channel4_IRQHandler  stm32f1xx_it.o
    0x080003c0   0x0000000c   Code   RO         1608    i.DMA1_Channel5_IRQHandler  stm32f1xx_it.o
    0x080003cc   0x0000002a   Code   RO         1208    i.DMA_SetConfig     stm32f1xx_hal_dma.o
    0x080003f6   0x00000002   PAD
    0x080003f8   0x0000016c   Code   RO         1653    i.GotoNextCmd       nbbc95.o
    0x08000564   0x00000098   Code   RO         1210    i.HAL_DMA_Abort_IT  stm32f1xx_hal_dma.o
    0x080005fc   0x00000054   Code   RO         1211    i.HAL_DMA_DeInit    stm32f1xx_hal_dma.o
    0x08000650   0x00000154   Code   RO         1214    i.HAL_DMA_IRQHandler  stm32f1xx_hal_dma.o
    0x080007a4   0x00000064   Code   RO         1215    i.HAL_DMA_Init      stm32f1xx_hal_dma.o
    0x08000808   0x00000070   Code   RO         1219    i.HAL_DMA_Start_IT  stm32f1xx_hal_dma.o
    0x08000878   0x0000002c   Code   RO         1460    i.HAL_DMA_UsartInit  usart.o
    0x080008a4   0x000000e4   Code   RO           13    i.HAL_GPIO_DeInit   stm32f1xx_hal_gpio.o
    0x08000988   0x000001bc   Code   RO           16    i.HAL_GPIO_Init     stm32f1xx_hal_gpio.o
    0x08000b44   0x0000000c   Code   RO          251    i.HAL_GetTick       stm32f1xx_hal.o
    0x08000b50   0x00000010   Code   RO          253    i.HAL_IncTick       stm32f1xx_hal.o
    0x08000b60   0x00000016   Code   RO          254    i.HAL_Init          stm32f1xx_hal.o
    0x08000b76   0x00000002   PAD
    0x08000b78   0x00000028   Code   RO          255    i.HAL_InitTick      stm32f1xx_hal.o
    0x08000ba0   0x00000084   Code   RO         1559    i.HAL_MspInit       stm32f1xx_hal_msp.o
    0x08000c24   0x00000016   Code   RO          382    i.HAL_NVIC_DisableIRQ  stm32f1xx_hal_cortex.o
    0x08000c3a   0x00000016   Code   RO          383    i.HAL_NVIC_EnableIRQ  stm32f1xx_hal_cortex.o
    0x08000c50   0x00000040   Code   RO          389    i.HAL_NVIC_SetPriority  stm32f1xx_hal_cortex.o
    0x08000c90   0x00000024   Code   RO          390    i.HAL_NVIC_SetPriorityGrouping  stm32f1xx_hal_cortex.o
    0x08000cb4   0x000000fc   Code   RO          517    i.HAL_RCC_ClockConfig  stm32f1xx_hal_rcc.o
    0x08000db0   0x0000000c   Code   RO          522    i.HAL_RCC_GetHCLKFreq  stm32f1xx_hal_rcc.o
    0x08000dbc   0x00000020   Code   RO          524    i.HAL_RCC_GetPCLK1Freq  stm32f1xx_hal_rcc.o
    0x08000ddc   0x00000020   Code   RO          525    i.HAL_RCC_GetPCLK2Freq  stm32f1xx_hal_rcc.o
    0x08000dfc   0x0000007c   Code   RO          526    i.HAL_RCC_GetSysClockFreq  stm32f1xx_hal_rcc.o
    0x08000e78   0x00000304   Code   RO          529    i.HAL_RCC_OscConfig  stm32f1xx_hal_rcc.o
    0x0800117c   0x00000018   Code   RO          392    i.HAL_SYSTICK_CLKSourceConfig  stm32f1xx_hal_cortex.o
    0x08001194   0x00000002   Code   RO          393    i.HAL_SYSTICK_Callback  stm32f1xx_hal_cortex.o
    0x08001196   0x00000028   Code   RO          394    i.HAL_SYSTICK_Config  stm32f1xx_hal_cortex.o
    0x080011be   0x00000008   Code   RO          395    i.HAL_SYSTICK_IRQHandler  stm32f1xx_hal_cortex.o
    0x080011c6   0x00000002   Code   RO          867    i.HAL_UART_ErrorCallback  stm32f1xx_hal_uart.o
    0x080011c8   0x00000110   Code   RO          870    i.HAL_UART_IRQHandler  stm32f1xx_hal_uart.o
    0x080012d8   0x00000062   Code   RO          871    i.HAL_UART_Init     stm32f1xx_hal_uart.o
    0x0800133a   0x00000002   PAD
    0x0800133c   0x00000064   Code   RO         1461    i.HAL_UART_MspDeInit  usart.o
    0x080013a0   0x00000110   Code   RO         1462    i.HAL_UART_MspInit  usart.o
    0x080014b0   0x00000098   Code   RO          875    i.HAL_UART_Receive_DMA  stm32f1xx_hal_uart.o
    0x08001548   0x00000002   Code   RO          877    i.HAL_UART_RxCpltCallback  stm32f1xx_hal_uart.o
    0x0800154a   0x00000002   Code   RO          878    i.HAL_UART_RxHalfCpltCallback  stm32f1xx_hal_uart.o
    0x0800154c   0x000000ba   Code   RO          879    i.HAL_UART_Transmit  stm32f1xx_hal_uart.o
    0x08001606   0x00000002   PAD
    0x08001608   0x00000080   Code   RO          880    i.HAL_UART_Transmit_DMA  stm32f1xx_hal_uart.o
    0x08001688   0x00000048   Code   RO         1900    i.HAL_UART_TxCpltCallback  dma_fun.o
    0x080016d0   0x00000002   Code   RO          883    i.HAL_UART_TxHalfCpltCallback  stm32f1xx_hal_uart.o
    0x080016d2   0x00000002   PAD
    0x080016d4   0x0000000c   Code   RO         1463    i.HAL_USART_Close   usart.o
    0x080016e0   0x00000048   Code   RO         1464    i.HAL_USART_Poll    usart.o
    0x08001728   0x00000028   Code   RO         1467    i.HAL_USART_Write   usart.o
    0x08001750   0x0000002c   Code   RO         1654    i.InitATcmd         nbbc95.o
    0x0800177c   0x0000001c   Code   RO         1876    i.MX_DMA_Init       dma.o
    0x08001798   0x0000003c   Code   RO         1583    i.MX_GPIO_Init      gpio.o
    0x080017d4   0x0000004c   Code   RO         1468    i.MX_USART1_UART_Init  usart.o
    0x08001820   0x0000004c   Code   RO         1469    i.MX_USART2_UART_Init  usart.o
    0x0800186c   0x00000240   Code   RO         1657    i.NBSendMsg         nbbc95.o
    0x08001aac   0x00000038   Code   RO         1395    i.NB_MsgreportCallback  main.o
    0x08001ae4   0x00000008   Code   RO         1658    i.NB_Strtoul        nbbc95.o
    0x08001aec   0x0000003c   Code   RO         1659    i.NBbc95SendCMD_Usart  nbbc95.o
    0x08001b28   0x00000020   Code   RO          396    i.NVIC_SetPriority  stm32f1xx_hal_cortex.o
    0x08001b48   0x00000010   Code   RO         1660    i.ResetReceBuf      nbbc95.o
    0x08001b58   0x00000010   Code   RO         1661    i.ResetState        nbbc95.o
    0x08001b68   0x00000010   Code   RO         1662    i.SignNBModule      nbbc95.o
    0x08001b78   0x0000000e   Code   RO         1609    i.SysTick_Handler   stm32f1xx_it.o
    0x08001b86   0x00000060   Code   RO         1396    i.SystemClock_Config  main.o
    0x08001be6   0x00000002   PAD
    0x08001be8   0x0000004c   Code   RO         1358    i.SystemInit        system_stm32f1xx.o
    0x08001c34   0x00000040   Code   RO         1984    i.TimerPoll         uarttimerpoll.o
    0x08001c74   0x0000000c   Code   RO         1985    i.TimerSet          uarttimerpoll.o
    0x08001c80   0x00000018   Code   RO         1986    i.TimerStart        uarttimerpoll.o
    0x08001c98   0x0000000c   Code   RO         1987    i.TimerStop         uarttimerpoll.o
    0x08001ca4   0x00000010   Code   RO          884    i.UART_DMAAbortOnError  stm32f1xx_hal_uart.o
    0x08001cb4   0x0000004a   Code   RO          885    i.UART_DMAError     stm32f1xx_hal_uart.o
    0x08001cfe   0x0000003c   Code   RO          886    i.UART_DMAReceiveCplt  stm32f1xx_hal_uart.o
    0x08001d3a   0x0000000a   Code   RO          888    i.UART_DMARxHalfCplt  stm32f1xx_hal_uart.o
    0x08001d44   0x0000002e   Code   RO          890    i.UART_DMATransmitCplt  stm32f1xx_hal_uart.o
    0x08001d72   0x0000000a   Code   RO          892    i.UART_DMATxHalfCplt  stm32f1xx_hal_uart.o
    0x08001d7c   0x0000001c   Code   RO          894    i.UART_EndRxTransfer  stm32f1xx_hal_uart.o
    0x08001d98   0x00000012   Code   RO          895    i.UART_EndTxTransfer  stm32f1xx_hal_uart.o
    0x08001daa   0x00000096   Code   RO          896    i.UART_Receive_IT   stm32f1xx_hal_uart.o
    0x08001e40   0x000002a0   Code   RO          897    i.UART_SetConfig    stm32f1xx_hal_uart.o
    0x080020e0   0x00000062   Code   RO          898    i.UART_Transmit_IT  stm32f1xx_hal_uart.o
    0x08002142   0x00000064   Code   RO          899    i.UART_WaitOnFlagUntilTimeout  stm32f1xx_hal_uart.o
    0x080021a6   0x00000002   PAD
    0x080021a8   0x0000000c   Code   RO         1610    i.USART1_IRQHandler  stm32f1xx_it.o
    0x080021b4   0x00000002   Code   RO         1397    i._Error_Handler    main.o
    0x080021b6   0x00000002   PAD
    0x080021b8   0x00000020   Code   RO         2204    i.__0printf$6       mc_w.l(printf6.o)
    0x080021d8   0x00000028   Code   RO         2205    i.__0snprintf$6     mc_w.l(printf6.o)
    0x08002200   0x00000008   Code   RO         2359    i.__aeabi_errno_addr  mc_w.l(errno.o)
    0x08002208   0x0000000e   Code   RO         2391    i.__scatterload_copy  mc_w.l(handlers.o)
    0x08002216   0x00000002   Code   RO         2392    i.__scatterload_null  mc_w.l(handlers.o)
    0x08002218   0x0000000e   Code   RO         2393    i.__scatterload_zeroinit  mc_w.l(handlers.o)
    0x08002226   0x00000002   PAD
    0x08002228   0x000002f0   Code   RO         2211    i._printf_core      mc_w.l(printf6.o)
    0x08002518   0x00000024   Code   RO         2212    i._printf_post_padding  mc_w.l(printf6.o)
    0x0800253c   0x0000002e   Code   RO         2213    i._printf_pre_padding  mc_w.l(printf6.o)
    0x0800256a   0x00000016   Code   RO         2214    i._snputc           mc_w.l(printf6.o)
    0x08002580   0x00000060   Code   RO         1663    i.addr_adjust       nbbc95.o
    0x080025e0   0x0000013c   Code   RO         1664    i.bc95Main          nbbc95.o
    0x0800271c   0x00000064   Code   RO         1665    i.bc95ResultHandle  nbbc95.o
    0x08002780   0x000000ec   Code   RO         1666    i.bc95_AsynNotification  nbbc95.o
    0x0800286c   0x00000074   Code   RO         1667    i.bc95_SerialReceCallBack  nbbc95.o
    0x080028e0   0x00000010   Code   RO         1668    i.bc95_SetEvent     nbbc95.o
    0x080028f0   0x00000006   Code   RO         1669    i.bc95_TimerOutCallback  nbbc95.o
    0x080028f6   0x00000010   Code   RO         1670    i.closeUdp_bc95     nbbc95.o
    0x08002906   0x00000002   PAD
    0x08002908   0x00000050   Code   RO         1671    i.cmdIsPass         nbbc95.o
    0x08002958   0x00000010   Code   RO         1672    i.createUDPServer_bc95  nbbc95.o
    0x08002968   0x0000008c   Code   RO         1673    i.formatATcmd       nbbc95.o
    0x080029f4   0x00000018   Code   RO         1470    i.fputc             usart.o
    0x08002a0c   0x00000010   Code   RO         1674    i.getMISIInfo_bc95  nbbc95.o
    0x08002a1c   0x00000010   Code   RO         1675    i.getModuleInfo_bc95  nbbc95.o
    0x08002a2c   0x00000010   Code   RO         1676    i.getRegisterInfo_bc95  nbbc95.o
    0x08002a3c   0x00000010   Code   RO         1677    i.initNBModule      nbbc95.o
    0x08002a4c   0x00000040   Code   RO         1678    i.initbc95          nbbc95.o
    0x08002a8c   0x00000040   Code   RO         1679    i.isNetSign_bc95    nbbc95.o
    0x08002acc   0x00000120   Code   RO         1398    i.main              main.o
    0x08002bec   0x00000020   Code   RO         1680    i.openNBModule      nbbc95.o
    0x08002c0c   0x00000034   Code   RO         1681    i.openbc95          nbbc95.o
    0x08002c40   0x0000006c   Code   RO         1682    i.recFromUdp_bc95   nbbc95.o
    0x08002cac   0x00000010   Code   RO         1683    i.sendToUdp_bc95    nbbc95.o
    0x08002cbc   0x0000002c   Code   RO         1901    i.usartDMA_Avail    dma_fun.o
    0x08002ce8   0x0000004c   Code   RO         1902    i.usartDMA_Init     dma_fun.o
    0x08002d34   0x00000100   Code   RO         1903    i.usartDMA_Poll_RecAvail  dma_fun.o
    0x08002e34   0x0000004c   Code   RO         1904    i.usartDMA_Read     dma_fun.o
    0x08002e80   0x00000088   Code   RO         1905    i.usartDMA_Write    dma_fun.o
    0x08002f08   0x00000010   Code   RO         1471    i.usart_dma_send    usart.o
    0x08002f18   0x00000010   Data   RO         1359    .constdata          system_stm32f1xx.o
    0x08002f28   0x00000008   Data   RO         1360    .constdata          system_stm32f1xx.o
    0x08002f30   0x00000038   Data   RO         1685    .constdata          nbbc95.o
    0x08002f68   0x00000081   Data   RO         2332    .constdata          mc_w.l(ctype_o.o)
    0x08002fe9   0x00000003   PAD
    0x08002fec   0x00000004   Data   RO         2333    .constdata          mc_w.l(ctype_o.o)
    0x08002ff0   0x0000009f   Data   RO         1689    .conststring        nbbc95.o
    0x0800308f   0x00000001   PAD
    0x08003090   0x00000020   Data   RO         2389    Region$$Table       anon$$obj.o


    Execution Region RW_IRAM1 (Base: 0x20000000, Size: 0x00000e18, Max: 0x00002000, ABSOLUTE)

    Base Addr    Size         Type   Attr      Idx    E Section Name        Object

    0x20000000   0x00000004   Data   RW          260    .data               stm32f1xx_hal.o
    0x20000004   0x00000004   Data   RW         1361    .data               system_stm32f1xx.o
    0x20000008   0x00000001   Data   RW         1399    .data               main.o
    0x20000009   0x00000003   PAD
    0x2000000c   0x00000004   Data   RW         1473    .data               usart.o
    0x20000010   0x00000050   Data   RW         1696    .data               nbbc95.o
    0x20000060   0x00000008   Data   RW         1907    .data               dma_fun.o
    0x20000068   0x0000000c   Data   RW         1957    .data               nbbc95_cfg.o
    0x20000074   0x0000000c   Data   RW         1958    .data               nbbc95_cfg.o
    0x20000080   0x0000000c   Data   RW         1959    .data               nbbc95_cfg.o
    0x2000008c   0x0000000c   Data   RW         1960    .data               nbbc95_cfg.o
    0x20000098   0x00000010   Data   RW         1988    .data               uarttimerpoll.o
    0x200000a8   0x00000004   Data   RW         2042    .data               mc_w.l(strtok.o)
    0x200000ac   0x00000004   Data   RW         2326    .data               mc_w.l(stdout.o)
    0x200000b0   0x00000004   Data   RW         2362    .data               mc_w.l(errno.o)
    0x200000b4   0x00000208   Zero   RW         1472    .bss                usart.o
    0x200002bc   0x00000444   Zero   RW         1684    .bss                nbbc95.o
    0x20000700   0x00000318   Zero   RW         1906    .bss                dma_fun.o
    0x20000a18   0x00000400   Zero   RW            1    STACK               startup_stm32f100xb.o


==============================================================================

Image component sizes


      Code (inc. data)   RO Data    RW Data    ZI Data      Debug   Object Name

        28          6          0          0          0        738   dma.o
       660         48          0          8        792       4649   dma_fun.o
        60          6          0          0          0        815   gpio.o
       442        146          0          1          0       5991   main.o
      2638        348        215         80       1092      19772   nbbc95.o
         0          0          0         48          0        362   nbbc95_cfg.o
        36          8        288          0       1024        816   startup_stm32f100xb.o
        90         18          0          4          0       3119   stm32f1xx_hal.o
       250         14          0          0          0      27719   stm32f1xx_hal_cortex.o
       830         44          0          0          0       4603   stm32f1xx_hal_dma.o
       672         60          0          0          0     262258   stm32f1xx_hal_gpio.o
       132         10          0          0          0        870   stm32f1xx_hal_msp.o
      1224        112          0          0          0       5424   stm32f1xx_hal_rcc.o
      2126         40          0          0          0      13832   stm32f1xx_hal_uart.o
        50         18          0          0          0       1816   stm32f1xx_it.o
        76         16         24          4          0       1199   system_stm32f1xx.o
       112         22          0         16          0       2246   uarttimerpoll.o
       732        164          0          4        520       6964   usart.o

    ----------------------------------------------------------------------
     10176       1080        560        168       3428     363193   Object Totals
         0          0         32          0          0          0   (incl. Generated)
        18          0          1          3          0          0   (incl. Padding)

    ----------------------------------------------------------------------

      Code (inc. data)   RO Data    RW Data    ZI Data      Debug   Library Member Name

        28          0          0          0          0         68   _chval.o
       158          0          0          0          0         92   _strtoul.o
         8          4        133          0          0         68   ctype_o.o
         0          0          0          0          0          0   entry.o
         0          0          0          0          0          0   entry10a.o
         0          0          0          0          0          0   entry11a.o
         8          4          0          0          0          0   entry2.o
         4          0          0          0          0          0   entry5.o
         0          0          0          0          0          0   entry7b.o
         0          0          0          0          0          0   entry8b.o
         8          4          0          0          0          0   entry9a.o
         8          4          0          4          0         68   errno.o
        30          0          0          0          0          0   handlers.o
        36          8          0          0          0         68   init.o
        36          0          0          0          0         68   memcpya.o
        36          0          0          0          0        108   memseta.o
       928         18          0          0          0        504   printf6.o
         0          0          0          4          0          0   stdout.o
        20          0          0          0          0         68   strchr.o
        14          0          0          0          0         68   strlen.o
        36          0          0          0          0         80   strstr.o
        68          6          0          4          0         80   strtok.o
       114          0          0          0          0         92   strtoul.o
        44          0          0          0          0         80   uidiv.o

    ----------------------------------------------------------------------
      1592         48        136         12          0       1512   Library Totals
         8          0          3          0          0          0   (incl. Padding)

    ----------------------------------------------------------------------

      Code (inc. data)   RO Data    RW Data    ZI Data      Debug   Library Name

      1584         48        133         12          0       1512   mc_w.l

    ----------------------------------------------------------------------
      1592         48        136         12          0       1512   Library Totals

    ----------------------------------------------------------------------

==============================================================================


      Code (inc. data)   RO Data    RW Data    ZI Data      Debug   

     11768       1128        696        180       3428     358565   Grand Totals
     11768       1128        696        180       3428     358565   ELF Image Totals
     11768       1128        696        180          0          0   ROM Totals

==============================================================================

    Total RO  Size (Code + RO Data)                12464 (  12.17kB)
    Total RW  Size (RW Data + ZI Data)              3608 (   3.52kB)
    Total ROM Size (Code + RO Data + RW Data)      12644 (  12.35kB)

==============================================================================

