<html>
<body>
<pre>
<h1>µVision Build Log</h1>
<h2>Tool Versions:</h2>
IDE-Version: ¦ÌVision V5.14.0.0
Copyright (C) 2015 ARM Ltd and ARM Germany GmbH. All rights reserved.
License Information: 1 1, 1, LIC=W96Z9-4ILVL-EYDVT-R6VG1-BEKBW-G3H2M
 
Tool Versions:
Toolchain:       MDK-ARM Professional  Version: 5.14.0.0
Toolchain Path:  E:\Keil_v5\ARM\ARMCC\Bin
C Compiler:      Armcc.exe V5.05 update 1 (build 106)
Assembler:       Armasm.exe V5.05 update 1 (build 106)
Linker/Locator:  ArmLink.exe V5.05 update 1 (build 106)
Library Manager: ArmAr.exe V5.05 update 1 (build 106)
Hex Converter:   FromElf.exe V5.05 update 1 (build 106)
CPU DLL:         SARMCM3.DLL V5.14.0.0
Dialog DLL:      DCM.DLL V1.13.1.0
Target DLL:      Segger\JL2CM3.dll V2.99.13.0
Dialog DLL:      TCM.DLL V1.14.4.0
 
<h2>Project:</h2>
C:\Users\SHUI\Desktop\graduation_design\NBIOT\stm32ConNB\BaseNB\MDK-ARM\BaseNB.uvprojx
Project File Date:  04/07/2018

<h2>Output:</h2>
Build target 'BaseNB'
assembling startup_stm32f100xb.s...
compiling stm32f1xx_hal_gpio.c...
compiling stm32f1xx_hal_flash_ex.c...
compiling stm32f1xx_hal.c...
compiling stm32f1xx_hal_cortex.c...
compiling stm32f1xx_hal_tim_ex.c...
compiling stm32f1xx_hal_rcc.c...
compiling stm32f1xx_hal_pwr.c...
compiling stm32f1xx_hal_flash.c...
compiling stm32f1xx_hal_uart.c...
compiling stm32f1xx_hal_gpio_ex.c...
compiling stm32f1xx_hal_dma.c...
compiling stm32f1xx_hal_tim.c...
compiling stm32f1xx_hal_rcc_ex.c...
compiling system_stm32f1xx.c...
compiling main.c...
compiling usart.c...
compiling stm32f1xx_hal_msp.c...
compiling gpio.c...
compiling stm32f1xx_it.c...
compiling NBBC95.c...
..\Src\NBBC95.c(180): warning:  #1293-D: assignment in condition
      if (pEnd = strstr(pStart, "\r\n")) {
..\Src\NBBC95.c(211): warning:  #1293-D: assignment in condition
      if (position_addr_start = strstr(buf, "+CEREG")) {
..\Src\NBBC95.c(223): warning:  #1293-D: assignment in condition
      else if (position_addr_start = strstr(buf,"+CSCON")) {
..\Src\NBBC95.c(233): warning:  #1293-D: assignment in condition
      if (position_addr_start = strstr(buf,"+NSONMI")) {
..\Src\NBBC95.c(248): warning:  #1293-D: assignment in condition
      else if (position_addr_start = strstr(buf,"+NNMI")) {
..\Src\NBBC95.c: 5 warnings, 0 errors
compiling dma.c...
compiling dma_fun.c...
compiling NBBC95_cfg.c...
compiling uartTimerPoll.c...
linking...
Program Size: Code=11768 RO-data=696 RW-data=180 ZI-data=3428  
"BaseNB\BaseNB.axf" - 0 Error(s), 5 Warning(s).

<h2>Software Packages used:</h2>

Package Vendor: ARM
                http://www.keil.com/pack/ARM.CMSIS.4.2.0.pack
                ARM::CMSIS:CORE:3.40.0
                CMSIS (Cortex Microcontroller Software Interface Standard)
   * Component: CORE Version: 3.40.0

<h2>Collection of Component include folders:</h2>
  C:\Users\SHUI\Desktop\graduation_design\NBIOT\stm32ConNB\BaseNB\MDK-ARM\RTE
  E:\Keil_v5\ARM\PACK\ARM\CMSIS\4.2.0\CMSIS\Include
  E:\Keil_v5\ARM\PACK\Keil\STM32F1xx_DFP\1.0.5\Device\Include

<h2>Collection of Component Files used:</h2>

   * Component: ARM::CMSIS:CORE:3.40.0
      Source file:   CMSIS\UserCodeTemplates\ARM\ITM_Retarget.c
</pre>
</body>
</html>
