Component: ARM Compiler 5.05 update 1 (build 106) Tool: armlink [4d0efa]

==============================================================================

Section Cross References

    startup_stm32f103xb.o(RESET) refers to startup_stm32f103xb.o(STACK) for __initial_sp
    startup_stm32f103xb.o(RESET) refers to startup_stm32f103xb.o(.text) for Reset_Handler
    startup_stm32f103xb.o(RESET) refers to stm32f1xx_it.o(i.NMI_Handler) for NMI_Handler
    startup_stm32f103xb.o(RESET) refers to stm32f1xx_it.o(i.HardFault_Handler) for HardFault_Handler
    startup_stm32f103xb.o(RESET) refers to stm32f1xx_it.o(i.MemManage_Handler) for MemManage_Handler
    startup_stm32f103xb.o(RESET) refers to stm32f1xx_it.o(i.BusFault_Handler) for BusFault_Handler
    startup_stm32f103xb.o(RESET) refers to stm32f1xx_it.o(i.UsageFault_Handler) for UsageFault_Handler
    startup_stm32f103xb.o(RESET) refers to stm32f1xx_it.o(i.SVC_Handler) for SVC_Handler
    startup_stm32f103xb.o(RESET) refers to stm32f1xx_it.o(i.DebugMon_Handler) for DebugMon_Handler
    startup_stm32f103xb.o(RESET) refers to stm32f1xx_it.o(i.PendSV_Handler) for PendSV_Handler
    startup_stm32f103xb.o(RESET) refers to stm32f1xx_it.o(i.SysTick_Handler) for SysTick_Handler
    startup_stm32f103xb.o(RESET) refers to stm32f1xx_it.o(i.DMA1_Channel4_IRQHandler) for DMA1_Channel4_IRQHandler
    startup_stm32f103xb.o(RESET) refers to stm32f1xx_it.o(i.DMA1_Channel5_IRQHandler) for DMA1_Channel5_IRQHandler
    startup_stm32f103xb.o(RESET) refers to stm32f1xx_it.o(i.USART1_IRQHandler) for USART1_IRQHandler
    startup_stm32f103xb.o(RESET) refers to stm32f1xx_it.o(i.USART2_IRQHandler) for USART2_IRQHandler
    startup_stm32f103xb.o(.text) refers to system_stm32f1xx.o(i.SystemInit) for SystemInit
    startup_stm32f103xb.o(.text) refers to entry.o(.ARM.Collect$$$$00000000) for __main
    stm32f1xx_hal_flash.o(i.FLASH_Program_HalfWord) refers to stm32f1xx_hal_flash.o(.bss) for pFlash
    stm32f1xx_hal_flash.o(i.FLASH_SetErrorCode) refers to stm32f1xx_hal_flash.o(.bss) for pFlash
    stm32f1xx_hal_flash.o(i.FLASH_WaitForLastOperation) refers to stm32f1xx_hal.o(i.HAL_GetTick) for HAL_GetTick
    stm32f1xx_hal_flash.o(i.FLASH_WaitForLastOperation) refers to stm32f1xx_hal_flash.o(i.FLASH_SetErrorCode) for FLASH_SetErrorCode
    stm32f1xx_hal_flash.o(i.HAL_FLASH_GetError) refers to stm32f1xx_hal_flash.o(.bss) for pFlash
    stm32f1xx_hal_flash.o(i.HAL_FLASH_IRQHandler) refers to stm32f1xx_hal_flash.o(i.FLASH_SetErrorCode) for FLASH_SetErrorCode
    stm32f1xx_hal_flash.o(i.HAL_FLASH_IRQHandler) refers to stm32f1xx_hal_flash.o(i.HAL_FLASH_OperationErrorCallback) for HAL_FLASH_OperationErrorCallback
    stm32f1xx_hal_flash.o(i.HAL_FLASH_IRQHandler) refers to stm32f1xx_hal_flash.o(i.HAL_FLASH_EndOfOperationCallback) for HAL_FLASH_EndOfOperationCallback
    stm32f1xx_hal_flash.o(i.HAL_FLASH_IRQHandler) refers to stm32f1xx_hal_flash_ex.o(i.FLASH_PageErase) for FLASH_PageErase
    stm32f1xx_hal_flash.o(i.HAL_FLASH_IRQHandler) refers to stm32f1xx_hal_flash.o(i.FLASH_Program_HalfWord) for FLASH_Program_HalfWord
    stm32f1xx_hal_flash.o(i.HAL_FLASH_IRQHandler) refers to stm32f1xx_hal_flash.o(.bss) for pFlash
    stm32f1xx_hal_flash.o(i.HAL_FLASH_OB_Launch) refers to stm32f1xx_hal_cortex.o(i.HAL_NVIC_SystemReset) for HAL_NVIC_SystemReset
    stm32f1xx_hal_flash.o(i.HAL_FLASH_Program) refers to stm32f1xx_hal_flash.o(i.FLASH_WaitForLastOperation) for FLASH_WaitForLastOperation
    stm32f1xx_hal_flash.o(i.HAL_FLASH_Program) refers to llushr.o(.text) for __aeabi_llsr
    stm32f1xx_hal_flash.o(i.HAL_FLASH_Program) refers to stm32f1xx_hal_flash.o(i.FLASH_Program_HalfWord) for FLASH_Program_HalfWord
    stm32f1xx_hal_flash.o(i.HAL_FLASH_Program) refers to stm32f1xx_hal_flash.o(.bss) for pFlash
    stm32f1xx_hal_flash.o(i.HAL_FLASH_Program_IT) refers to stm32f1xx_hal_flash.o(i.FLASH_Program_HalfWord) for FLASH_Program_HalfWord
    stm32f1xx_hal_flash.o(i.HAL_FLASH_Program_IT) refers to stm32f1xx_hal_flash.o(.bss) for pFlash
    stm32f1xx_hal_gpio.o(i.HAL_GPIO_EXTI_IRQHandler) refers to stm32f1xx_hal_gpio.o(i.HAL_GPIO_EXTI_Callback) for HAL_GPIO_EXTI_Callback
    stm32f1xx_hal_rcc_ex.o(i.HAL_RCCEx_GetPeriphCLKFreq) refers to stm32f1xx_hal_rcc.o(i.HAL_RCC_GetPCLK2Freq) for HAL_RCC_GetPCLK2Freq
    stm32f1xx_hal_rcc_ex.o(i.HAL_RCCEx_PeriphCLKConfig) refers to stm32f1xx_hal.o(i.HAL_GetTick) for HAL_GetTick
    stm32f1xx_hal_uart.o(i.HAL_HalfDuplex_Init) refers to usart.o(i.HAL_UART_MspInit) for HAL_UART_MspInit
    stm32f1xx_hal_uart.o(i.HAL_HalfDuplex_Init) refers to stm32f1xx_hal_uart.o(i.UART_SetConfig) for UART_SetConfig
    stm32f1xx_hal_uart.o(i.HAL_LIN_Init) refers to usart.o(i.HAL_UART_MspInit) for HAL_UART_MspInit
    stm32f1xx_hal_uart.o(i.HAL_LIN_Init) refers to stm32f1xx_hal_uart.o(i.UART_SetConfig) for UART_SetConfig
    stm32f1xx_hal_uart.o(i.HAL_MultiProcessor_Init) refers to usart.o(i.HAL_UART_MspInit) for HAL_UART_MspInit
[...]

    Local Symbols

    Symbol Name                              Value     Ov Type        Size  Object(Section)

    ../Drivers/STM32F1xx_HAL_Driver/Src/stm32f1xx_hal.c 0x00000000   Number         0  stm32f1xx_hal.o ABSOLUTE
    ../Drivers/STM32F1xx_HAL_Driver/Src/stm32f1xx_hal_cortex.c 0x00000000   Number         0  stm32f1xx_hal_cortex.o ABSOLUTE
    ../Drivers/STM32F1xx_HAL_Driver/Src/stm32f1xx_hal_dma.c 0x00000000   Number         0  stm32f1xx_hal_dma.o ABSOLUTE
    ../Drivers/STM32F1xx_HAL_Driver/Src/stm32f1xx_hal_flash.c 0x00000000   Number         0  stm32f1xx_hal_flash.o ABSOLUTE
    ../Drivers/STM32F1xx_HAL_Driver/Src/stm32f1xx_hal_flash_ex.c 0x00000000   Number         0  stm32f1xx_hal_flash_ex.o ABSOLUTE
    ../Drivers/STM32F1xx_HAL_Driver/Src/stm32f1xx_hal_gpio.c 0x00000000   Number         0  stm32f1xx_hal_gpio.o ABSOLUTE
    ../Drivers/STM32F1xx_HAL_Driver/Src/stm32f1xx_hal_gpio_ex.c 0x00000000   Number         0  stm32f1xx_hal_gpio_ex.o ABSOLUTE
    ../Drivers/STM32F1xx_HAL_Driver/Src/stm32f1xx_hal_pwr.c 0x00000000   Number         0  stm32f1xx_hal_pwr.o ABSOLUTE
    ../Drivers/STM32F1xx_HAL_Driver/Src/stm32f1xx_hal_rcc.c 0x00000000   Number         0  stm32f1xx_hal_rcc.o ABSOLUTE
    ../Drivers/STM32F1xx_HAL_Driver/Src/stm32f1xx_hal_rcc_ex.c 0x00000000   Number         0  stm32f1xx_hal_rcc_ex.o ABSOLUTE
    ../Drivers/STM32F1xx_HAL_Driver/Src/stm32f1xx_hal_tim.c 0x00000000   Number         0  stm32f1xx_hal_tim.o ABSOLUTE
    ../Drivers/STM32F1xx_HAL_Driver/Src/stm32f1xx_hal_tim_ex.c 0x00000000   Number         0  stm32f1xx_hal_tim_ex.o ABSOLUTE
    ../Drivers/STM32F1xx_HAL_Driver/Src/stm32f1xx_hal_uart.c 0x00000000   Number         0  stm32f1xx_hal_uart.o ABSOLUTE
    ../Src/dma.c                             0x00000000   Number         0  dma.o ABSOLUTE
    ../Src/gpio.c                            0x00000000   Number         0  gpio.o ABSOLUTE
    ../Src/main.c                            0x00000000   Number         0  main.o ABSOLUTE
    ../Src/stm32f1xx_hal_msp.c               0x00000000   Number         0  stm32f1xx_hal_msp.o ABSOLUTE
    ../Src/stm32f1xx_it.c                    0x00000000   Number         0  stm32f1xx_it.o ABSOLUTE
    ../Src/system_stm32f1xx.c                0x00000000   Number         0  system_stm32f1xx.o ABSOLUTE
    ../Src/usart.c                           0x00000000   Number         0  usart.o ABSOLUTE
    ../clib/microlib/ctype/ctype.c           0x00000000   Number         0  ctype_o.o ABSOLUTE
    ../clib/microlib/ctype/ctype.c           0x00000000   Number         0  isxdigit_o.o ABSOLUTE
    ../clib/microlib/ctype/ctype.c           0x00000000   Number         0  isupper_o.o ABSOLUTE
    ../clib/microlib/ctype/ctype.c           0x00000000   Number         0  isspace_o.o ABSOLUTE
    ../clib/microlib/ctype/ctype.c           0x00000000   Number         0  ispunct_o.o ABSOLUTE
    ../clib/microlib/ctype/ctype.c           0x00000000   Number         0  isprint_o.o ABSOLUTE
    ../clib/microlib/ctype/ctype.c           0x00000000   Number         0  isgraph_o.o ABSOLUTE
    ../clib/microlib/ctype/ctype.c           0x00000000   Number         0  isdigit_o.o ABSOLUTE
    ../clib/microlib/ctype/ctype.c           0x00000000   Number         0  isblank_o.o ABSOLUTE
    ../clib/microlib/ctype/ctype.c           0x00000000   Number         0  isalpha_o.o ABSOLUTE
    ../clib/microlib/ctype/ctype.c           0x00000000   Number         0  islower_o.o ABSOLUTE
    ../clib/microlib/ctype/ctype.c           0x00000000   Number         0  isalnum_o.o ABSOLUTE
    ../clib/microlib/ctype/ctype.c           0x00000000   Number         0  iscntrl_o.o ABSOLUTE
    ../clib/microlib/division.c              0x00000000   Number         0  uldiv.o ABSOLUTE
    ../clib/microlib/division.c              0x00000000   Number         0  uidiv.o ABSOLUTE
    ../clib/microlib/errno.c                 0x00000000   Number         0  errno.o ABSOLUTE
    ../clib/microlib/init/entry.s            0x00000000   Number         0  entry11b.o ABSOLUTE
    ../clib/microlib/init/entry.s            0x00000000   Number         0  entry8a.o ABSOLUTE
    ../clib/microlib/init/entry.s            0x00000000   Number         0  entry.o ABSOLUTE
    ../clib/microlib/init/entry.s            0x00000000   Number         0  entry7b.o ABSOLUTE
    ../clib/microlib/init/entry.s            0x00000000   Number         0  entry7a.o ABSOLUTE
    ../clib/microlib/init/entry.s            0x00000000   Number         0  entry11a.o ABSOLUTE
    ../clib/microlib/init/entry.s            0x00000000   Number         0  entry10b.o ABSOLUTE
    ../clib/microlib/init/entry.s            0x00000000   Number         0  entry2.o ABSOLUTE
    ../clib/microlib/init/entry.s            0x00000000   Number         0  entry10a.o ABSOLUTE
    ../clib/microlib/init/entry.s            0x00000000   Number         0  entry8b.o ABSOLUTE
    ../clib/microlib/init/entry.s            0x00000000   Number         0  entry9b.o ABSOLUTE
    ../clib/microlib/init/entry.s            0x00000000   Number         0  entry9a.o ABSOLUTE
    ../clib/microlib/init/entry.s            0x00000000   Number         0  entry5.o ABSOLUTE
    ../clib/microlib/longlong.c              0x00000000   Number         0  llshl.o ABSOLUTE
    ../clib/microlib/longlong.c              0x00000000   Number         0  llushr.o ABSOLUTE
    ../clib/microlib/longlong.c              0x00000000   Number         0  llsshr.o ABSOLUTE
    ../clib/microlib/printf/printf.c         0x00000000   Number         0  printf0.o ABSOLUTE
    ../clib/microlib/printf/printf.c         0x00000000   Number         0  printf4.o ABSOLUTE
    ../clib/microlib/printf/printf.c         0x00000000   Number         0  printf3.o ABSOLUTE
    ../clib/microlib/printf/printf.c         0x00000000   Number         0  printf2.o ABSOLUTE
    ../clib/microlib/printf/printf.c         0x00000000   Number         0  printfb.o ABSOLUTE
    ../clib/microlib/printf/printf.c         0x00000000   Number         0  printf1.o ABSOLUTE
    ../clib/microlib/printf/printf.c         0x00000000   Number         0  printfa.o ABSOLUTE
    ../clib/microlib/printf/printf.c         0x00000000   Number         0  printf8.o ABSOLUTE
    ../clib/microlib/printf/printf.c         0x00000000   Number         0  printf7.o ABSOLUTE
    ../clib/microlib/printf/printf.c         0x00000000   Number         0  printf6.o ABSOLUTE
    ../clib/microlib/printf/printf.c         0x00000000   Number         0  printf5.o ABSOLUTE
    ../clib/microlib/printf/stubs.s          0x00000000   Number         0  stubs.o ABSOLUTE
    ../clib/microlib/stdio/streams.c         0x00000000   Number         0  stdout.o ABSOLUTE
    ../clib/microlib/string/memcpy.c         0x00000000   Number         0  memcpyb.o ABSOLUTE
    ../clib/microlib/string/memcpy.c         0x00000000   Number         0  memcpya.o ABSOLUTE
    ../clib/microlib/string/memset.c         0x00000000   Number         0  memseta.o ABSOLUTE
    ../clib/microlib/string/strchr.c         0x00000000   Number         0  strchr.o ABSOLUTE
    ../clib/microlib/string/strlen.c         0x00000000   Number         0  strlen.o ABSOLUTE
    ../clib/microlib/string/strstr.c         0x00000000   Number         0  strstr.o ABSOLUTE
    ../clib/microlib/string/strtok.c         0x00000000   Number         0  strtok.o ABSOLUTE
    ../clib/microlib/string/strtok.c         0x00000000   Number         0  strtok_r.o ABSOLUTE
    ../clib/microlib/stubs.s                 0x00000000   Number         0  iusefp.o ABSOLUTE
    ../clib/scanf.c                          0x00000000   Number         0  _strtoul.o ABSOLUTE
    ../clib/scanf.c                          0x00000000   Number         0  _chval.o ABSOLUTE
    ../clib/scanf.c                          0x00000000   Number         0  strtoul.o ABSOLUTE
    ../fplib/microlib/fpadd.c                0x00000000   Number         0  dadd.o ABSOLUTE
    ../fplib/microlib/fpdiv.c                0x00000000   Number         0  ddiv.o ABSOLUTE
    ../fplib/microlib/fpepilogue.c           0x00000000   Number         0  depilogue.o ABSOLUTE
    ../fplib/microlib/fpfix.c                0x00000000   Number         0  dfixul.o ABSOLUTE
    ../fplib/microlib/fpmul.c                0x00000000   Number         0  dmul.o ABSOLUTE
    ..\Drivers\STM32F1xx_HAL_Driver\Src\stm32f1xx_hal.c 0x00000000   Number         0  stm32f1xx_hal.o ABSOLUTE
    ..\Drivers\STM32F1xx_HAL_Driver\Src\stm32f1xx_hal_cortex.c 0x00000000   Number         0  stm32f1xx_hal_cortex.o ABSOLUTE
    ..\Drivers\STM32F1xx_HAL_Driver\Src\stm32f1xx_hal_dma.c 0x00000000   Number         0  stm32f1xx_hal_dma.o ABSOLUTE
    ..\Drivers\STM32F1xx_HAL_Driver\Src\stm32f1xx_hal_flash.c 0x00000000   Number         0  stm32f1xx_hal_flash.o ABSOLUTE
    ..\Drivers\STM32F1xx_HAL_Driver\Src\stm32f1xx_hal_flash_ex.c 0x00000000   Number         0  stm32f1xx_hal_flash_ex.o ABSOLUTE
    ..\Drivers\STM32F1xx_HAL_Driver\Src\stm32f1xx_hal_gpio.c 0x00000000   Number         0  stm32f1xx_hal_gpio.o ABSOLUTE
    ..\Drivers\STM32F1xx_HAL_Driver\Src\stm32f1xx_hal_gpio_ex.c 0x00000000   Number         0  stm32f1xx_hal_gpio_ex.o ABSOLUTE
    ..\Drivers\STM32F1xx_HAL_Driver\Src\stm32f1xx_hal_pwr.c 0x00000000   Number         0  stm32f1xx_hal_pwr.o ABSOLUTE
    ..\Drivers\STM32F1xx_HAL_Driver\Src\stm32f1xx_hal_rcc.c 0x00000000   Number         0  stm32f1xx_hal_rcc.o ABSOLUTE
    ..\Drivers\STM32F1xx_HAL_Driver\Src\stm32f1xx_hal_rcc_ex.c 0x00000000   Number         0  stm32f1xx_hal_rcc_ex.o ABSOLUTE
    ..\Drivers\STM32F1xx_HAL_Driver\Src\stm32f1xx_hal_tim.c 0x00000000   Number         0  stm32f1xx_hal_tim.o ABSOLUTE
    ..\Drivers\STM32F1xx_HAL_Driver\Src\stm32f1xx_hal_tim_ex.c 0x00000000   Number         0  stm32f1xx_hal_tim_ex.o ABSOLUTE
    ..\Drivers\STM32F1xx_HAL_Driver\Src\stm32f1xx_hal_uart.c 0x00000000   Number         0  stm32f1xx_hal_uart.o ABSOLUTE
    ..\Src\NBBC95.c                          0x00000000   Number         0  nbbc95.o ABSOLUTE
    ..\Src\NBBC95_cfg.c                      0x00000000   Number         0  nbbc95_cfg.o ABSOLUTE
    ..\Src\dma.c                             0x00000000   Number         0  dma.o ABSOLUTE
    ..\Src\dma_fun.c                         0x00000000   Number         0  dma_fun.o ABSOLUTE
    ..\Src\gpio.c                            0x00000000   Number         0  gpio.o ABSOLUTE
    ..\Src\main.c                            0x00000000   Number         0  main.o ABSOLUTE
    ..\Src\stm32f1xx_hal_msp.c               0x00000000   Number         0  stm32f1xx_hal_msp.o ABSOLUTE
    ..\Src\stm32f1xx_it.c                    0x00000000   Number         0  stm32f1xx_it.o ABSOLUTE
    ..\Src\system_stm32f1xx.c                0x00000000   Number         0  system_stm32f1xx.o ABSOLUTE
    ..\Src\uartTimerPoll.c                   0x00000000   Number         0  uarttimerpoll.o ABSOLUTE
    ..\Src\usart.c                           0x00000000   Number         0  usart.o ABSOLUTE
    ..\\Src\\NBBC95.c                        0x00000000   Number         0  nbbc95.o ABSOLUTE
    ..\\Src\\NBBC95_cfg.c                    0x00000000   Number         0  nbbc95_cfg.o ABSOLUTE
    ..\\Src\\dma_fun.c                       0x00000000   Number         0  dma_fun.o ABSOLUTE
    ..\\Src\\uartTimerPoll.c                 0x00000000   Number         0  uarttimerpoll.o ABSOLUTE
    cdrcmple.s                               0x00000000   Number         0  cdrcmple.o ABSOLUTE
    dc.s                                     0x00000000   Number         0  dc.o ABSOLUTE
    handlers.s                               0x00000000   Number         0  handlers.o ABSOLUTE
    init.s                                   0x00000000   Number         0  init.o ABSOLUTE
    startup_stm32f103xb.s                    0x00000000   Number         0  startup_stm32f103xb.o ABSOLUTE
    RESET                                    0x08000000   Section      236  startup_stm32f103xb.o(RESET)
    .ARM.Collect$$$$00000000                 0x080000ec   Section        0  entry.o(.ARM.Collect$$$$00000000)
    .ARM.Collect$$$$00000001                 0x080000ec   Section        4  entry2.o(.ARM.Collect$$$$00000001)
    .ARM.Collect$$$$00000004                 0x080000f0   Section        4  entry5.o(.ARM.Collect$$$$00000004)
    .ARM.Collect$$$$00000008                 0x080000f4   Section        0  entry7b.o(.ARM.Collect$$$$00000008)
    .ARM.Collect$$$$0000000A                 0x080000f4   Section        0  entry8b.o(.ARM.Collect$$$$0000000A)
    .ARM.Collect$$$$0000000B                 0x080000f4   Section        8  entry9a.o(.ARM.Collect$$$$0000000B)
    .ARM.Collect$$$$0000000D                 0x080000fc   Section        0  entry10a.o(.ARM.Collect$$$$0000000D)
    .ARM.Collect$$$$0000000F                 0x080000fc   Section        0  entry11a.o(.ARM.Collect$$$$0000000F)
    .ARM.Collect$$$$00002712                 0x080000fc   Section        4  entry2.o(.ARM.Collect$$$$00002712)
    __lit__00000000                          0x080000fc   Data           4  entry2.o(.ARM.Collect$$$$00002712)
    .text                                    0x08000100   Section       36  startup_stm32f103xb.o(.text)
    .text                                    0x08000124   Section        0  llushr.o(.text)
    .text                                    0x08000144   Section        0  memcpya.o(.text)
    .text                                    0x08000168   Section        0  memseta.o(.text)
    .text                                    0x0800018c   Section        0  strstr.o(.text)
    .text                                    0x080001b0   Section        0  strchr.o(.text)
    .text                                    0x080001c4   Section        0  strlen.o(.text)
    .text                                    0x080001d4   Section        0  strtok.o(.text)
    .text                                    0x08000218   Section        0  strtoul.o(.text)
    .text                                    0x0800028a   Section        0  uldiv.o(.text)
    .text                                    0x080002ec   Section        0  ctype_o.o(.text)
    .text                                    0x080002f4   Section        0  _strtoul.o(.text)
    .text                                    0x08000394   Section       36  init.o(.text)
    .text                                    0x080003b8   Section        0  llshl.o(.text)
    .text                                    0x080003d6   Section        0  _chval.o(.text)
    i.BusFault_Handler                       0x080003f2   Section        0  stm32f1xx_it.o(i.BusFault_Handler)
    i.DMA1_Channel4_IRQHandler               0x080003f8   Section        0  stm32f1xx_it.o(i.DMA1_Channel4_IRQHandler)
    i.DMA1_Channel5_IRQHandler               0x08000408   Section        0  stm32f1xx_it.o(i.DMA1_Channel5_IRQHandler)
    i.DMA_SetConfig                          0x08000418   Section        0  stm32f1xx_hal_dma.o(i.DMA_SetConfig)
    DMA_SetConfig                            0x08000419   Thumb Code    44  stm32f1xx_hal_dma.o(i.DMA_SetConfig)
    i.DebugMon_Handler                       0x08000444   Section        0  stm32f1xx_it.o(i.DebugMon_Handler)
    i.GotoNextCmd                            0x08000448   Section        0  nbbc95.o(i.GotoNextCmd)
    GotoNextCmd                              0x08000449   Thumb Code   596  nbbc95.o(i.GotoNextCmd)
    i.HAL_DMA_Abort_IT                       0x08000708   Section        0  stm32f1xx_hal_dma.o(i.HAL_DMA_Abort_IT)
    i.HAL_DMA_DeInit                         0x080007b8   Section        0  stm32f1xx_hal_dma.o(i.HAL_DMA_DeInit)
    i.HAL_DMA_IRQHandler                     0x08000818   Section        0  stm32f1xx_hal_dma.o(i.HAL_DMA_IRQHandler)
    i.HAL_DMA_Init                           0x080009b4   Section        0  stm32f1xx_hal_dma.o(i.HAL_DMA_Init)
    i.HAL_DMA_Start_IT                       0x08000a24   Section        0  stm32f1xx_hal_dma.o(i.HAL_DMA_Start_IT)
    i.HAL_DMA_UsartInit                      0x08000ac0   Section        0  usart.o(i.HAL_DMA_UsartInit)
    i.HAL_Delay                              0x08000af4   Section        0  stm32f1xx_hal.o(i.HAL_Delay)
    i.HAL_GPIO_DeInit                        0x08000b1c   Section        0  stm32f1xx_hal_gpio.o(i.HAL_GPIO_DeInit)
    i.HAL_GPIO_Init                          0x08000c54   Section        0  stm32f1xx_hal_gpio.o(i.HAL_GPIO_Init)
    i.HAL_GetTick                            0x08000f70   Section        0  stm32f1xx_hal.o(i.HAL_GetTick)
    i.HAL_IncTick                            0x08000f7c   Section        0  stm32f1xx_hal.o(i.HAL_IncTick)
    i.HAL_Init                               0x08000f94   Section        0  stm32f1xx_hal.o(i.HAL_Init)
    i.HAL_InitTick                           0x08000fbc   Section        0  stm32f1xx_hal.o(i.HAL_InitTick)
    i.HAL_MspInit                            0x08001008   Section        0  stm32f1xx_hal_msp.o(i.HAL_MspInit)
    i.HAL_NVIC_DisableIRQ                    0x08001094   Section        0  stm32f1xx_hal_cortex.o(i.HAL_NVIC_DisableIRQ)
    i.HAL_NVIC_EnableIRQ                     0x080010b0   Section        0  stm32f1xx_hal_cortex.o(i.HAL_NVIC_EnableIRQ)
    i.HAL_NVIC_SetPriority                   0x080010ca   Section        0  stm32f1xx_hal_cortex.o(i.HAL_NVIC_SetPriority)
    i.HAL_NVIC_SetPriorityGrouping           0x08001148   Section        0  stm32f1xx_hal_cortex.o(i.HAL_NVIC_SetPriorityGrouping)
    i.HAL_RCC_ClockConfig                    0x08001170   Section        0  stm32f1xx_hal_rcc.o(i.HAL_RCC_ClockConfig)
    i.HAL_RCC_GetHCLKFreq                    0x08001314   Section        0  stm32f1xx_hal_rcc.o(i.HAL_RCC_GetHCLKFreq)
    i.HAL_RCC_GetPCLK1Freq                   0x08001320   Section        0  stm32f1xx_hal_rcc.o(i.HAL_RCC_GetPCLK1Freq)
    i.HAL_RCC_GetPCLK2Freq                   0x08001340   Section        0  stm32f1xx_hal_rcc.o(i.HAL_RCC_GetPCLK2Freq)
    i.HAL_RCC_GetSysClockFreq                0x08001360   Section        0  stm32f1xx_hal_rcc.o(i.HAL_RCC_GetSysClockFreq)
    i.HAL_RCC_OscConfig                      0x080013f4   Section        0  stm32f1xx_hal_rcc.o(i.HAL_RCC_OscConfig)
    i.HAL_SYSTICK_CLKSourceConfig            0x08001834   Section        0  stm32f1xx_hal_cortex.o(i.HAL_SYSTICK_CLKSourceConfig)
    i.HAL_SYSTICK_Callback                   0x0800185c   Section        0  stm32f1xx_hal_cortex.o(i.HAL_SYSTICK_Callback)
    i.HAL_SYSTICK_Config                     0x0800185e   Section        0  stm32f1xx_hal_cortex.o(i.HAL_SYSTICK_Config)
    i.HAL_SYSTICK_IRQHandler                 0x08001892   Section        0  stm32f1xx_hal_cortex.o(i.HAL_SYSTICK_IRQHandler)
    i.HAL_UART_ErrorCallback                 0x0800189a   Section        0  stm32f1xx_hal_uart.o(i.HAL_UART_ErrorCallback)
    i.HAL_UART_IRQHandler                    0x0800189c   Section        0  stm32f1xx_hal_uart.o(i.HAL_UART_IRQHandler)
    i.HAL_UART_Init                          0x080019e8   Section        0  stm32f1xx_hal_uart.o(i.HAL_UART_Init)
    i.HAL_UART_MspDeInit                     0x08001a5c   Section        0  usart.o(i.HAL_UART_MspDeInit)
    i.HAL_UART_MspInit                       0x08001ac8   Section        0  usart.o(i.HAL_UART_MspInit)
    i.HAL_UART_Receive_DMA                   0x08001c08   Section        0  stm32f1xx_hal_uart.o(i.HAL_UART_Receive_DMA)
    i.HAL_UART_Receive_IT                    0x08001ccc   Section        0  stm32f1xx_hal_uart.o(i.HAL_UART_Receive_IT)
    i.HAL_UART_RxCpltCallback                0x08001d3c   Section        0  main.o(i.HAL_UART_RxCpltCallback)
    i.HAL_UART_RxHalfCpltCallback            0x08001d64   Section        0  stm32f1xx_hal_uart.o(i.HAL_UART_RxHalfCpltCallback)
    i.HAL_UART_Transmit                      0x08001d66   Section        0  stm32f1xx_hal_uart.o(i.HAL_UART_Transmit)
    i.HAL_UART_Transmit_DMA                  0x08001e3c   Section        0  stm32f1xx_hal_uart.o(i.HAL_UART_Transmit_DMA)
    i.HAL_UART_TxCpltCallback                0x08001ed8   Section        0  dma_fun.o(i.HAL_UART_TxCpltCallback)
    i.HAL_UART_TxHalfCpltCallback            0x08001f28   Section        0  stm32f1xx_hal_uart.o(i.HAL_UART_TxHalfCpltCallback)
    i.HAL_USART_Close                        0x08001f2c   Section        0  usart.o(i.HAL_USART_Close)
    i.HAL_USART_Poll                         0x08001f3c   Section        0  usart.o(i.HAL_USART_Poll)
    i.HAL_USART_RxBufLen                     0x08001f8c   Section        0  usart.o(i.HAL_USART_RxBufLen)
    i.HAL_USART_Write                        0x08001f94   Section        0  usart.o(i.HAL_USART_Write)
    i.HardFault_Handler                      0x08001fc0   Section        0  stm32f1xx_it.o(i.HardFault_Handler)
    i.InitATcmd                              0x08001fc4   Section        0  nbbc95.o(i.InitATcmd)
    i.MX_DMA_Init                            0x08001ff4   Section        0  dma.o(i.MX_DMA_Init)
    i.MX_GPIO_Init                           0x08002038   Section        0  gpio.o(i.MX_GPIO_Init)
    i.MX_NVIC_Init                           0x08002090   Section        0  main.o(i.MX_NVIC_Init)
    MX_NVIC_Init                             0x08002091   Thumb Code    36  main.o(i.MX_NVIC_Init)
    i.MX_USART1_UART_Init                    0x080020b4   Section        0  usart.o(i.MX_USART1_UART_Init)
    i.MX_USART2_UART_Init                    0x08002100   Section        0  usart.o(i.MX_USART2_UART_Init)
    i.MemManage_Handler                      0x0800214c   Section        0  stm32f1xx_it.o(i.MemManage_Handler)
    i.NBHexStrToNum                          0x08002150   Section        0  nbbc95.o(i.NBHexStrToNum)
    i.NBSendMsg                              0x080021dc   Section        0  nbbc95.o(i.NBSendMsg)
    i.NBStopTimer                            0x080025bc   Section        0  nbbc95.o(i.NBStopTimer)
    NBStopTimer                              0x080025bd   Thumb Code    18  nbbc95.o(i.NBStopTimer)
    i.NB_MsgreportCallback                   0x080025d4   Section        0  main.o(i.NB_MsgreportCallback)
    i.NB_Strtoul                             0x08002848   Section        0  nbbc95.o(i.NB_Strtoul)
    i.NBbc95SendCMD_Usart                    0x0800285c   Section        0  nbbc95.o(i.NBbc95SendCMD_Usart)
    i.NMI_Handler                            0x08002898   Section        0  stm32f1xx_it.o(i.NMI_Handler)
    i.NVIC_GetPriorityGrouping               0x0800289c   Section        0  stm32f1xx_hal_cortex.o(i.NVIC_GetPriorityGrouping)
    NVIC_GetPriorityGrouping                 0x0800289d   Thumb Code    10  stm32f1xx_hal_cortex.o(i.NVIC_GetPriorityGrouping)
    i.NVIC_SetPriority                       0x080028ac   Section        0  stm32f1xx_hal_cortex.o(i.NVIC_SetPriority)
    NVIC_SetPriority                         0x080028ad   Thumb Code    32  stm32f1xx_hal_cortex.o(i.NVIC_SetPriority)
    i.PendSV_Handler                         0x080028d4   Section        0  stm32f1xx_it.o(i.PendSV_Handler)
    i.RCC_Delay                              0x080028d8   Section        0  stm32f1xx_hal_rcc.o(i.RCC_Delay)
    RCC_Delay                                0x080028d9   Thumb Code    36  stm32f1xx_hal_rcc.o(i.RCC_Delay)
    i.ResetReceBuf                           0x08002900   Section        0  nbbc95.o(i.ResetReceBuf)
    ResetReceBuf                             0x08002901   Thumb Code    14  nbbc95.o(i.ResetReceBuf)
    i.ResetState                             0x08002914   Section        0  nbbc95.o(i.ResetState)
    ResetState                               0x08002915   Thumb Code    10  nbbc95.o(i.ResetState)
    i.SVC_Handler                            0x08002924   Section        0  stm32f1xx_it.o(i.SVC_Handler)
    i.SignNBModule                           0x08002926   Section        0  nbbc95.o(i.SignNBModule)
    i.SysTick_Handler                        0x08002944   Section        0  stm32f1xx_it.o(i.SysTick_Handler)
    i.SystemClock_Config                     0x08002950   Section        0  main.o(i.SystemClock_Config)
    i.SystemInit                             0x080029e4   Section        0  system_stm32f1xx.o(i.SystemInit)
    i.TimerPoll                              0x08002a3c   Section        0  uarttimerpoll.o(i.TimerPoll)
    i.TimerSet                               0x08002aa8   Section        0  uarttimerpoll.o(i.TimerSet)
    i.TimerStart                             0x08002ab4   Section        0  uarttimerpoll.o(i.TimerStart)
    i.TimerStop                              0x08002ad8   Section        0  uarttimerpoll.o(i.TimerStop)
    i.UART_DMAAbortOnError                   0x08002ae4   Section        0  stm32f1xx_hal_uart.o(i.UART_DMAAbortOnError)
    UART_DMAAbortOnError                     0x08002ae5   Thumb Code    20  stm32f1xx_hal_uart.o(i.UART_DMAAbortOnError)
    i.UART_DMAError                          0x08002af8   Section        0  stm32f1xx_hal_uart.o(i.UART_DMAError)
    UART_DMAError                            0x08002af9   Thumb Code    80  stm32f1xx_hal_uart.o(i.UART_DMAError)
    i.UART_DMAReceiveCplt                    0x08002b48   Section        0  stm32f1xx_hal_uart.o(i.UART_DMAReceiveCplt)
    UART_DMAReceiveCplt                      0x08002b49   Thumb Code    70  stm32f1xx_hal_uart.o(i.UART_DMAReceiveCplt)
    i.UART_DMARxHalfCplt                     0x08002b8e   Section        0  stm32f1xx_hal_uart.o(i.UART_DMARxHalfCplt)
    UART_DMARxHalfCplt                       0x08002b8f   Thumb Code    14  stm32f1xx_hal_uart.o(i.UART_DMARxHalfCplt)
    i.UART_DMATransmitCplt                   0x08002b9c   Section        0  stm32f1xx_hal_uart.o(i.UART_DMATransmitCplt)
    UART_DMATransmitCplt                     0x08002b9d   Thumb Code    54  stm32f1xx_hal_uart.o(i.UART_DMATransmitCplt)
    i.UART_DMATxHalfCplt                     0x08002bd2   Section        0  stm32f1xx_hal_uart.o(i.UART_DMATxHalfCplt)
    UART_DMATxHalfCplt                       0x08002bd3   Thumb Code    14  stm32f1xx_hal_uart.o(i.UART_DMATxHalfCplt)
    i.UART_EndRxTransfer                     0x08002be0   Section        0  stm32f1xx_hal_uart.o(i.UART_EndRxTransfer)
    UART_EndRxTransfer                       0x08002be1   Thumb Code    32  stm32f1xx_hal_uart.o(i.UART_EndRxTransfer)
    i.UART_EndTransmit_IT                    0x08002c00   Section        0  stm32f1xx_hal_uart.o(i.UART_EndTransmit_IT)
    UART_EndTransmit_IT                      0x08002c01   Thumb Code    32  stm32f1xx_hal_uart.o(i.UART_EndTransmit_IT)
    i.UART_EndTxTransfer                     0x08002c20   Section        0  stm32f1xx_hal_uart.o(i.UART_EndTxTransfer)
    UART_EndTxTransfer                       0x08002c21   Thumb Code    20  stm32f1xx_hal_uart.o(i.UART_EndTxTransfer)
    i.UART_Receive_IT                        0x08002c34   Section        0  stm32f1xx_hal_uart.o(i.UART_Receive_IT)
    UART_Receive_IT                          0x08002c35   Thumb Code   166  stm32f1xx_hal_uart.o(i.UART_Receive_IT)
    i.UART_SetConfig                         0x08002cdc   Section        0  stm32f1xx_hal_uart.o(i.UART_SetConfig)
    UART_SetConfig                           0x08002cdd   Thumb Code   450  stm32f1xx_hal_uart.o(i.UART_SetConfig)
    i.UART_Transmit_IT                       0x08002ea4   Section        0  stm32f1xx_hal_uart.o(i.UART_Transmit_IT)
    UART_Transmit_IT                         0x08002ea5   Thumb Code   104  stm32f1xx_hal_uart.o(i.UART_Transmit_IT)
    i.UART_WaitOnFlagUntilTimeout            0x08002f0c   Section        0  stm32f1xx_hal_uart.o(i.UART_WaitOnFlagUntilTimeout)
    UART_WaitOnFlagUntilTimeout              0x08002f0d   Thumb Code   108  stm32f1xx_hal_uart.o(i.UART_WaitOnFlagUntilTimeout)
    i.USART1_IRQHandler                      0x08002f78   Section        0  stm32f1xx_it.o(i.USART1_IRQHandler)
    i.USART2_IRQHandler                      0x08002f88   Section        0  stm32f1xx_it.o(i.USART2_IRQHandler)
    i.UsageFault_Handler                     0x08002f9c   Section        0  stm32f1xx_it.o(i.UsageFault_Handler)
    i._Error_Handler                         0x08002fa0   Section        0  main.o(i._Error_Handler)
    i.__0printf$8                            0x08002fa4   Section        0  printf8.o(i.__0printf$8)
    i.__0snprintf$8                          0x08002fc4   Section        0  printf8.o(i.__0snprintf$8)
    i.__0sprintf$8                           0x08002fec   Section        0  printf8.o(i.__0sprintf$8)
    i.__aeabi_errno_addr                     0x08003014   Section        0  errno.o(i.__aeabi_errno_addr)
    i.__scatterload_copy                     0x0800301c   Section       14  handlers.o(i.__scatterload_copy)
    i.__scatterload_null                     0x0800302a   Section        2  handlers.o(i.__scatterload_null)
    i.__scatterload_zeroinit                 0x0800302c   Section       14  handlers.o(i.__scatterload_zeroinit)
    i._printf_core                           0x0800303c   Section        0  printf8.o(i._printf_core)
    _printf_core                             0x0800303d   Thumb Code   996  printf8.o(i._printf_core)
    i._printf_post_padding                   0x0800344c   Section        0  printf8.o(i._printf_post_padding)
    _printf_post_padding                     0x0800344d   Thumb Code    36  printf8.o(i._printf_post_padding)
    i._printf_pre_padding                    0x08003470   Section        0  printf8.o(i._printf_pre_padding)
    _printf_pre_padding                      0x08003471   Thumb Code    46  printf8.o(i._printf_pre_padding)
    i._snputc                                0x0800349e   Section        0  printf8.o(i._snputc)
    _snputc                                  0x0800349f   Thumb Code    22  printf8.o(i._snputc)
    i._sputc                                 0x080034b4   Section        0  printf8.o(i._sputc)
    _sputc                                   0x080034b5   Thumb Code    10  printf8.o(i._sputc)
    i.addr_adjust                            0x080034c0   Section        0  nbbc95.o(i.addr_adjust)
    i.bc95Main                               0x08003538   Section        0  nbbc95.o(i.bc95Main)
    i.bc95ResultHandle                       0x080036a4   Section        0  nbbc95.o(i.bc95ResultHandle)
    i.bc95_AsynNotification                  0x08003728   Section        0  nbbc95.o(i.bc95_AsynNotification)
    i.bc95_SerialReceCallBack                0x0800383c   Section        0  nbbc95.o(i.bc95_SerialReceCallBack)
    bc95_SerialReceCallBack                  0x0800383d   Thumb Code    96  nbbc95.o(i.bc95_SerialReceCallBack)
    i.bc95_SetEvent                          0x080038a0   Section        0  nbbc95.o(i.bc95_SetEvent)
    bc95_SetEvent                            0x080038a1   Thumb Code    12  nbbc95.o(i.bc95_SetEvent)
    i.bc95_TimerOutCallback                  0x080038b0   Section        0  nbbc95.o(i.bc95_TimerOutCallback)
    bc95_TimerOutCallback                    0x080038b1   Thumb Code    10  nbbc95.o(i.bc95_TimerOutCallback)
    i.closeUdpNBModule                       0x080038ba   Section        0  nbbc95.o(i.closeUdpNBModule)
    i.closeUdp_bc95                          0x080038d8   Section        0  nbbc95.o(i.closeUdp_bc95)
    i.cmdIsPass                              0x08003938   Section        0  nbbc95.o(i.cmdIsPass)
    cmdIsPass                                0x08003939   Thumb Code    88  nbbc95.o(i.cmdIsPass)
    i.coapReceIndication_bc95                0x080039a0   Section        0  nbbc95.o(i.coapReceIndication_bc95)
    i.coapSentIndication_bc95                0x080039a6   Section        0  nbbc95.o(i.coapSentIndication_bc95)
    i.coapSentMsgNBModule                    0x080039ac   Section        0  nbbc95.o(i.coapSentMsgNBModule)
    i.coapSentMsg_bc95                       0x080039d4   Section        0  nbbc95.o(i.coapSentMsg_bc95)
    i.coapServerNBModule                     0x08003a7c   Section        0  nbbc95.o(i.coapServerNBModule)
    i.coapServer_bc95                        0x08003aa4   Section        0  nbbc95.o(i.coapServer_bc95)
    i.createUDPServerNBModule                0x08003b24   Section        0  nbbc95.o(i.createUDPServerNBModule)
    i.createUDPServer_bc95                   0x08003b44   Section        0  nbbc95.o(i.createUDPServer_bc95)
    i.findTail                               0x08003ba0   Section        0  dma_fun.o(i.findTail)
    findTail                                 0x08003ba1   Thumb Code    46  dma_fun.o(i.findTail)
    i.formatATcmd                            0x08003bd4   Section        0  nbbc95.o(i.formatATcmd)
    i.fputc                                  0x08003c80   Section        0  usart.o(i.fputc)
    i.getMISIInfo_bc95                       0x08003c9c   Section        0  nbbc95.o(i.getMISIInfo_bc95)
    i.getModuleInfoNBModule                  0x08003cba   Section        0  nbbc95.o(i.getModuleInfoNBModule)
    i.getModuleInfo_bc95                     0x08003cd8   Section        0  nbbc95.o(i.getModuleInfo_bc95)
    i.getRegisterInfo_bc95                   0x08003d24   Section        0  nbbc95.o(i.getRegisterInfo_bc95)
    i.initNBModule                           0x08003d42   Section        0  nbbc95.o(i.initNBModule)
    i.initbc95                               0x08003d60   Section        0  nbbc95.o(i.initbc95)
    i.isNetSign_bc95                         0x08003da4   Section        0  nbbc95.o(i.isNetSign_bc95)
    i.main                                   0x08003df0   Section        0  main.o(i.main)
    i.openNBModule                           0x08004118   Section        0  nbbc95.o(i.openNBModule)
    i.openbc95                               0x08004140   Section        0  nbbc95.o(i.openbc95)
    i.readNBStateFromUart                    0x08004178   Section        0  main.o(i.readNBStateFromUart)
    i.recFromUdp_bc95                        0x08004274   Section        0  nbbc95.o(i.recFromUdp_bc95)
    i.sendToUdpNBModule                      0x080042f0   Section        0  nbbc95.o(i.sendToUdpNBModule)
    i.sendToUdp_bc95                         0x08004318   Section        0  nbbc95.o(i.sendToUdp_bc95)
    i.usartDMA_Avail                         0x0800440c   Section        0  dma_fun.o(i.usartDMA_Avail)
    i.usartDMA_Init                          0x08004440   Section        0  dma_fun.o(i.usartDMA_Init)
    i.usartDMA_Poll_RecAvail                 0x08004498   Section        0  dma_fun.o(i.usartDMA_Poll_RecAvail)
    i.usartDMA_Read                          0x080045ec   Section        0  dma_fun.o(i.usartDMA_Read)
    i.usartDMA_Write                         0x08004650   Section        0  dma_fun.o(i.usartDMA_Write)
    i.usart_dma_send                         0x080046e4   Section        0  usart.o(i.usart_dma_send)
    usart_dma_send                           0x080046e5   Thumb Code    18  usart.o(i.usart_dma_send)
    .constdata                               0x080046fc   Section       88  nbbc95.o(.constdata)
    .constdata                               0x08004754   Section       24  system_stm32f1xx.o(.constdata)
    .constdata                               0x0800476c   Section      129  ctype_o.o(.constdata)
    .constdata                               0x080047f0   Section        4  ctype_o.o(.constdata)
    table                                    0x080047f0   Data           4  ctype_o.o(.constdata)
    .conststring                             0x080047f4   Section      233  nbbc95.o(.conststring)
    .data                                    0x20000000   Section        9  stm32f1xx_hal.o(.data)
    .data                                    0x2000000c   Section        7  main.o(.data)
    .data                                    0x20000014   Section        4  usart.o(.data)
    bc95_rec_cb                              0x20000014   Data           4  usart.o(.data)
    .data                                    0x20000018   Section        8  dma_fun.o(.data)
    dmaSendData_cb                           0x20000018   Data           4  dma_fun.o(.data)
    hDMAUsart                                0x2000001c   Data           4  dma_fun.o(.data)
    .data                                    0x20000020   Section      118  nbbc95.o(.data)
    nb_state                                 0x2000008c   Data           8  nbbc95.o(.data)
    bc95_event_reg                           0x20000094   Data           2  nbbc95.o(.data)
    .data                                    0x20000098   Section       48  nbbc95_cfg.o(.data)
    .data                                    0x200000c8   Section       13  uarttimerpoll.o(.data)
    .data                                    0x200000d8   Section        4  system_stm32f1xx.o(.data)
    .data                                    0x200000dc   Section        4  strtok.o(.data)
    state                                    0x200000dc   Data           4  strtok.o(.data)
    .data                                    0x200000e0   Section        4  stdout.o(.data)
    .data                                    0x200000e4   Section        4  errno.o(.data)
    _errno                                   0x200000e4   Data           4  errno.o(.data)
    .bss                                     0x200000e8   Section      520  usart.o(.bss)
    msgbuf                                   0x200000e8   Data         256  usart.o(.bss)
    .bss                                     0x200002f0   Section      792  dma_fun.o(.bss)
    dmaR_Conf                                0x200002f0   Data         792  dma_fun.o(.bss)
    .bss                                     0x20000608   Section     1108  nbbc95.o(.bss)
    atcmd                                    0x20000a44   Data          24  nbbc95.o(.bss)
    STACK                                    0x20000a60   Section     1024  startup_stm32f103xb.o(STACK)

    Global Symbols

    Symbol Name                              Value     Ov Type        Size  Object(Section)

    BuildAttributes$$THM_ISAv4$P$D$K$B$S$PE$A:L22UL41UL21$X:L11$S22US41US21$IEEE1$IW$USESV6$~STKCKD$USESV7$~SHL$OSPACE$ROPI$EBA8$MICROLIB$REQ8$PRES8$EABIv2 0x00000000   Number         0  anon$$obj.o ABSOLUTE
    __ARM_use_no_argv                        0x00000000   Number         0  main.o ABSOLUTE
    _printf_a                                0x00000000   Number         0  stubs.o ABSOLUTE
    _printf_c                                0x00000000   Number         0  stubs.o ABSOLUTE
    _printf_charcount                        0x00000000   Number         0  stubs.o ABSOLUTE
    _printf_d                                0x00000000   Number         0  stubs.o ABSOLUTE
    _printf_e                                0x00000000   Number         0  stubs.o ABSOLUTE
    _printf_f                                0x00000000   Number         0  stubs.o ABSOLUTE
    _printf_flags                            0x00000000   Number         0  stubs.o ABSOLUTE
    _printf_fp_dec                           0x00000000   Number         0  stubs.o ABSOLUTE
    _printf_fp_hex                           0x00000000   Number         0  stubs.o ABSOLUTE
    _printf_g                                0x00000000   Number         0  stubs.o ABSOLUTE
    _printf_i                                0x00000000   Number         0  stubs.o ABSOLUTE
    _printf_int_dec                          0x00000000   Number         0  stubs.o ABSOLUTE
    _printf_l                                0x00000000   Number         0  stubs.o ABSOLUTE
    _printf_lc                               0x00000000   Number         0  stubs.o ABSOLUTE
    _printf_ll                               0x00000000   Number         0  stubs.o ABSOLUTE
    _printf_lld                              0x00000000   Number         0  stubs.o ABSOLUTE
    _printf_lli                              0x00000000   Number         0  stubs.o ABSOLUTE
    _printf_llo                              0x00000000   Number         0  stubs.o ABSOLUTE
    _printf_llu                              0x00000000   Number         0  stubs.o ABSOLUTE
    _printf_llx                              0x00000000   Number         0  stubs.o ABSOLUTE
    _printf_longlong_dec                     0x00000000   Number         0  stubs.o ABSOLUTE
    _printf_longlong_hex                     0x00000000   Number         0  stubs.o ABSOLUTE
    _printf_longlong_oct                     0x00000000   Number         0  stubs.o ABSOLUTE
    _printf_ls                               0x00000000   Number         0  stubs.o ABSOLUTE
    _printf_mbtowc                           0x00000000   Number         0  stubs.o ABSOLUTE
    _printf_n                                0x00000000   Number         0  stubs.o ABSOLUTE
    _printf_o                                0x00000000   Number         0  stubs.o ABSOLUTE
    _printf_p                                0x00000000   Number         0  stubs.o ABSOLUTE
    _printf_percent                          0x00000000   Number         0  stubs.o ABSOLUTE
    _printf_pre_padding                      0x00000000   Number         0  stubs.o ABSOLUTE
    _printf_return_value                     0x00000000   Number         0  stubs.o ABSOLUTE
    _printf_s                                0x00000000   Number         0  stubs.o ABSOLUTE
    _printf_sizespec                         0x00000000   Number         0  stubs.o ABSOLUTE
    _printf_str                              0x00000000   Number         0  stubs.o ABSOLUTE
    _printf_truncate_signed                  0x00000000   Number         0  stubs.o ABSOLUTE
    _printf_truncate_unsigned                0x00000000   Number         0  stubs.o ABSOLUTE
    _printf_u                                0x00000000   Number         0  stubs.o ABSOLUTE
    _printf_wc                               0x00000000   Number         0  stubs.o ABSOLUTE
    _printf_wctomb                           0x00000000   Number         0  stubs.o ABSOLUTE
    _printf_widthprec                        0x00000000   Number         0  stubs.o ABSOLUTE
    _printf_x                                0x00000000   Number         0  stubs.o ABSOLUTE
    __cpp_initialize__aeabi_                  - Undefined Weak Reference
    __cxa_finalize                            - Undefined Weak Reference
    __decompress                              - Undefined Weak Reference
    _clock_init                               - Undefined Weak Reference
    _microlib_exit                            - Undefined Weak Reference
    __Vectors_Size                           0x000000ec   Number         0  startup_stm32f103xb.o ABSOLUTE
    __Vectors                                0x08000000   Data           4  startup_stm32f103xb.o(RESET)
    __Vectors_End                            0x080000ec   Data           0  startup_stm32f103xb.o(RESET)
    __main                                   0x080000ed   Thumb Code     0  entry.o(.ARM.Collect$$$$00000000)
    _main_stk                                0x080000ed   Thumb Code     0  entry2.o(.ARM.Collect$$$$00000001)
    _main_scatterload                        0x080000f1   Thumb Code     0  entry5.o(.ARM.Collect$$$$00000004)
    __main_after_scatterload                 0x080000f5   Thumb Code     0  entry5.o(.ARM.Collect$$$$00000004)
    _main_clock                              0x080000f5   Thumb Code     0  entry7b.o(.ARM.Collect$$$$00000008)
    _main_cpp_init                           0x080000f5   Thumb Code     0  entry8b.o(.ARM.Collect$$$$0000000A)
    _main_init                               0x080000f5   Thumb Code     0  entry9a.o(.ARM.Collect$$$$0000000B)
    __rt_final_cpp                           0x080000fd   Thumb Code     0  entry10a.o(.ARM.Collect$$$$0000000D)
    __rt_final_exit                          0x080000fd   Thumb Code     0  entry11a.o(.ARM.Collect$$$$0000000F)
    Reset_Handler                            0x08000101   Thumb Code     8  startup_stm32f103xb.o(.text)
    ADC1_2_IRQHandler                        0x0800011b   Thumb Code     0  startup_stm32f103xb.o(.text)
    CAN1_RX1_IRQHandler                      0x0800011b   Thumb Code     0  startup_stm32f103xb.o(.text)
    CAN1_SCE_IRQHandler                      0x0800011b   Thumb Code     0  startup_stm32f103xb.o(.text)
    DMA1_Channel1_IRQHandler                 0x0800011b   Thumb Code     0  startup_stm32f103xb.o(.text)
    DMA1_Channel2_IRQHandler                 0x0800011b   Thumb Code     0  startup_stm32f103xb.o(.text)
    DMA1_Channel3_IRQHandler                 0x0800011b   Thumb Code     0  startup_stm32f103xb.o(.text)
    DMA1_Channel6_IRQHandler                 0x0800011b   Thumb Code     0  startup_stm32f103xb.o(.text)
    DMA1_Channel7_IRQHandler                 0x0800011b   Thumb Code     0  startup_stm32f103xb.o(.text)
    EXTI0_IRQHandler                         0x0800011b   Thumb Code     0  startup_stm32f103xb.o(.text)
    EXTI15_10_IRQHandler                     0x0800011b   Thumb Code     0  startup_stm32f103xb.o(.text)
    EXTI1_IRQHandler                         0x0800011b   Thumb Code     0  startup_stm32f103xb.o(.text)
    EXTI2_IRQHandler                         0x0800011b   Thumb Code     0  startup_stm32f103xb.o(.text)
    EXTI3_IRQHandler                         0x0800011b   Thumb Code     0  startup_stm32f103xb.o(.text)
    EXTI4_IRQHandler                         0x0800011b   Thumb Code     0  startup_stm32f103xb.o(.text)
    EXTI9_5_IRQHandler                       0x0800011b   Thumb Code     0  startup_stm32f103xb.o(.text)
    FLASH_IRQHandler                         0x0800011b   Thumb Code     0  startup_stm32f103xb.o(.text)
    I2C1_ER_IRQHandler                       0x0800011b   Thumb Code     0  startup_stm32f103xb.o(.text)
    I2C1_EV_IRQHandler                       0x0800011b   Thumb Code     0  startup_stm32f103xb.o(.text)
    I2C2_ER_IRQHandler                       0x0800011b   Thumb Code     0  startup_stm32f103xb.o(.text)
    I2C2_EV_IRQHandler                       0x0800011b   Thumb Code     0  startup_stm32f103xb.o(.text)
    PVD_IRQHandler                           0x0800011b   Thumb Code     0  startup_stm32f103xb.o(.text)
    RCC_IRQHandler                           0x0800011b   Thumb Code     0  startup_stm32f103xb.o(.text)
    RTC_Alarm_IRQHandler                     0x0800011b   Thumb Code     0  startup_stm32f103xb.o(.text)
    RTC_IRQHandler                           0x0800011b   Thumb Code     0  startup_stm32f103xb.o(.text)
    SPI1_IRQHandler                          0x0800011b   Thumb Code     0  startup_stm32f103xb.o(.text)
    SPI2_IRQHandler                          0x0800011b   Thumb Code     0  startup_stm32f103xb.o(.text)
    TAMPER_IRQHandler                        0x0800011b   Thumb Code     0  startup_stm32f103xb.o(.text)
    TIM1_BRK_IRQHandler                      0x0800011b   Thumb Code     0  startup_stm32f103xb.o(.text)
    TIM1_CC_IRQHandler                       0x0800011b   Thumb Code     0  startup_stm32f103xb.o(.text)
    TIM1_TRG_COM_IRQHandler                  0x0800011b   Thumb Code     0  startup_stm32f103xb.o(.text)
    TIM1_UP_IRQHandler                       0x0800011b   Thumb Code     0  startup_stm32f103xb.o(.text)
    TIM2_IRQHandler                          0x0800011b   Thumb Code     0  startup_stm32f103xb.o(.text)
    TIM3_IRQHandler                          0x0800011b   Thumb Code     0  startup_stm32f103xb.o(.text)
    TIM4_IRQHandler                          0x0800011b   Thumb Code     0  startup_stm32f103xb.o(.text)
    USART3_IRQHandler                        0x0800011b   Thumb Code     0  startup_stm32f103xb.o(.text)
    USBWakeUp_IRQHandler                     0x0800011b   Thumb Code     0  startup_stm32f103xb.o(.text)
    USB_HP_CAN1_TX_IRQHandler                0x0800011b   Thumb Code     0  startup_stm32f103xb.o(.text)
    USB_LP_CAN1_RX0_IRQHandler               0x0800011b   Thumb Code     0  startup_stm32f103xb.o(.text)
    WWDG_IRQHandler                          0x0800011b   Thumb Code     0  startup_stm32f103xb.o(.text)
    __aeabi_llsr                             0x08000125   Thumb Code    32  llushr.o(.text)
    _ll_ushift_r                             0x08000125   Thumb Code     0  llushr.o(.text)
    __aeabi_memcpy                           0x08000145   Thumb Code    36  memcpya.o(.text)
    __aeabi_memcpy4                          0x08000145   Thumb Code     0  memcpya.o(.text)
    __aeabi_memcpy8                          0x08000145   Thumb Code     0  memcpya.o(.text)
    __aeabi_memset                           0x08000169   Thumb Code    14  memseta.o(.text)
    __aeabi_memset4                          0x08000169   Thumb Code     0  memseta.o(.text)
    __aeabi_memset8                          0x08000169   Thumb Code     0  memseta.o(.text)
    __aeabi_memclr                           0x08000177   Thumb Code     4  memseta.o(.text)
    __aeabi_memclr4                          0x08000177   Thumb Code     0  memseta.o(.text)
    __aeabi_memclr8                          0x08000177   Thumb Code     0  memseta.o(.text)
    _memset$wrapper                          0x0800017b   Thumb Code    18  memseta.o(.text)
    strstr                                   0x0800018d   Thumb Code    36  strstr.o(.text)
    strchr                                   0x080001b1   Thumb Code    20  strchr.o(.text)
    strlen                                   0x080001c5   Thumb Code    14  strlen.o(.text)
    strtok                                   0x080001d5   Thumb Code    62  strtok.o(.text)
    strtoul                                  0x08000219   Thumb Code   114  strtoul.o(.text)
    __aeabi_uldivmod                         0x0800028b   Thumb Code    98  uldiv.o(.text)
    __rt_ctype_table                         0x080002ed   Thumb Code     4  ctype_o.o(.text)
    _strtoul                                 0x080002f5   Thumb Code   158  _strtoul.o(.text)
    __scatterload                            0x08000395   Thumb Code    28  init.o(.text)
    __scatterload_rt2                        0x08000395   Thumb Code     0  init.o(.text)
    __aeabi_llsl                             0x080003b9   Thumb Code    30  llshl.o(.text)
    _ll_shift_l                              0x080003b9   Thumb Code     0  llshl.o(.text)
    _chval                                   0x080003d7   Thumb Code    28  _chval.o(.text)
    BusFault_Handler                         0x080003f3   Thumb Code     4  stm32f1xx_it.o(i.BusFault_Handler)
    DMA1_Channel4_IRQHandler                 0x080003f9   Thumb Code    10  stm32f1xx_it.o(i.DMA1_Channel4_IRQHandler)
    DMA1_Channel5_IRQHandler                 0x08000409   Thumb Code    10  stm32f1xx_it.o(i.DMA1_Channel5_IRQHandler)
    DebugMon_Handler                         0x08000445   Thumb Code     2  stm32f1xx_it.o(i.DebugMon_Handler)
    HAL_DMA_Abort_IT                         0x08000709   Thumb Code   172  stm32f1xx_hal_dma.o(i.HAL_DMA_Abort_IT)
    HAL_DMA_DeInit                           0x080007b9   Thumb Code    92  stm32f1xx_hal_dma.o(i.HAL_DMA_DeInit)
    HAL_DMA_IRQHandler                       0x08000819   Thumb Code   408  stm32f1xx_hal_dma.o(i.HAL_DMA_IRQHandler)
    HAL_DMA_Init                             0x080009b5   Thumb Code   108  stm32f1xx_hal_dma.o(i.HAL_DMA_Init)
    HAL_DMA_Start_IT                         0x08000a25   Thumb Code   156  stm32f1xx_hal_dma.o(i.HAL_DMA_Start_IT)
    HAL_DMA_UsartInit                        0x08000ac1   Thumb Code    34  usart.o(i.HAL_DMA_UsartInit)
    HAL_Delay                                0x08000af5   Thumb Code    36  stm32f1xx_hal.o(i.HAL_Delay)
    HAL_GPIO_DeInit                          0x08000b1d   Thumb Code   288  stm32f1xx_hal_gpio.o(i.HAL_GPIO_DeInit)
    HAL_GPIO_Init                            0x08000c55   Thumb Code   764  stm32f1xx_hal_gpio.o(i.HAL_GPIO_Init)
    HAL_GetTick                              0x08000f71   Thumb Code     6  stm32f1xx_hal.o(i.HAL_GetTick)
    HAL_IncTick                              0x08000f7d   Thumb Code    16  stm32f1xx_hal.o(i.HAL_IncTick)
    HAL_Init                                 0x08000f95   Thumb Code    34  stm32f1xx_hal.o(i.HAL_Init)
    HAL_InitTick                             0x08000fbd   Thumb Code    64  stm32f1xx_hal.o(i.HAL_InitTick)
    HAL_MspInit                              0x08001009   Thumb Code   132  stm32f1xx_hal_msp.o(i.HAL_MspInit)
    HAL_NVIC_DisableIRQ                      0x08001095   Thumb Code    22  stm32f1xx_hal_cortex.o(i.HAL_NVIC_DisableIRQ)
    HAL_NVIC_EnableIRQ                       0x080010b1   Thumb Code    26  stm32f1xx_hal_cortex.o(i.HAL_NVIC_EnableIRQ)
    HAL_NVIC_SetPriority                     0x080010cb   Thumb Code   124  stm32f1xx_hal_cortex.o(i.HAL_NVIC_SetPriority)
    HAL_NVIC_SetPriorityGrouping             0x08001149   Thumb Code    32  stm32f1xx_hal_cortex.o(i.HAL_NVIC_SetPriorityGrouping)
    HAL_RCC_ClockConfig                      0x08001171   Thumb Code   402  stm32f1xx_hal_rcc.o(i.HAL_RCC_ClockConfig)
    HAL_RCC_GetHCLKFreq                      0x08001315   Thumb Code     6  stm32f1xx_hal_rcc.o(i.HAL_RCC_GetHCLKFreq)
    HAL_RCC_GetPCLK1Freq                     0x08001321   Thumb Code    22  stm32f1xx_hal_rcc.o(i.HAL_RCC_GetPCLK1Freq)
    HAL_RCC_GetPCLK2Freq                     0x08001341   Thumb Code    22  stm32f1xx_hal_rcc.o(i.HAL_RCC_GetPCLK2Freq)
    HAL_RCC_GetSysClockFreq                  0x08001361   Thumb Code   116  stm32f1xx_hal_rcc.o(i.HAL_RCC_GetSysClockFreq)
    HAL_RCC_OscConfig                        0x080013f5   Thumb Code  1078  stm32f1xx_hal_rcc.o(i.HAL_RCC_OscConfig)
    HAL_SYSTICK_CLKSourceConfig              0x08001835   Thumb Code    40  stm32f1xx_hal_cortex.o(i.HAL_SYSTICK_CLKSourceConfig)
    HAL_SYSTICK_Callback                     0x0800185d   Thumb Code     2  stm32f1xx_hal_cortex.o(i.HAL_SYSTICK_Callback)
    HAL_SYSTICK_Config                       0x0800185f   Thumb Code    52  stm32f1xx_hal_cortex.o(i.HAL_SYSTICK_Config)
    HAL_SYSTICK_IRQHandler                   0x08001893   Thumb Code     8  stm32f1xx_hal_cortex.o(i.HAL_SYSTICK_IRQHandler)
    HAL_UART_ErrorCallback                   0x0800189b   Thumb Code     2  stm32f1xx_hal_uart.o(i.HAL_UART_ErrorCallback)
    HAL_UART_IRQHandler                      0x0800189d   Thumb Code   326  stm32f1xx_hal_uart.o(i.HAL_UART_IRQHandler)
    HAL_UART_Init                            0x080019e9   Thumb Code   114  stm32f1xx_hal_uart.o(i.HAL_UART_Init)
    HAL_UART_MspDeInit                       0x08001a5d   Thumb Code    90  usart.o(i.HAL_UART_MspDeInit)
    HAL_UART_MspInit                         0x08001ac9   Thumb Code   276  usart.o(i.HAL_UART_MspInit)
    HAL_UART_Receive_DMA                     0x08001c09   Thumb Code   182  stm32f1xx_hal_uart.o(i.HAL_UART_Receive_DMA)
    HAL_UART_Receive_IT                      0x08001ccd   Thumb Code   112  stm32f1xx_hal_uart.o(i.HAL_UART_Receive_IT)
    HAL_UART_RxCpltCallback                  0x08001d3d   Thumb Code    30  main.o(i.HAL_UART_RxCpltCallback)
    HAL_UART_RxHalfCpltCallback              0x08001d65   Thumb Code     2  stm32f1xx_hal_uart.o(i.HAL_UART_RxHalfCpltCallback)
    HAL_UART_Transmit                        0x08001d67   Thumb Code   214  stm32f1xx_hal_uart.o(i.HAL_UART_Transmit)
    HAL_UART_Transmit_DMA                    0x08001e3d   Thumb Code   142  stm32f1xx_hal_uart.o(i.HAL_UART_Transmit_DMA)
    HAL_UART_TxCpltCallback                  0x08001ed9   Thumb Code    68  dma_fun.o(i.HAL_UART_TxCpltCallback)
    HAL_UART_TxHalfCpltCallback              0x08001f29   Thumb Code     2  stm32f1xx_hal_uart.o(i.HAL_UART_TxHalfCpltCallback)
    HAL_USART_Close                          0x08001f2d   Thumb Code    10  usart.o(i.HAL_USART_Close)
    HAL_USART_Poll                           0x08001f3d   Thumb Code    66  usart.o(i.HAL_USART_Poll)
    HAL_USART_RxBufLen                       0x08001f8d   Thumb Code     8  usart.o(i.HAL_USART_RxBufLen)
    HAL_USART_Write                          0x08001f95   Thumb Code    34  usart.o(i.HAL_USART_Write)
    HardFault_Handler                        0x08001fc1   Thumb Code     4  stm32f1xx_it.o(i.HardFault_Handler)
    InitATcmd                                0x08001fc5   Thumb Code    42  nbbc95.o(i.InitATcmd)
    MX_DMA_Init                              0x08001ff5   Thumb Code    64  dma.o(i.MX_DMA_Init)
    MX_GPIO_Init                             0x08002039   Thumb Code    84  gpio.o(i.MX_GPIO_Init)
    MX_USART1_UART_Init                      0x080020b5   Thumb Code    50  usart.o(i.MX_USART1_UART_Init)
    MX_USART2_UART_Init                      0x08002101   Thumb Code    50  usart.o(i.MX_USART2_UART_Init)
    MemManage_Handler                        0x0800214d   Thumb Code     4  stm32f1xx_it.o(i.MemManage_Handler)
    NBHexStrToNum                            0x08002151   Thumb Code   138  nbbc95.o(i.NBHexStrToNum)
    NBSendMsg                                0x080021dd   Thumb Code   938  nbbc95.o(i.NBSendMsg)
    NB_MsgreportCallback                     0x080025d5   Thumb Code   316  main.o(i.NB_MsgreportCallback)
    NB_Strtoul                               0x08002849   Thumb Code    18  nbbc95.o(i.NB_Strtoul)
    NBbc95SendCMD_Usart                      0x0800285d   Thumb Code    50  nbbc95.o(i.NBbc95SendCMD_Usart)
    NMI_Handler                              0x08002899   Thumb Code     2  stm32f1xx_it.o(i.NMI_Handler)
    PendSV_Handler                           0x080028d5   Thumb Code     2  stm32f1xx_it.o(i.PendSV_Handler)
    SVC_Handler                              0x08002925   Thumb Code     2  stm32f1xx_it.o(i.SVC_Handler)
    SignNBModule                             0x08002927   Thumb Code    30  nbbc95.o(i.SignNBModule)
    SysTick_Handler                          0x08002945   Thumb Code    12  stm32f1xx_it.o(i.SysTick_Handler)
    SystemClock_Config                       0x08002951   Thumb Code   132  main.o(i.SystemClock_Config)
    SystemInit                               0x080029e5   Thumb Code    70  system_stm32f1xx.o(i.SystemInit)
    TimerPoll                                0x08002a3d   Thumb Code    90  uarttimerpoll.o(i.TimerPoll)
    TimerSet                                 0x08002aa9   Thumb Code     6  uarttimerpoll.o(i.TimerSet)
    TimerStart                               0x08002ab5   Thumb Code    24  uarttimerpoll.o(i.TimerStart)
    TimerStop                                0x08002ad9   Thumb Code     8  uarttimerpoll.o(i.TimerStop)
    USART1_IRQHandler                        0x08002f79   Thumb Code    10  stm32f1xx_it.o(i.USART1_IRQHandler)
    USART2_IRQHandler                        0x08002f89   Thumb Code    16  stm32f1xx_it.o(i.USART2_IRQHandler)
    UsageFault_Handler                       0x08002f9d   Thumb Code     4  stm32f1xx_it.o(i.UsageFault_Handler)
    _Error_Handler                           0x08002fa1   Thumb Code     4  main.o(i._Error_Handler)
    __0printf$8                              0x08002fa5   Thumb Code    22  printf8.o(i.__0printf$8)
    __1printf$8                              0x08002fa5   Thumb Code     0  printf8.o(i.__0printf$8)
    __2printf                                0x08002fa5   Thumb Code     0  printf8.o(i.__0printf$8)
    __0snprintf$8                            0x08002fc5   Thumb Code    36  printf8.o(i.__0snprintf$8)
    __1snprintf$8                            0x08002fc5   Thumb Code     0  printf8.o(i.__0snprintf$8)
    __2snprintf                              0x08002fc5   Thumb Code     0  printf8.o(i.__0snprintf$8)
    __0sprintf$8                             0x08002fed   Thumb Code    34  printf8.o(i.__0sprintf$8)
    __1sprintf$8                             0x08002fed   Thumb Code     0  printf8.o(i.__0sprintf$8)
    __2sprintf                               0x08002fed   Thumb Code     0  printf8.o(i.__0sprintf$8)
    __aeabi_errno_addr                       0x08003015   Thumb Code     4  errno.o(i.__aeabi_errno_addr)
    __rt_errno_addr                          0x08003015   Thumb Code     0  errno.o(i.__aeabi_errno_addr)
    __scatterload_copy                       0x0800301d   Thumb Code    14  handlers.o(i.__scatterload_copy)
    __scatterload_null                       0x0800302b   Thumb Code     2  handlers.o(i.__scatterload_null)
    __scatterload_zeroinit                   0x0800302d   Thumb Code    14  handlers.o(i.__scatterload_zeroinit)
    addr_adjust                              0x080034c1   Thumb Code   116  nbbc95.o(i.addr_adjust)
    bc95Main                                 0x08003539   Thumb Code   344  nbbc95.o(i.bc95Main)
    bc95ResultHandle                         0x080036a5   Thumb Code   122  nbbc95.o(i.bc95ResultHandle)
    bc95_AsynNotification                    0x08003729   Thumb Code   240  nbbc95.o(i.bc95_AsynNotification)
    closeUdpNBModule                         0x080038bb   Thumb Code    30  nbbc95.o(i.closeUdpNBModule)
    closeUdp_bc95                            0x080038d9   Thumb Code    78  nbbc95.o(i.closeUdp_bc95)
    coapReceIndication_bc95                  0x080039a1   Thumb Code     6  nbbc95.o(i.coapReceIndication_bc95)
    coapSentIndication_bc95                  0x080039a7   Thumb Code     6  nbbc95.o(i.coapSentIndication_bc95)
    coapSentMsgNBModule                      0x080039ad   Thumb Code    38  nbbc95.o(i.coapSentMsgNBModule)
    coapSentMsg_bc95                         0x080039d5   Thumb Code   144  nbbc95.o(i.coapSentMsg_bc95)
    coapServerNBModule                       0x08003a7d   Thumb Code    38  nbbc95.o(i.coapServerNBModule)
    coapServer_bc95                          0x08003aa5   Thumb Code    92  nbbc95.o(i.coapServer_bc95)
    createUDPServerNBModule                  0x08003b25   Thumb Code    30  nbbc95.o(i.createUDPServerNBModule)
    createUDPServer_bc95                     0x08003b45   Thumb Code    62  nbbc95.o(i.createUDPServer_bc95)
    formatATcmd                              0x08003bd5   Thumb Code   134  nbbc95.o(i.formatATcmd)
    fputc                                    0x08003c81   Thumb Code    22  usart.o(i.fputc)
    getMISIInfo_bc95                         0x08003c9d   Thumb Code    30  nbbc95.o(i.getMISIInfo_bc95)
    getModuleInfoNBModule                    0x08003cbb   Thumb Code    30  nbbc95.o(i.getModuleInfoNBModule)
    getModuleInfo_bc95                       0x08003cd9   Thumb Code    64  nbbc95.o(i.getModuleInfo_bc95)
    getRegisterInfo_bc95                     0x08003d25   Thumb Code    30  nbbc95.o(i.getRegisterInfo_bc95)
    initNBModule                             0x08003d43   Thumb Code    30  nbbc95.o(i.initNBModule)
    initbc95                                 0x08003d61   Thumb Code    56  nbbc95.o(i.initbc95)
    isNetSign_bc95                           0x08003da5   Thumb Code    64  nbbc95.o(i.isNetSign_bc95)
    main                                     0x08003df1   Thumb Code   396  main.o(i.main)
    openNBModule                             0x08004119   Thumb Code    36  nbbc95.o(i.openNBModule)
    openbc95                                 0x08004141   Thumb Code    42  nbbc95.o(i.openbc95)
    readNBStateFromUart                      0x08004179   Thumb Code   240  main.o(i.readNBStateFromUart)
    recFromUdp_bc95                          0x08004275   Thumb Code   100  nbbc95.o(i.recFromUdp_bc95)
    sendToUdpNBModule                        0x080042f1   Thumb Code    38  nbbc95.o(i.sendToUdpNBModule)
    sendToUdp_bc95                           0x08004319   Thumb Code   180  nbbc95.o(i.sendToUdp_bc95)
    usartDMA_Avail                           0x0800440d   Thumb Code    48  dma_fun.o(i.usartDMA_Avail)
    usartDMA_Init                            0x08004441   Thumb Code    76  dma_fun.o(i.usartDMA_Init)
    usartDMA_Poll_RecAvail                   0x08004499   Thumb Code   330  dma_fun.o(i.usartDMA_Poll_RecAvail)
    usartDMA_Read                            0x080045ed   Thumb Code    94  dma_fun.o(i.usartDMA_Read)
    usartDMA_Write                           0x08004651   Thumb Code   136  dma_fun.o(i.usartDMA_Write)
    bc95InitProcess                          0x080046fc   Data          13  nbbc95.o(.constdata)
    bc95GetInfoProcess                       0x08004709   Data           6  nbbc95.o(.constdata)
    bc95UDPCreateProcess                     0x0800470f   Data           5  nbbc95.o(.constdata)
    bc95UDPCloseProcess                      0x08004714   Data           3  nbbc95.o(.constdata)
    bc95UDPSendProcess                       0x08004717   Data           3  nbbc95.o(.constdata)
    bc95fun                                  0x0800471c   Data          56  nbbc95.o(.constdata)
    AHBPrescTable                            0x08004754   Data          16  system_stm32f1xx.o(.constdata)
    APBPrescTable                            0x08004764   Data           8  system_stm32f1xx.o(.constdata)
    __ctype_table                            0x0800476c   Data         129  ctype_o.o(.constdata)
    Region$$Table$$Base                      0x080048e0   Number         0  anon$$obj.o(Region$$Table)
    Region$$Table$$Limit                     0x08004900   Number         0  anon$$obj.o(Region$$Table)
    uwTick                                   0x20000000   Data           4  stm32f1xx_hal.o(.data)
    uwTickPrio                               0x20000004   Data           4  stm32f1xx_hal.o(.data)
    uwTickFreq                               0x20000008   Data           1  stm32f1xx_hal.o(.data)
    NB_MODULE_IMEI                           0x2000000c   Data           4  main.o(.data)
    processRecord                            0x20000010   Data           1  main.o(.data)
    nb_state                                 0x20000011   Data           1  main.o(.data)
    receBufferPC                             0x20000012   Data           1  main.o(.data)
    AT                                       0x20000020   Data           4  nbbc95.o(.data)
    AT_CMEE                                  0x20000024   Data           4  nbbc95.o(.data)
    AT_CGMI                                  0x20000028   Data           4  nbbc95.o(.data)
    AT_CGMM                                  0x2000002c   Data           4  nbbc95.o(.data)
    AT_CGMR                                  0x20000030   Data           4  nbbc95.o(.data)
    AT_NBAND                                 0x20000034   Data           4  nbbc95.o(.data)
    AT_NCONFIG                               0x20000038   Data           4  nbbc95.o(.data)
    AT_CGSN                                  0x2000003c   Data           4  nbbc95.o(.data)
    AT_CIMI                                  0x20000040   Data           4  nbbc95.o(.data)
    AT_CGATT1                                0x20000044   Data           4  nbbc95.o(.data)
    AT_CGATT0                                0x20000048   Data           4  nbbc95.o(.data)
    AT_CGATT                                 0x2000004c   Data           4  nbbc95.o(.data)
    AT_CSQ                                   0x20000050   Data           4  nbbc95.o(.data)
    AT_COPS                                  0x20000054   Data           4  nbbc95.o(.data)
    AT_CEREG                                 0x20000058   Data           4  nbbc95.o(.data)
    AT_NUESTATS                              0x2000005c   Data           4  nbbc95.o(.data)
    AT_NSORF                                 0x20000060   Data           4  nbbc95.o(.data)
    AT_CFUN                                  0x20000064   Data           4  nbbc95.o(.data)
    AT_CSCON                                 0x20000068   Data           4  nbbc95.o(.data)
    AT_NSMI                                  0x2000006c   Data           4  nbbc95.o(.data)
    AT_NNMI                                  0x20000070   Data           4  nbbc95.o(.data)
    AT_NSOCL                                 0x20000074   Data           4  nbbc95.o(.data)
    AT_NSOCR                                 0x20000078   Data           4  nbbc95.o(.data)
    AT_NSOST                                 0x2000007c   Data           4  nbbc95.o(.data)
    AT_NCDP                                  0x20000080   Data           4  nbbc95.o(.data)
    AT_NMGS                                  0x20000084   Data           4  nbbc95.o(.data)
    AT_NMGR                                  0x20000088   Data           4  nbbc95.o(.data)
    UartTimerFun                             0x20000098   Data          12  nbbc95_cfg.o(.data)
    Serial_fun                               0x200000a4   Data          12  nbbc95_cfg.o(.data)
    HWAtrrs_object                           0x200000b0   Data          12  nbbc95_cfg.o(.data)
    bc95_cfg                                 0x200000bc   Data          12  nbbc95_cfg.o(.data)
    TimerOutCb                               0x200000c8   Data           4  uarttimerpoll.o(.data)
    TickStart                                0x200000cc   Data           4  uarttimerpoll.o(.data)
    TickDelta                                0x200000d0   Data           4  uarttimerpoll.o(.data)
    TickOpenFlag                             0x200000d4   Data           1  uarttimerpoll.o(.data)
    SystemCoreClock                          0x200000d8   Data           4  system_stm32f1xx.o(.data)
    __stdout                                 0x200000e0   Data           4  stdout.o(.data)
    huart1                                   0x200001e8   Data          64  usart.o(.bss)
    huart2                                   0x20000228   Data          64  usart.o(.bss)
    hdma_usart1_rx                           0x20000268   Data          68  usart.o(.bss)
    hdma_usart1_tx                           0x200002ac   Data          68  usart.o(.bss)
    NBCmdBufSend                             0x20000608   Data         514  nbbc95.o(.bss)
    NBCmdBufRec                              0x2000080a   Data         514  nbbc95.o(.bss)
    bc95_status                              0x20000a0c   Data          56  nbbc95.o(.bss)
    __initial_sp                             0x20000e60   Data           0  startup_stm32f103xb.o(STACK)



==============================================================================

Memory Map of the image

  Image Entry point : 0x080000ed

  Load Region LR_IROM1 (Base: 0x08000000, Size: 0x000049e8, Max: 0x00010000, ABSOLUTE)

    Execution Region ER_IROM1 (Base: 0x08000000, Size: 0x00004900, Max: 0x00010000, ABSOLUTE)

    Base Addr    Size         Type   Attr      Idx    E Section Name        Object

    0x08000000   0x000000ec   Data   RO            3    RESET               startup_stm32f103xb.o
    0x080000ec   0x00000000   Code   RO         2222  * .ARM.Collect$$$$00000000  mc_w.l(entry.o)
    0x080000ec   0x00000004   Code   RO         2508    .ARM.Collect$$$$00000001  mc_w.l(entry2.o)
    0x080000f0   0x00000004   Code   RO         2511    .ARM.Collect$$$$00000004  mc_w.l(entry5.o)
    0x080000f4   0x00000000   Code   RO         2513    .ARM.Collect$$$$00000008  mc_w.l(entry7b.o)
    0x080000f4   0x00000000   Code   RO         2515    .ARM.Collect$$$$0000000A  mc_w.l(entry8b.o)
    0x080000f4   0x00000008   Code   RO         2516    .ARM.Collect$$$$0000000B  mc_w.l(entry9a.o)
    0x080000fc   0x00000000   Code   RO         2518    .ARM.Collect$$$$0000000D  mc_w.l(entry10a.o)
    0x080000fc   0x00000000   Code   RO         2520    .ARM.Collect$$$$0000000F  mc_w.l(entry11a.o)
    0x080000fc   0x00000004   Code   RO         2509    .ARM.Collect$$$$00002712  mc_w.l(entry2.o)
    0x08000100   0x00000024   Code   RO            4    .text               startup_stm32f103xb.o
    0x08000124   0x00000020   Code   RO         2225    .text               mc_w.l(llushr.o)
    0x08000144   0x00000024   Code   RO         2227    .text               mc_w.l(memcpya.o)
    0x08000168   0x00000024   Code   RO         2229    .text               mc_w.l(memseta.o)
    0x0800018c   0x00000024   Code   RO         2231    .text               mc_w.l(strstr.o)
    0x080001b0   0x00000014   Code   RO         2233    .text               mc_w.l(strchr.o)
    0x080001c4   0x0000000e   Code   RO         2235    .text               mc_w.l(strlen.o)
    0x080001d2   0x00000002   PAD
    0x080001d4   0x00000044   Code   RO         2237    .text               mc_w.l(strtok.o)
    0x08000218   0x00000072   Code   RO         2506    .text               mc_w.l(strtoul.o)
    0x0800028a   0x00000062   Code   RO         2525    .text               mc_w.l(uldiv.o)
    0x080002ec   0x00000008   Code   RO         2527    .text               mc_w.l(ctype_o.o)
    0x080002f4   0x0000009e   Code   RO         2562    .text               mc_w.l(_strtoul.o)
    0x08000392   0x00000002   PAD
    0x08000394   0x00000024   Code   RO         2575    .text               mc_w.l(init.o)
    0x080003b8   0x0000001e   Code   RO         2577    .text               mc_w.l(llshl.o)
    0x080003d6   0x0000001c   Code   RO         2581    .text               mc_w.l(_chval.o)
    0x080003f2   0x00000004   Code   RO         1435    i.BusFault_Handler  stm32f1xx_it.o
    0x080003f6   0x00000002   PAD
    0x080003f8   0x00000010   Code   RO         1436    i.DMA1_Channel4_IRQHandler  stm32f1xx_it.o
    0x08000408   0x00000010   Code   RO         1437    i.DMA1_Channel5_IRQHandler  stm32f1xx_it.o
    0x08000418   0x0000002c   Code   RO          750    i.DMA_SetConfig     stm32f1xx_hal_dma.o
    0x08000444   0x00000002   Code   RO         1438    i.DebugMon_Handler  stm32f1xx_it.o
    0x08000446   0x00000002   PAD
    0x08000448   0x000002c0   Code   RO         1829    i.GotoNextCmd       nbbc95.o
    0x08000708   0x000000b0   Code   RO          752    i.HAL_DMA_Abort_IT  stm32f1xx_hal_dma.o
    0x080007b8   0x00000060   Code   RO          753    i.HAL_DMA_DeInit    stm32f1xx_hal_dma.o
    0x08000818   0x0000019c   Code   RO          756    i.HAL_DMA_IRQHandler  stm32f1xx_hal_dma.o
    0x080009b4   0x00000070   Code   RO          757    i.HAL_DMA_Init      stm32f1xx_hal_dma.o
    0x08000a24   0x0000009c   Code   RO          761    i.HAL_DMA_Start_IT  stm32f1xx_hal_dma.o
    0x08000ac0   0x00000034   Code   RO         1617    i.HAL_DMA_UsartInit  usart.o
    0x08000af4   0x00000028   Code   RO         1134    i.HAL_Delay         stm32f1xx_hal.o
    0x08000b1c   0x00000138   Code   RO          210    i.HAL_GPIO_DeInit   stm32f1xx_hal_gpio.o
    0x08000c54   0x0000031c   Code   RO          213    i.HAL_GPIO_Init     stm32f1xx_hal_gpio.o
    0x08000f70   0x0000000c   Code   RO         1138    i.HAL_GetTick       stm32f1xx_hal.o
    0x08000f7c   0x00000018   Code   RO         1142    i.HAL_IncTick       stm32f1xx_hal.o
    0x08000f94   0x00000028   Code   RO         1143    i.HAL_Init          stm32f1xx_hal.o
    0x08000fbc   0x0000004c   Code   RO         1144    i.HAL_InitTick      stm32f1xx_hal.o
    0x08001008   0x0000008c   Code   RO         1411    i.HAL_MspInit       stm32f1xx_hal_msp.o
    0x08001094   0x0000001c   Code   RO          952    i.HAL_NVIC_DisableIRQ  stm32f1xx_hal_cortex.o
    0x080010b0   0x0000001a   Code   RO          953    i.HAL_NVIC_EnableIRQ  stm32f1xx_hal_cortex.o
    0x080010ca   0x0000007c   Code   RO          959    i.HAL_NVIC_SetPriority  stm32f1xx_hal_cortex.o
    0x08001146   0x00000002   PAD
    0x08001148   0x00000028   Code   RO          960    i.HAL_NVIC_SetPriorityGrouping  stm32f1xx_hal_cortex.o
    0x08001170   0x000001a4   Code   RO          644    i.HAL_RCC_ClockConfig  stm32f1xx_hal_rcc.o
    0x08001314   0x0000000c   Code   RO          649    i.HAL_RCC_GetHCLKFreq  stm32f1xx_hal_rcc.o
    0x08001320   0x00000020   Code   RO          651    i.HAL_RCC_GetPCLK1Freq  stm32f1xx_hal_rcc.o
    0x08001340   0x00000020   Code   RO          652    i.HAL_RCC_GetPCLK2Freq  stm32f1xx_hal_rcc.o
    0x08001360   0x00000094   Code   RO          653    i.HAL_RCC_GetSysClockFreq  stm32f1xx_hal_rcc.o
    0x080013f4   0x00000440   Code   RO          656    i.HAL_RCC_OscConfig  stm32f1xx_hal_rcc.o
    0x08001834   0x00000028   Code   RO          962    i.HAL_SYSTICK_CLKSourceConfig  stm32f1xx_hal_cortex.o
    0x0800185c   0x00000002   Code   RO          963    i.HAL_SYSTICK_Callback  stm32f1xx_hal_cortex.o
    0x0800185e   0x00000034   Code   RO          964    i.HAL_SYSTICK_Config  stm32f1xx_hal_cortex.o
    0x08001892   0x00000008   Code   RO          965    i.HAL_SYSTICK_IRQHandler  stm32f1xx_hal_cortex.o
    0x0800189a   0x00000002   Code   RO          333    i.HAL_UART_ErrorCallback  stm32f1xx_hal_uart.o
    0x0800189c   0x0000014c   Code   RO          336    i.HAL_UART_IRQHandler  stm32f1xx_hal_uart.o
    0x080019e8   0x00000072   Code   RO          337    i.HAL_UART_Init     stm32f1xx_hal_uart.o
    0x08001a5a   0x00000002   PAD
    0x08001a5c   0x0000006c   Code   RO         1618    i.HAL_UART_MspDeInit  usart.o
    0x08001ac8   0x00000140   Code   RO         1619    i.HAL_UART_MspInit  usart.o
    0x08001c08   0x000000c4   Code   RO          341    i.HAL_UART_Receive_DMA  stm32f1xx_hal_uart.o
    0x08001ccc   0x00000070   Code   RO          342    i.HAL_UART_Receive_IT  stm32f1xx_hal_uart.o
    0x08001d3c   0x00000028   Code   RO         1535    i.HAL_UART_RxCpltCallback  main.o
    0x08001d64   0x00000002   Code   RO          344    i.HAL_UART_RxHalfCpltCallback  stm32f1xx_hal_uart.o
    0x08001d66   0x000000d6   Code   RO          345    i.HAL_UART_Transmit  stm32f1xx_hal_uart.o
    0x08001e3c   0x0000009c   Code   RO          346    i.HAL_UART_Transmit_DMA  stm32f1xx_hal_uart.o
    0x08001ed8   0x00000050   Code   RO         1767    i.HAL_UART_TxCpltCallback  dma_fun.o
    0x08001f28   0x00000002   Code   RO          349    i.HAL_UART_TxHalfCpltCallback  stm32f1xx_hal_uart.o
    0x08001f2a   0x00000002   PAD
    0x08001f2c   0x00000010   Code   RO         1620    i.HAL_USART_Close   usart.o
    0x08001f3c   0x00000050   Code   RO         1621    i.HAL_USART_Poll    usart.o
    0x08001f8c   0x00000008   Code   RO         1623    i.HAL_USART_RxBufLen  usart.o
    0x08001f94   0x0000002c   Code   RO         1624    i.HAL_USART_Write   usart.o
    0x08001fc0   0x00000004   Code   RO         1439    i.HardFault_Handler  stm32f1xx_it.o
    0x08001fc4   0x00000030   Code   RO         1830    i.InitATcmd         nbbc95.o
    0x08001ff4   0x00000044   Code   RO         1719    i.MX_DMA_Init       dma.o
    0x08002038   0x00000058   Code   RO         1743    i.MX_GPIO_Init      gpio.o
    0x08002090   0x00000024   Code   RO         1536    i.MX_NVIC_Init      main.o
    0x080020b4   0x0000004c   Code   RO         1625    i.MX_USART1_UART_Init  usart.o
    0x08002100   0x0000004c   Code   RO         1626    i.MX_USART2_UART_Init  usart.o
    0x0800214c   0x00000004   Code   RO         1440    i.MemManage_Handler  stm32f1xx_it.o
    0x08002150   0x0000008a   Code   RO         1831    i.NBHexStrToNum     nbbc95.o
    0x080021da   0x00000002   PAD
    0x080021dc   0x000003e0   Code   RO         1833    i.NBSendMsg         nbbc95.o
    0x080025bc   0x00000018   Code   RO         1834    i.NBStopTimer       nbbc95.o
    0x080025d4   0x00000274   Code   RO         1537    i.NB_MsgreportCallback  main.o
    0x08002848   0x00000012   Code   RO         1835    i.NB_Strtoul        nbbc95.o
    0x0800285a   0x00000002   PAD
    0x0800285c   0x0000003c   Code   RO         1836    i.NBbc95SendCMD_Usart  nbbc95.o
    0x08002898   0x00000002   Code   RO         1441    i.NMI_Handler       stm32f1xx_it.o
    0x0800289a   0x00000002   PAD
    0x0800289c   0x00000010   Code   RO          966    i.NVIC_GetPriorityGrouping  stm32f1xx_hal_cortex.o
    0x080028ac   0x00000028   Code   RO          967    i.NVIC_SetPriority  stm32f1xx_hal_cortex.o
    0x080028d4   0x00000002   Code   RO         1442    i.PendSV_Handler    stm32f1xx_it.o
    0x080028d6   0x00000002   PAD
    0x080028d8   0x00000028   Code   RO          657    i.RCC_Delay         stm32f1xx_hal_rcc.o
    0x08002900   0x00000014   Code   RO         1837    i.ResetReceBuf      nbbc95.o
    0x08002914   0x00000010   Code   RO         1838    i.ResetState        nbbc95.o
    0x08002924   0x00000002   Code   RO         1443    i.SVC_Handler       stm32f1xx_it.o
    0x08002926   0x0000001e   Code   RO         1839    i.SignNBModule      nbbc95.o
    0x08002944   0x0000000c   Code   RO         1444    i.SysTick_Handler   stm32f1xx_it.o
    0x08002950   0x00000094   Code   RO         1538    i.SystemClock_Config  main.o
    0x080029e4   0x00000058   Code   RO         2189    i.SystemInit        system_stm32f1xx.o
    0x08002a3c   0x0000006c   Code   RO         2143    i.TimerPoll         uarttimerpoll.o
    0x08002aa8   0x0000000c   Code   RO         2144    i.TimerSet          uarttimerpoll.o
    0x08002ab4   0x00000024   Code   RO         2145    i.TimerStart        uarttimerpoll.o
    0x08002ad8   0x0000000c   Code   RO         2146    i.TimerStop         uarttimerpoll.o
    0x08002ae4   0x00000014   Code   RO          350    i.UART_DMAAbortOnError  stm32f1xx_hal_uart.o
    0x08002af8   0x00000050   Code   RO          351    i.UART_DMAError     stm32f1xx_hal_uart.o
    0x08002b48   0x00000046   Code   RO          352    i.UART_DMAReceiveCplt  stm32f1xx_hal_uart.o
    0x08002b8e   0x0000000e   Code   RO          354    i.UART_DMARxHalfCplt  stm32f1xx_hal_uart.o
    0x08002b9c   0x00000036   Code   RO          356    i.UART_DMATransmitCplt  stm32f1xx_hal_uart.o
    0x08002bd2   0x0000000e   Code   RO          358    i.UART_DMATxHalfCplt  stm32f1xx_hal_uart.o
    0x08002be0   0x00000020   Code   RO          360    i.UART_EndRxTransfer  stm32f1xx_hal_uart.o
    0x08002c00   0x00000020   Code   RO          361    i.UART_EndTransmit_IT  stm32f1xx_hal_uart.o
    0x08002c20   0x00000014   Code   RO          362    i.UART_EndTxTransfer  stm32f1xx_hal_uart.o
    0x08002c34   0x000000a6   Code   RO          363    i.UART_Receive_IT   stm32f1xx_hal_uart.o
    0x08002cda   0x00000002   PAD
    0x08002cdc   0x000001c8   Code   RO          364    i.UART_SetConfig    stm32f1xx_hal_uart.o
    0x08002ea4   0x00000068   Code   RO          365    i.UART_Transmit_IT  stm32f1xx_hal_uart.o
    0x08002f0c   0x0000006c   Code   RO          366    i.UART_WaitOnFlagUntilTimeout  stm32f1xx_hal_uart.o
    0x08002f78   0x00000010   Code   RO         1445    i.USART1_IRQHandler  stm32f1xx_it.o
    0x08002f88   0x00000014   Code   RO         1446    i.USART2_IRQHandler  stm32f1xx_it.o
    0x08002f9c   0x00000004   Code   RO         1447    i.UsageFault_Handler  stm32f1xx_it.o
    0x08002fa0   0x00000004   Code   RO         1539    i._Error_Handler    main.o
    0x08002fa4   0x00000020   Code   RO         2452    i.__0printf$8       mc_w.l(printf8.o)
    0x08002fc4   0x00000028   Code   RO         2453    i.__0snprintf$8     mc_w.l(printf8.o)
    0x08002fec   0x00000028   Code   RO         2454    i.__0sprintf$8      mc_w.l(printf8.o)
    0x08003014   0x00000008   Code   RO         2555    i.__aeabi_errno_addr  mc_w.l(errno.o)
    0x0800301c   0x0000000e   Code   RO         2587    i.__scatterload_copy  mc_w.l(handlers.o)
    0x0800302a   0x00000002   Code   RO         2588    i.__scatterload_null  mc_w.l(handlers.o)
    0x0800302c   0x0000000e   Code   RO         2589    i.__scatterload_zeroinit  mc_w.l(handlers.o)
    0x0800303a   0x00000002   PAD
    0x0800303c   0x00000410   Code   RO         2459    i._printf_core      mc_w.l(printf8.o)
    0x0800344c   0x00000024   Code   RO         2460    i._printf_post_padding  mc_w.l(printf8.o)
    0x08003470   0x0000002e   Code   RO         2461    i._printf_pre_padding  mc_w.l(printf8.o)
    0x0800349e   0x00000016   Code   RO         2462    i._snputc           mc_w.l(printf8.o)
    0x080034b4   0x0000000a   Code   RO         2463    i._sputc            mc_w.l(printf8.o)
    0x080034be   0x00000002   PAD
    0x080034c0   0x00000078   Code   RO         1840    i.addr_adjust       nbbc95.o
    0x08003538   0x0000016c   Code   RO         1841    i.bc95Main          nbbc95.o
    0x080036a4   0x00000084   Code   RO         1842    i.bc95ResultHandle  nbbc95.o
    0x08003728   0x00000114   Code   RO         1843    i.bc95_AsynNotification  nbbc95.o
    0x0800383c   0x00000064   Code   RO         1844    i.bc95_SerialReceCallBack  nbbc95.o
    0x080038a0   0x00000010   Code   RO         1845    i.bc95_SetEvent     nbbc95.o
    0x080038b0   0x0000000a   Code   RO         1846    i.bc95_TimerOutCallback  nbbc95.o
    0x080038ba   0x0000001e   Code   RO         1847    i.closeUdpNBModule  nbbc95.o
    0x080038d8   0x00000060   Code   RO         1848    i.closeUdp_bc95     nbbc95.o
    0x08003938   0x00000068   Code   RO         1849    i.cmdIsPass         nbbc95.o
    0x080039a0   0x00000006   Code   RO         1851    i.coapReceIndication_bc95  nbbc95.o
    0x080039a6   0x00000006   Code   RO         1853    i.coapSentIndication_bc95  nbbc95.o
    0x080039ac   0x00000026   Code   RO         1854    i.coapSentMsgNBModule  nbbc95.o
    0x080039d2   0x00000002   PAD
    0x080039d4   0x000000a8   Code   RO         1855    i.coapSentMsg_bc95  nbbc95.o
    0x08003a7c   0x00000026   Code   RO         1856    i.coapServerNBModule  nbbc95.o
    0x08003aa2   0x00000002   PAD
    0x08003aa4   0x00000080   Code   RO         1857    i.coapServer_bc95   nbbc95.o
    0x08003b24   0x0000001e   Code   RO         1858    i.createUDPServerNBModule  nbbc95.o
    0x08003b42   0x00000002   PAD
    0x08003b44   0x0000005c   Code   RO         1859    i.createUDPServer_bc95  nbbc95.o
    0x08003ba0   0x00000034   Code   RO         1768    i.findTail          dma_fun.o
    0x08003bd4   0x000000ac   Code   RO         1860    i.formatATcmd       nbbc95.o
    0x08003c80   0x0000001c   Code   RO         1627    i.fputc             usart.o
    0x08003c9c   0x0000001e   Code   RO         1861    i.getMISIInfo_bc95  nbbc95.o
    0x08003cba   0x0000001e   Code   RO         1862    i.getModuleInfoNBModule  nbbc95.o
    0x08003cd8   0x0000004c   Code   RO         1863    i.getModuleInfo_bc95  nbbc95.o
    0x08003d24   0x0000001e   Code   RO         1864    i.getRegisterInfo_bc95  nbbc95.o
    0x08003d42   0x0000001e   Code   RO         1865    i.initNBModule      nbbc95.o
    0x08003d60   0x00000044   Code   RO         1866    i.initbc95          nbbc95.o
    0x08003da4   0x0000004c   Code   RO         1867    i.isNetSign_bc95    nbbc95.o
    0x08003df0   0x00000328   Code   RO         1540    i.main              main.o
    0x08004118   0x00000028   Code   RO         1868    i.openNBModule      nbbc95.o
    0x08004140   0x00000038   Code   RO         1869    i.openbc95          nbbc95.o
    0x08004178   0x000000fc   Code   RO         1541    i.readNBStateFromUart  main.o
    0x08004274   0x0000007c   Code   RO         1871    i.recFromUdp_bc95   nbbc95.o
    0x080042f0   0x00000026   Code   RO         1872    i.sendToUdpNBModule  nbbc95.o
    0x08004316   0x00000002   PAD
    0x08004318   0x000000f4   Code   RO         1873    i.sendToUdp_bc95    nbbc95.o
    0x0800440c   0x00000034   Code   RO         1769    i.usartDMA_Avail    dma_fun.o
    0x08004440   0x00000058   Code   RO         1770    i.usartDMA_Init     dma_fun.o
    0x08004498   0x00000154   Code   RO         1771    i.usartDMA_Poll_RecAvail  dma_fun.o
    0x080045ec   0x00000064   Code   RO         1772    i.usartDMA_Read     dma_fun.o
    0x08004650   0x00000094   Code   RO         1773    i.usartDMA_Write    dma_fun.o
    0x080046e4   0x00000018   Code   RO         1628    i.usart_dma_send    usart.o
    0x080046fc   0x00000058   Data   RO         1875    .constdata          nbbc95.o
    0x08004754   0x00000018   Data   RO         2190    .constdata          system_stm32f1xx.o
    0x0800476c   0x00000081   Data   RO         2528    .constdata          mc_w.l(ctype_o.o)
    0x080047ed   0x00000003   PAD
    0x080047f0   0x00000004   Data   RO         2529    .constdata          mc_w.l(ctype_o.o)
    0x080047f4   0x000000e9   Data   RO         1876    .conststring        nbbc95.o
    0x080048dd   0x00000003   PAD
    0x080048e0   0x00000020   Data   RO         2585    Region$$Table       anon$$obj.o


    Execution Region RW_IRAM1 (Base: 0x20000000, Size: 0x00000e60, Max: 0x00005000, ABSOLUTE)

    Base Addr    Size         Type   Attr      Idx    E Section Name        Object

    0x20000000   0x00000009   Data   RW         1150    .data               stm32f1xx_hal.o
    0x20000009   0x00000003   PAD
    0x2000000c   0x00000007   Data   RW         1542    .data               main.o
    0x20000013   0x00000001   PAD
    0x20000014   0x00000004   Data   RW         1630    .data               usart.o
    0x20000018   0x00000008   Data   RW         1775    .data               dma_fun.o
    0x20000020   0x00000076   Data   RW         1877    .data               nbbc95.o
    0x20000096   0x00000002   PAD
    0x20000098   0x00000030   Data   RW         2119    .data               nbbc95_cfg.o
    0x200000c8   0x0000000d   Data   RW         2147    .data               uarttimerpoll.o
    0x200000d5   0x00000003   PAD
    0x200000d8   0x00000004   Data   RW         2191    .data               system_stm32f1xx.o
    0x200000dc   0x00000004   Data   RW         2238    .data               mc_w.l(strtok.o)
    0x200000e0   0x00000004   Data   RW         2522    .data               mc_w.l(stdout.o)
    0x200000e4   0x00000004   Data   RW         2558    .data               mc_w.l(errno.o)
    0x200000e8   0x00000208   Zero   RW         1629    .bss                usart.o
    0x200002f0   0x00000318   Zero   RW         1774    .bss                dma_fun.o
    0x20000608   0x00000454   Zero   RW         1874    .bss                nbbc95.o
    0x20000a5c   0x00000004   PAD
    0x20000a60   0x00000400   Zero   RW            1    STACK               startup_stm32f103xb.o


==============================================================================

Image component sizes


      Code (inc. data)   RO Data    RW Data    ZI Data      Debug   Object Name

        68          4          0          0          0        742   dma.o
       860         62          0          8        792       5281   dma_fun.o
        88          4          0          0          0        803   gpio.o
      1916        794          0          7          0       8541   main.o
      4818        604        321        118       1108      30086   nbbc95.o
         0          0          0         48          0        358   nbbc95_cfg.o
        36          8        236          0       1024        812   startup_stm32f103xb.o
       192         36          0          9          0       3857   stm32f1xx_hal.o
       376         28          0          0          0      28515   stm32f1xx_hal_cortex.o
       996         16          0          0          0       4811   stm32f1xx_hal_dma.o
      1108         56          0          0          0       2898   stm32f1xx_hal_gpio.o
       140          8          0          0          0        910   stm32f1xx_hal_msp.o
      1772        108          0          0          0       5960   stm32f1xx_hal_rcc.o
         0          0          0          0          0     406588   stm32f1xx_hal_tim.o
      2300         40          0          0          0      15020   stm32f1xx_hal_uart.o
       104         22          0          0          0       5768   stm32f1xx_it.o
        88         18         24          4          0       1183   system_stm32f1xx.o
       168         40          0         13          0       2318   uarttimerpoll.o
       832        174          0          4        520       7412   usart.o

    ----------------------------------------------------------------------
     15890       2022        616        220       3448     531863   Object Totals
         0          0         32          0          0          0   (incl. Generated)
        28          0          3          9          4          0   (incl. Padding)

    ----------------------------------------------------------------------

      Code (inc. data)   RO Data    RW Data    ZI Data      Debug   Library Member Name

        28          0          0          0          0         68   _chval.o
       158          0          0          0          0         92   _strtoul.o
         8          4        133          0          0         68   ctype_o.o
         0          0          0          0          0          0   entry.o
         0          0          0          0          0          0   entry10a.o
         0          0          0          0          0          0   entry11a.o
         8          4          0          0          0          0   entry2.o
         4          0          0          0          0          0   entry5.o
         0          0          0          0          0          0   entry7b.o
         0          0          0          0          0          0   entry8b.o
         8          4          0          0          0          0   entry9a.o
         8          4          0          4          0         68   errno.o
        30          0          0          0          0          0   handlers.o
        36          8          0          0          0         68   init.o
        30          0          0          0          0         68   llshl.o
        32          0          0          0          0         68   llushr.o
        36          0          0          0          0         68   memcpya.o
        36          0          0          0          0        108   memseta.o
      1266         64          0          0          0        656   printf8.o
         0          0          0          4          0          0   stdout.o
        20          0          0          0          0         68   strchr.o
        14          0          0          0          0         68   strlen.o
        36          0          0          0          0         80   strstr.o
        68          6          0          4          0         80   strtok.o
       114          0          0          0          0         92   strtoul.o
        98          0          0          0          0         92   uldiv.o

    ----------------------------------------------------------------------
      2046         94        136         12          0       1812   Library Totals
         8          0          3          0          0          0   (incl. Padding)

    ----------------------------------------------------------------------

      Code (inc. data)   RO Data    RW Data    ZI Data      Debug   Library Name

      2038         94        133         12          0       1812   mc_w.l

    ----------------------------------------------------------------------
      2046         94        136         12          0       1812   Library Totals

    ----------------------------------------------------------------------

==============================================================================


      Code (inc. data)   RO Data    RW Data    ZI Data      Debug   

     17936       2116        752        232       3448     525923   Grand Totals
     17936       2116        752        232       3448     525923   ELF Image Totals
     17936       2116        752        232          0          0   ROM Totals

==============================================================================

    Total RO  Size (Code + RO Data)                18688 (  18.25kB)
    Total RW  Size (RW Data + ZI Data)              3680 (   3.59kB)
    Total ROM Size (Code + RO Data + RW Data)      18920 (  18.48kB)

==============================================================================

